
> innova@0.0.1 start:dev
> nest start --watch

[2J[3J[H[[90m23:53:06[0m] Starting compilation in watch mode...

[96msrc/acl/acl.service.ts[0m:[93m138[0m:[93m56[0m - [91merror[0m[90m TS2322: [0mType '{ name: string; action: string; subject: string; }' is not assignable to type '(Without<PermissionCreateInput, PermissionUncheckedCreateInput> & PermissionUncheckedCreateInput) | (Without<...> & PermissionCreateInput)'.
  Type '{ name: string; action: string; subject: string; }' is not assignable to type 'Without<PermissionUncheckedCreateInput, PermissionCreateInput> & PermissionCreateInput'.
    Property 'role' is missing in type '{ name: string; action: string; subject: string; }' but required in type 'PermissionCreateInput'.

[7m138[0m     const perm = await this.prisma.permission.create({ data: { name, action, subject } });
[7m   [0m [91m                                                       ~~~~[0m

  [96mnode_modules/.prisma/client/index.d.ts[0m:[93m373258[0m:[93m5[0m
    [7m373258[0m     role: RoleCreateNestedOneWithoutPermissionsInput
    [7m      [0m [96m    ~~~~[0m
    'role' is declared here.
  [96mnode_modules/.prisma/client/index.d.ts[0m:[93m42750[0m:[93m5[0m
    [7m42750[0m     data: XOR<PermissionCreateInput, PermissionUncheckedCreateInput>
    [7m     [0m [96m    ~~~~[0m
    The expected type comes from property 'data' which is declared here on type '{ select?: PermissionSelect<DefaultArgs>; omit?: PermissionOmit<DefaultArgs>; include?: PermissionInclude<DefaultArgs>; data: (Without<...> & PermissionUncheckedCreateInput) | (Without<...> & PermissionCreateInput); }'

[96msrc/acl/acl.service.ts[0m:[93m472[0m:[93m11[0m - [91merror[0m[90m TS2322: [0mType '{ name: string; action: string; subject: string; }' is not assignable to type '(Without<PermissionCreateInput, PermissionUncheckedCreateInput> & PermissionUncheckedCreateInput) | (Without<...> & PermissionCreateInput)'.
  Type '{ name: string; action: string; subject: string; }' is not assignable to type 'Without<PermissionUncheckedCreateInput, PermissionCreateInput> & PermissionCreateInput'.
    Property 'role' is missing in type '{ name: string; action: string; subject: string; }' but required in type 'PermissionCreateInput'.

[7m472[0m           data: { name: p.name, action: p.action, subject: p.subject },
[7m   [0m [91m          ~~~~[0m

  [96mnode_modules/.prisma/client/index.d.ts[0m:[93m373258[0m:[93m5[0m
    [7m373258[0m     role: RoleCreateNestedOneWithoutPermissionsInput
    [7m      [0m [96m    ~~~~[0m
    'role' is declared here.
  [96mnode_modules/.prisma/client/index.d.ts[0m:[93m42750[0m:[93m5[0m
    [7m42750[0m     data: XOR<PermissionCreateInput, PermissionUncheckedCreateInput>
    [7m     [0m [96m    ~~~~[0m
    The expected type comes from property 'data' which is declared here on type '{ select?: PermissionSelect<DefaultArgs>; omit?: PermissionOmit<DefaultArgs>; include?: PermissionInclude<DefaultArgs>; data: (Without<...> & PermissionUncheckedCreateInput) | (Without<...> & PermissionCreateInput); }'

[96msrc/api-integration/api-integration.service.ts[0m:[93m160[0m:[93m11[0m - [91merror[0m[90m TS2353: [0mObject literal may only specify known properties, and 'latencyMs' does not exist in type '(Without<ApiIntegrationLogCreateInput, ApiIntegrationLogUncheckedCreateInput> & ApiIntegrationLogUncheckedCreateInput) | (Without<...> & ApiIntegrationLogCreateInput)'.

[7m160[0m           latencyMs },
[7m   [0m [91m          ~~~~~~~~~[0m

  [96mnode_modules/.prisma/client/index.d.ts[0m:[93m261978[0m:[93m5[0m
    [7m261978[0m     data: XOR<ApiIntegrationLogCreateInput, ApiIntegrationLogUncheckedCreateInput>
    [7m      [0m [96m    ~~~~[0m
    The expected type comes from property 'data' which is declared here on type '{ select?: ApiIntegrationLogSelect<DefaultArgs>; omit?: ApiIntegrationLogOmit<DefaultArgs>; data: (Without<...> & ApiIntegrationLogUncheckedCreateInput) | (Without<...> & ApiIntegrationLogCreateInput); }'

[96msrc/api-integration/api-integration.service.ts[0m:[93m168[0m:[93m127[0m - [91merror[0m[90m TS2353: [0mObject literal may only specify known properties, and 'latencyMs' does not exist in type '(Without<ApiIntegrationLogCreateInput, ApiIntegrationLogUncheckedCreateInput> & ApiIntegrationLogUncheckedCreateInput) | (Without<...> & ApiIntegrationLogCreateInput)'.

[7m168[0m         data: { integrationId: id, status: 'ERROR', message: (err instanceof Error ? err.message : String(err)) ?? 'Timeout', latencyMs },
[7m   [0m [91m                                                                                                                              ~~~~~~~~~[0m

  [96mnode_modules/.prisma/client/index.d.ts[0m:[93m261978[0m:[93m5[0m
    [7m261978[0m     data: XOR<ApiIntegrationLogCreateInput, ApiIntegrationLogUncheckedCreateInput>
    [7m      [0m [96m    ~~~~[0m
    The expected type comes from property 'data' which is declared here on type '{ select?: ApiIntegrationLogSelect<DefaultArgs>; omit?: ApiIntegrationLogOmit<DefaultArgs>; data: (Without<...> & ApiIntegrationLogUncheckedCreateInput) | (Without<...> & ApiIntegrationLogCreateInput); }'

[96msrc/api-integration/api-integration.service.ts[0m:[93m448[0m:[93m18[0m - [91merror[0m[90m TS2353: [0mObject literal may only specify known properties, and 'latencyMs' does not exist in type 'ApiIntegrationLogAvgAggregateInputType'.

[7m448[0m         _avg:  { latencyMs: true },
[7m   [0m [91m                 ~~~~~~~~~[0m

  [96mnode_modules/.prisma/client/index.d.ts[0m:[93m261228[0m:[93m5[0m
    [7m261228[0m     _avg?: ApiIntegrationLogAvgAggregateInputType
    [7m      [0m [96m    ~~~~[0m
    The expected type comes from property '_avg' which is declared here on type 'Subset<ApiIntegrationLogAggregateArgs<DefaultArgs>, ApiIntegrationLogAggregateArgs<DefaultArgs>>'

[96msrc/api-integration/api-integration.service.ts[0m:[93m472[0m:[93m44[0m - [91merror[0m[90m TS2339: [0mProperty 'latencyMs' does not exist on type '{ latencyMs: any; } | { id?: number; integrationId?: number; statusCode?: number; }'.
  Property 'latencyMs' does not exist on type '{ id?: number; integrationId?: number; statusCode?: number; }'.

[7m472[0m         avgLatencyMs:      avgLatency._avg.latencyMs ? +avgLatency._avg.latencyMs.toFixed(0) : null,
[7m   [0m [91m                                           ~~~~~~~~~[0m

[96msrc/api-integration/api-integration.service.ts[0m:[93m472[0m:[93m73[0m - [91merror[0m[90m TS2339: [0mProperty 'latencyMs' does not exist on type '{ latencyMs: any; } | { id?: number; integrationId?: number; statusCode?: number; }'.
  Property 'latencyMs' does not exist on type '{ id?: number; integrationId?: number; statusCode?: number; }'.

[7m472[0m         avgLatencyMs:      avgLatency._avg.latencyMs ? +avgLatency._avg.latencyMs.toFixed(0) : null,
[7m   [0m [91m                                                                        ~~~~~~~~~[0m

[96msrc/audit/audit.service.ts[0m:[93m164[0m:[93m13[0m - [91merror[0m[90m TS2322: [0mType '{}' is not assignable to type 'string'.

[7m164[0m             metadata: {},
[7m   [0m [91m            ~~~~~~~~[0m

  [96mnode_modules/.prisma/client/index.d.ts[0m:[93m387079[0m:[93m5[0m
    [7m387079[0m     metadata?: string | null
    [7m      [0m [96m    ~~~~~~~~[0m
    The expected type comes from property 'metadata' which is declared here on type '(Without<NotificationLogCreateInput, NotificationLogUncheckedCreateInput> & NotificationLogUncheckedCreateInput) | (Without<...> & NotificationLogCreateInput)'

[96msrc/automation/automation.service.ts[0m:[93m368[0m:[93m17[0m - [91merror[0m[90m TS2322: [0mType '{}' is not assignable to type 'string'.

[7m368[0m                 metadata: {} },
[7m   [0m [91m                ~~~~~~~~[0m

  [96mnode_modules/.prisma/client/index.d.ts[0m:[93m387079[0m:[93m5[0m
    [7m387079[0m     metadata?: string | null
    [7m      [0m [96m    ~~~~~~~~[0m
    The expected type comes from property 'metadata' which is declared here on type '(Without<NotificationLogCreateInput, NotificationLogUncheckedCreateInput> & NotificationLogUncheckedCreateInput) | (Without<...> & NotificationLogCreateInput)'

[96msrc/automation/automation.service.ts[0m:[93m428[0m:[93m11[0m - [91merror[0m[90m TS2322: [0mType '{}' is not assignable to type 'string'.

[7m428[0m           metadata: {} },
[7m   [0m [91m          ~~~~~~~~[0m

  [96mnode_modules/.prisma/client/index.d.ts[0m:[93m387079[0m:[93m5[0m
    [7m387079[0m     metadata?: string | null
    [7m      [0m [96m    ~~~~~~~~[0m
    The expected type comes from property 'metadata' which is declared here on type '(Without<NotificationLogCreateInput, NotificationLogUncheckedCreateInput> & NotificationLogUncheckedCreateInput) | (Without<...> & NotificationLogCreateInput)'

[96msrc/automation/automation.service.ts[0m:[93m446[0m:[93m13[0m - [91merror[0m[90m TS2322: [0mType '{}' is not assignable to type 'string'.

[7m446[0m             metadata: {} },
[7m   [0m [91m            ~~~~~~~~[0m

  [96mnode_modules/.prisma/client/index.d.ts[0m:[93m387079[0m:[93m5[0m
    [7m387079[0m     metadata?: string | null
    [7m      [0m [96m    ~~~~~~~~[0m
    The expected type comes from property 'metadata' which is declared here on type '(Without<NotificationLogCreateInput, NotificationLogUncheckedCreateInput> & NotificationLogUncheckedCreateInput) | (Without<...> & NotificationLogCreateInput)'

[96msrc/avatar-training/avatar-training.service.ts[0m:[93m251[0m:[93m9[0m - [91merror[0m[90m TS2353: [0mObject literal may only specify known properties, and 'turns' does not exist in type 'AvatarScenarioInclude<DefaultArgs>'.

[7m251[0m         turns:      { orderBy: { order: 'asc' } },
[7m   [0m [91m        ~~~~~[0m

  [96mnode_modules/.prisma/client/index.d.ts[0m:[93m272880[0m:[93m5[0m
    [7m272880[0m     include?: AvatarScenarioInclude<ExtArgs> | null
    [7m      [0m [96m    ~~~~~~~[0m
    The expected type comes from property 'include' which is declared here on type '{ select?: AvatarScenarioSelect<DefaultArgs>; omit?: AvatarScenarioOmit<DefaultArgs>; include?: AvatarScenarioInclude<DefaultArgs>; where: AvatarScenarioWhereUniqueInput; }'

[96msrc/avatar-training/avatar-training.service.ts[0m:[93m305[0m:[93m51[0m - [91merror[0m[90m TS2353: [0mObject literal may only specify known properties, and 'turns' does not exist in type 'AvatarScenarioInclude<DefaultArgs>'.

[7m305[0m         scenario:  { include: { competency: true, turns: { orderBy: { order: 'asc' }, take: 1 } } },
[7m   [0m [91m                                                  ~~~~~[0m

[96msrc/avatar-training/avatar-training.service.ts[0m:[93m331[0m:[93m11[0m - [91merror[0m[90m TS2353: [0mObject literal may only specify known properties, and 'turns' does not exist in type 'AvatarScenarioInclude<DefaultArgs>'.

[7m331[0m           turns:  { orderBy: { order: 'asc' } },
[7m   [0m [91m          ~~~~~[0m

[96msrc/avatar-training/avatar-training.service.ts[0m:[93m555[0m:[93m59[0m - [91merror[0m[90m TS2353: [0mObject literal may only specify known properties, and 'turns' does not exist in type 'AvatarScenarioInclude<DefaultArgs>'.

[7m555[0m       include: { scenario: { include: { competency: true, turns: { orderBy: { order: 'asc' } } } } },
[7m   [0m [91m                                                          ~~~~~[0m

[96msrc/avatar-training/avatar-training.service.ts[0m:[93m649[0m:[93m7[0m - [91merror[0m[90m TS2615: [0mType of property 'AND' circularly references itself in mapped type '{ [K in keyof { AND?: AvatarScenarioScalarWhereWithAggregatesInput | AvatarScenarioScalarWhereWithAggregatesInput[]; ... 8 more ...; createdAt?: string | ... 1 more ... | DateTimeWithAggregatesFilter<...>; }]: Or<...> extends 1 ? { ...; }[K] extends infer TK ? GetHavingFields<...> : never : {} extends FieldPaths<......'.

[7m649[0m       this.prisma.avatarScenario.groupBy({
[7m   [0m [91m      ~~~~~~~~~~~~~~~~~~~~~~~~~~~~~~~~~~~~[0m
[7m650[0m         by:     ['category'],
[7m   [0m [91m~~~~~~~~~~~~~~~~~~~~~~~~~~~~~[0m
[7m...[0m 
[7m652[0m         _count: { id: true },
[7m   [0m [91m~~~~~~~~~~~~~~~~~~~~~~~~~~~~~[0m
[7m653[0m       }).catch(() => [] as any[]),
[7m   [0m [91m~~~~~~~~[0m

[96msrc/avatar-training/avatar-training.service.ts[0m:[93m649[0m:[93m7[0m - [91merror[0m[90m TS2615: [0mType of property 'NOT' circularly references itself in mapped type '{ [K in keyof { AND?: AvatarScenarioScalarWhereWithAggregatesInput | AvatarScenarioScalarWhereWithAggregatesInput[]; ... 8 more ...; createdAt?: string | ... 1 more ... | DateTimeWithAggregatesFilter<...>; }]: Or<...> extends 1 ? { ...; }[K] extends infer TK ? GetHavingFields<...> : never : {} extends FieldPaths<......'.

[7m649[0m       this.prisma.avatarScenario.groupBy({
[7m   [0m [91m      ~~~~~~~~~~~~~~~~~~~~~~~~~~~~~~~~~~~~[0m
[7m650[0m         by:     ['category'],
[7m   [0m [91m~~~~~~~~~~~~~~~~~~~~~~~~~~~~~[0m
[7m...[0m 
[7m652[0m         _count: { id: true },
[7m   [0m [91m~~~~~~~~~~~~~~~~~~~~~~~~~~~~~[0m
[7m653[0m       }).catch(() => [] as any[]),
[7m   [0m [91m~~~~~~~~[0m

[96msrc/avatar-training/avatar-training.service.ts[0m:[93m649[0m:[93m7[0m - [91merror[0m[90m TS2615: [0mType of property 'OR' circularly references itself in mapped type '{ [K in keyof { AND?: AvatarScenarioScalarWhereWithAggregatesInput | AvatarScenarioScalarWhereWithAggregatesInput[]; ... 8 more ...; createdAt?: string | ... 1 more ... | DateTimeWithAggregatesFilter<...>; }]: Or<...> extends 1 ? { ...; }[K] extends infer TK ? GetHavingFields<...> : never : {} extends FieldPaths<......'.

[7m649[0m       this.prisma.avatarScenario.groupBy({
[7m   [0m [91m      ~~~~~~~~~~~~~~~~~~~~~~~~~~~~~~~~~~~~[0m
[7m650[0m         by:     ['category'],
[7m   [0m [91m~~~~~~~~~~~~~~~~~~~~~~~~~~~~~[0m
[7m...[0m 
[7m652[0m         _count: { id: true },
[7m   [0m [91m~~~~~~~~~~~~~~~~~~~~~~~~~~~~~[0m
[7m653[0m       }).catch(() => [] as any[]),
[7m   [0m [91m~~~~~~~~[0m

[96msrc/avatar-training/avatar-training.service.ts[0m:[93m659[0m:[93m56[0m - [91merror[0m[90m TS2353: [0mObject literal may only specify known properties, and 'category' does not exist in type 'AvatarScenarioSelect<DefaultArgs>'.

[7m659[0m           scenario: { select: { id: true, title: true, category: true } },
[7m   [0m [91m                                                       ~~~~~~~~[0m

[96msrc/avatar-training/avatar-training.service.ts[0m:[93m674[0m:[93m122[0m - [91merror[0m[90m TS2353: [0mObject literal may only specify known properties, and 'category' does not exist in type 'AvatarScenarioSelect<DefaultArgs>'.

[7m674[0m       ? await this.prisma.avatarScenario.findMany({ where: { id: { in: scenarioIds } }, select: { id: true, title: true, category: true } })
[7m   [0m [91m                                                                                                                         ~~~~~~~~[0m

  [96mnode_modules/.prisma/client/index.d.ts[0m:[93m273020[0m:[93m5[0m
    [7m273020[0m     select?: AvatarScenarioSelect<ExtArgs> | null
    [7m      [0m [96m    ~~~~~~[0m
    The expected type comes from property 'select' which is declared here on type '{ select?: AvatarScenarioSelect<DefaultArgs>; omit?: AvatarScenarioOmit<DefaultArgs>; include?: AvatarScenarioInclude<DefaultArgs>; ... 5 more ...; distinct?: AvatarScenarioScalarFieldEnum | AvatarScenarioScalarFieldEnum[]; }'

[96msrc/avatar-training/avatar-training.service.ts[0m:[93m700[0m:[93m40[0m - [91merror[0m[90m TS2353: [0mObject literal may only specify known properties, and 'category' does not exist in type 'AvatarScenarioSelect<DefaultArgs>'.

[7m700[0m       include: { scenario: { select: { category: true, difficulty: true, title: true } } },
[7m   [0m [91m                                       ~~~~~~~~[0m

[96msrc/avatar-training/avatar-training.service.ts[0m:[93m706[0m:[93m22[0m - [91merror[0m[90m TS2551: [0mProperty 'scenario' does not exist on type '{ id: number; status: string; userId: number; startedAt: Date; completedAt: Date; score: number; feedback: string; scenarioId: number; }'. Did you mean 'scenarioId'?

[7m706[0m       const cat = (s.scenario as any)?.category ?? 'OTHER';
[7m   [0m [91m                     ~~~~~~~~[0m

[96msrc/avatar-training/avatar-training.service.ts[0m:[93m732[0m:[93m19[0m - [91merror[0m[90m TS2551: [0mProperty 'scenario' does not exist on type '{ id: number; status: string; userId: number; startedAt: Date; completedAt: Date; score: number; feedback: string; scenarioId: number; }'. Did you mean 'scenarioId'?

[7m732[0m         title: (s.scenario as any)?.title,
[7m   [0m [91m                  ~~~~~~~~[0m

[96msrc/career-plans/career-plans.service.ts[0m:[93m106[0m:[93m11[0m - [91merror[0m[90m TS2322: [0mType '{ roleId: number; order: number; label: string; }[]' is not assignable to type '(Without<CareerPathStepCreateWithoutCareerPathInput, CareerPathStepUncheckedCreateWithoutCareerPathInput> & CareerPathStepUncheckedCreateWithoutCareerPathInput) | (Without<...> & CareerPathStepCreateWithoutCareerPathInput) | CareerPathStepCreateWithoutCareerPathInput[] | CareerPathStepUncheckedCreateWithoutCareerPat...'.
  Type '{ roleId: number; order: number; label: string; }[]' is not assignable to type 'CareerPathStepCreateWithoutCareerPathInput[]'.
    Type '{ roleId: number; order: number; label: string; }' is missing the following properties from type 'CareerPathStepCreateWithoutCareerPathInput': role, position

[7m106[0m           create: steps.map(s => ({ roleId: s.roleId, order: s.order, label: s.label })),
[7m   [0m [91m          ~~~~~~[0m

  [96mnode_modules/.prisma/client/index.d.ts[0m:[93m423076[0m:[93m5[0m
    [7m423076[0m     create?: XOR<CareerPathStepCreateWithoutCareerPathInput, CareerPathStepUncheckedCreateWithoutCareerPathInput> | CareerPathStepCreateWithoutCareerPathInput[] | CareerPathStepUncheckedCreateWithoutCareerPathInput[]
    [7m      [0m [96m    ~~~~~~[0m
    The expected type comes from property 'create' which is declared here on type 'CareerPathStepUncheckedCreateNestedManyWithoutCareerPathInput | CareerPathStepCreateNestedManyWithoutCareerPathInput'

[96msrc/career-plans/career-plans.service.ts[0m:[93m116[0m:[93m63[0m - [91merror[0m[90m TS2322: [0mType '{ department?: { contains: string; mode: string; }; active: true; }' is not assignable to type 'CareerPathWhereInput'.
  Types of property 'department' are incompatible.
    Object literal may only specify known properties, and 'contains' does not exist in type '(Without<DepartmentNullableScalarRelationFilter, DepartmentWhereInput> & DepartmentWhereInput) | (Without<...> & DepartmentNullableScalarRelationFilter)'.

[7m116[0m       where: { active: true, ...(department ? { department: { contains: department, mode: 'insensitive' } } : {}) },
[7m   [0m [91m                                                              ~~~~~~~~[0m

  [96mnode_modules/.prisma/client/index.d.ts[0m:[93m59228[0m:[93m5[0m
    [7m59228[0m     where?: CareerPathWhereInput
    [7m     [0m [96m    ~~~~~[0m
    The expected type comes from property 'where' which is declared here on type '{ select?: CareerPathSelect<DefaultArgs>; omit?: CareerPathOmit<DefaultArgs>; include?: CareerPathInclude<DefaultArgs>; ... 5 more ...; distinct?: CareerPathScalarFieldEnum | CareerPathScalarFieldEnum[]; }'

[96msrc/career-plans/career-plans.service.ts[0m:[93m318[0m:[93m81[0m - [91merror[0m[90m TS2322: [0mType 'string' is not assignable to type 'number'.

[7m318[0m     await this.audit.log({ action: 'CAREER_PLAN_CREATED', entity: 'CareerPlan', entityId: String(plan.id), userId: createdById });
[7m   [0m [91m                                                                                ~~~~~~~~[0m

  [96msrc/common/services/audit.service.ts[0m:[93m9[0m:[93m3[0m
    [7m9[0m   entityId?:   number;
    [7m [0m [96m  ~~~~~~~~[0m
    The expected type comes from property 'entityId' which is declared here on type 'AuditLogInput'

[96msrc/career-plans/career-plans.service.ts[0m:[93m419[0m:[93m87[0m - [91merror[0m[90m TS2322: [0mType 'string' is not assignable to type 'number'.

[7m419[0m     await this.audit.log({ action: 'PROMOTION_REQUESTED', entity: 'PromotionRequest', entityId: String(promotion.id), userId: requestedById });
[7m   [0m [91m                                                                                      ~~~~~~~~[0m

  [96msrc/common/services/audit.service.ts[0m:[93m9[0m:[93m3[0m
    [7m9[0m   entityId?:   number;
    [7m [0m [96m  ~~~~~~~~[0m
    The expected type comes from property 'entityId' which is declared here on type 'AuditLogInput'

[96msrc/career-plans/career-plans.service.ts[0m:[93m466[0m:[93m90[0m - [91merror[0m[90m TS2322: [0mType 'string' is not assignable to type 'number'.

[7m466[0m     await this.audit.log({ action: `PROMOTION_${newStatus}`, entity: 'PromotionRequest', entityId: String(id), userId: reviewerId });
[7m   [0m [91m                                                                                         ~~~~~~~~[0m

  [96msrc/common/services/audit.service.ts[0m:[93m9[0m:[93m3[0m
    [7m9[0m   entityId?:   number;
    [7m [0m [96m  ~~~~~~~~[0m
    The expected type comes from property 'entityId' which is declared here on type 'AuditLogInput'

[96msrc/career/career.service.ts[0m:[93m44[0m:[93m54[0m - [91merror[0m[90m TS2353: [0mObject literal may only specify known properties, and 'name' does not exist in type 'CareerPositionSelect<DefaultArgs>'.

[7m44[0m           include: { position: { select: { id: true, name: true, level: true } } },
[7m  [0m [91m                                                     ~~~~[0m

[96msrc/career/career.service.ts[0m:[93m99[0m:[93m24[0m - [91merror[0m[90m TS2551: [0mProperty 'position' does not exist on type '{ email: string; password: string; fullName: string; unitId: number; departmentId: number; positionId: number; id: number; employeeNumber: string; avatarUrl: string; phone: string; birthDate: Date; ... 13 more ...; managerId: number; }'. Did you mean 'positionId'?

[7m99[0m         position: user.position,
[7m  [0m [91m                       ~~~~~~~~[0m

[96msrc/career/career.service.ts[0m:[93m100[0m:[93m26[0m - [91merror[0m[90m TS2551: [0mProperty 'department' does not exist on type '{ email: string; password: string; fullName: string; unitId: number; departmentId: number; positionId: number; id: number; employeeNumber: string; avatarUrl: string; phone: string; birthDate: Date; ... 13 more ...; managerId: number; }'. Did you mean 'departmentId'?

[7m100[0m         department: user.department,
[7m   [0m [91m                         ~~~~~~~~~~[0m

[96msrc/career/career.service.ts[0m:[93m101[0m:[93m23[0m - [91merror[0m[90m TS2551: [0mProperty 'manager' does not exist on type '{ email: string; password: string; fullName: string; unitId: number; departmentId: number; positionId: number; id: number; employeeNumber: string; avatarUrl: string; phone: string; birthDate: Date; ... 13 more ...; managerId: number; }'. Did you mean 'managerId'?

[7m101[0m         manager: user.manager,
[7m   [0m [91m                      ~~~~~~~[0m

[96msrc/career/career.service.ts[0m:[93m102[0m:[93m23[0m - [91merror[0m[90m TS2339: [0mProperty 'profile' does not exist on type '{ email: string; password: string; fullName: string; unitId: number; departmentId: number; positionId: number; id: number; employeeNumber: string; avatarUrl: string; phone: string; birthDate: Date; ... 13 more ...; managerId: number; }'.

[7m102[0m         profile: user.profile,
[7m   [0m [91m                      ~~~~~~~[0m

[96msrc/career/career.service.ts[0m:[93m103[0m:[93m22[0m - [91merror[0m[90m TS2339: [0mProperty 'points' does not exist on type '{ email: string; password: string; fullName: string; unitId: number; departmentId: number; positionId: number; id: number; employeeNumber: string; avatarUrl: string; phone: string; birthDate: Date; ... 13 more ...; managerId: number; }'.

[7m103[0m         points: user.points,
[7m   [0m [91m                     ~~~~~~[0m

[96msrc/career/career.service.ts[0m:[93m105[0m:[93m24[0m - [91merror[0m[90m TS2339: [0mProperty 'userCareerPlans' does not exist on type '{ email: string; password: string; fullName: string; unitId: number; departmentId: number; positionId: number; id: number; employeeNumber: string; avatarUrl: string; phone: string; birthDate: Date; ... 13 more ...; managerId: number; }'.

[7m105[0m       careerPlan: user.userCareerPlans[0] ?? null,
[7m   [0m [91m                       ~~~~~~~~~~~~~~~[0m

[96msrc/career/career.service.ts[0m:[93m106[0m:[93m26[0m - [91merror[0m[90m TS2339: [0mProperty 'userCompetencies' does not exist on type '{ email: string; password: string; fullName: string; unitId: number; departmentId: number; positionId: number; id: number; employeeNumber: string; avatarUrl: string; phone: string; birthDate: Date; ... 13 more ...; managerId: number; }'.

[7m106[0m       competencies: user.userCompetencies,
[7m   [0m [91m                         ~~~~~~~~~~~~~~~~[0m

[96msrc/career/career.service.ts[0m:[93m107[0m:[93m27[0m - [91merror[0m[90m TS2339: [0mProperty 'careers' does not exist on type '{ email: string; password: string; fullName: string; unitId: number; departmentId: number; positionId: number; id: number; employeeNumber: string; avatarUrl: string; phone: string; birthDate: Date; ... 13 more ...; managerId: number; }'.

[7m107[0m       careerHistory: user.careers,
[7m   [0m [91m                          ~~~~~~~[0m

[96msrc/career/career.service.ts[0m:[93m108[0m:[93m26[0m - [91merror[0m[90m TS2339: [0mProperty 'certificates' does not exist on type '{ email: string; password: string; fullName: string; unitId: number; departmentId: number; positionId: number; id: number; employeeNumber: string; avatarUrl: string; phone: string; birthDate: Date; ... 13 more ...; managerId: number; }'.

[7m108[0m       certificates: user.certificates,
[7m   [0m [91m                         ~~~~~~~~~~~~[0m

[96msrc/career/career.service.ts[0m:[93m109[0m:[93m30[0m - [91merror[0m[90m TS2339: [0mProperty 'enrollments' does not exist on type '{ email: string; password: string; fullName: string; unitId: number; departmentId: number; positionId: number; id: number; employeeNumber: string; avatarUrl: string; phone: string; birthDate: Date; ... 13 more ...; managerId: number; }'.

[7m109[0m       completedCourses: user.enrollments,
[7m   [0m [91m                             ~~~~~~~~~~~[0m

[96msrc/career/career.service.ts[0m:[93m110[0m:[93m32[0m - [91merror[0m[90m TS2339: [0mProperty 'performanceReviews' does not exist on type '{ email: string; password: string; fullName: string; unitId: number; departmentId: number; positionId: number; id: number; employeeNumber: string; avatarUrl: string; phone: string; birthDate: Date; ... 13 more ...; managerId: number; }'.

[7m110[0m       performanceHistory: user.performanceReviews,
[7m   [0m [91m                               ~~~~~~~~~~~~~~~~~~[0m

[96msrc/career/career.service.ts[0m:[93m111[0m:[93m28[0m - [91merror[0m[90m TS2339: [0mProperty 'successionPlans' does not exist on type '{ email: string; password: string; fullName: string; unitId: number; departmentId: number; positionId: number; id: number; employeeNumber: string; avatarUrl: string; phone: string; birthDate: Date; ... 13 more ...; managerId: number; }'.

[7m111[0m       successionPlan: user.successionPlans[0] ?? null,
[7m   [0m [91m                           ~~~~~~~~~~~~~~~[0m

[96msrc/career/career.service.ts[0m:[93m112[0m:[93m20[0m - [91merror[0m[90m TS2339: [0mProperty 'badgeAwards' does not exist on type '{ email: string; password: string; fullName: string; unitId: number; departmentId: number; positionId: number; id: number; employeeNumber: string; avatarUrl: string; phone: string; birthDate: Date; ... 13 more ...; managerId: number; }'.

[7m112[0m       badges: user.badgeAwards,
[7m   [0m [91m                   ~~~~~~~~~~~[0m

[96msrc/career/career.service.ts[0m:[93m113[0m:[93m19[0m - [91merror[0m[90m TS2339: [0mProperty '_count' does not exist on type '{ email: string; password: string; fullName: string; unitId: number; departmentId: number; positionId: number; id: number; employeeNumber: string; avatarUrl: string; phone: string; birthDate: Date; ... 13 more ...; managerId: number; }'.

[7m113[0m       stats: user._count,
[7m   [0m [91m                  ~~~~~~[0m

[96msrc/career/career.service.ts[0m:[93m310[0m:[93m7[0m - [91merror[0m[90m TS2322: [0mType '{ careerPathId: number; positionId: number; order: number; minMonthsRequired: number; minPerformanceScore: number; requiredCourseIds: number[]; requiredCompetencyIds: number[]; }' is not assignable to type '(Without<CareerPathStepCreateInput, CareerPathStepUncheckedCreateInput> & CareerPathStepUncheckedCreateInput) | (Without<...> & CareerPathStepCreateInput)'.
  Type '{ careerPathId: number; positionId: number; order: number; minMonthsRequired: number; minPerformanceScore: number; requiredCourseIds: number[]; requiredCompetencyIds: number[]; }' is not assignable to type 'Without<CareerPathStepUncheckedCreateInput, CareerPathStepCreateInput> & CareerPathStepCreateInput'.
    Type '{ careerPathId: number; positionId: number; order: number; minMonthsRequired: number; minPerformanceScore: number; requiredCourseIds: number[]; requiredCompetencyIds: number[]; }' is not assignable to type 'Without<CareerPathStepUncheckedCreateInput, CareerPathStepCreateInput>'.
      Types of property 'positionId' are incompatible.
        Type 'number' is not assignable to type 'never'.

[7m310[0m       data: {
[7m   [0m [91m      ~~~~[0m

  [96mnode_modules/.prisma/client/index.d.ts[0m:[93m60549[0m:[93m5[0m
    [7m60549[0m     data: XOR<CareerPathStepCreateInput, CareerPathStepUncheckedCreateInput>
    [7m     [0m [96m    ~~~~[0m
    The expected type comes from property 'data' which is declared here on type '{ select?: CareerPathStepSelect<DefaultArgs>; omit?: CareerPathStepOmit<DefaultArgs>; include?: CareerPathStepInclude<DefaultArgs>; data: (Without<...> & CareerPathStepUncheckedCreateInput) | (Without<...> & CareerPathStepCreateInput); }'

[96msrc/career/career.service.ts[0m:[93m336[0m:[93m30[0m - [91merror[0m[90m TS2353: [0mObject literal may only specify known properties, and 'timeframe' does not exist in type 'CareerGoalOrderByWithRelationInput'.

[7m336[0m         goals: { orderBy: [{ timeframe: 'asc' }, { createdAt: 'asc' }] },
[7m   [0m [91m                             ~~~~~~~~~[0m

[96msrc/career/career.service.ts[0m:[93m357[0m:[93m9[0m - [91merror[0m[90m TS2353: [0mObject literal may only specify known properties, and 'targetPosition' does not exist in type '(Without<UserCareerPlanCreateInput, UserCareerPlanUncheckedCreateInput> & UserCareerPlanUncheckedCreateInput) | (Without<...> & UserCareerPlanCreateInput)'.

[7m357[0m         targetPosition:   undefined,
[7m   [0m [91m        ~~~~~~~~~~~~~~[0m

  [96mnode_modules/.prisma/client/index.d.ts[0m:[93m53155[0m:[93m5[0m
    [7m53155[0m     data: XOR<UserCareerPlanCreateInput, UserCareerPlanUncheckedCreateInput>
    [7m     [0m [96m    ~~~~[0m
    The expected type comes from property 'data' which is declared here on type '{ select?: UserCareerPlanSelect<DefaultArgs>; omit?: UserCareerPlanOmit<DefaultArgs>; include?: UserCareerPlanInclude<DefaultArgs>; data: (Without<...> & UserCareerPlanUncheckedCreateInput) | (Without<...> & UserCareerPlanCreateInput); }'

[96msrc/career/career.service.ts[0m:[93m375[0m:[93m7[0m - [91merror[0m[90m TS2322: [0mType '{ targetDate: Date; status?: string; title?: string; description?: string; targetPositionId?: number; mentorId?: number; }' is not assignable to type '(Without<UserCareerPlanUpdateInput, UserCareerPlanUncheckedUpdateInput> & UserCareerPlanUncheckedUpdateInput) | (Without<...> & UserCareerPlanUpdateInput)'.
  Type '{ targetDate: Date; status?: string; title?: string; description?: string; targetPositionId?: number; mentorId?: number; }' is not assignable to type 'Without<UserCareerPlanUncheckedUpdateInput, UserCareerPlanUpdateInput> & UserCareerPlanUpdateInput'.
    Type '{ targetDate: Date; status?: string; title?: string; description?: string; targetPositionId?: number; mentorId?: number; }' is not assignable to type 'Without<UserCareerPlanUncheckedUpdateInput, UserCareerPlanUpdateInput>'.
      Types of property 'mentorId' are incompatible.
        Type 'number' is not assignable to type 'never'.

[7m375[0m       data: {
[7m   [0m [91m      ~~~~[0m

  [96mnode_modules/.prisma/client/index.d.ts[0m:[93m53211[0m:[93m5[0m
    [7m53211[0m     data: XOR<UserCareerPlanUpdateInput, UserCareerPlanUncheckedUpdateInput>
    [7m     [0m [96m    ~~~~[0m
    The expected type comes from property 'data' which is declared here on type '{ select?: UserCareerPlanSelect<DefaultArgs>; omit?: UserCareerPlanOmit<DefaultArgs>; include?: UserCareerPlanInclude<DefaultArgs>; data: (Without<...> & UserCareerPlanUncheckedUpdateInput) | (Without<...> & UserCareerPlanUpdateInput); where: UserCareerPlanWhereUniqueInput; }'

[96msrc/career/career.service.ts[0m:[93m395[0m:[93m9[0m - [91merror[0m[90m TS2353: [0mObject literal may only specify known properties, and 'category' does not exist in type '(Without<CareerGoalCreateInput, CareerGoalUncheckedCreateInput> & CareerGoalUncheckedCreateInput) | (Without<...> & CareerGoalCreateInput)'.

[7m395[0m         category:     dto.timeframe,
[7m   [0m [91m        ~~~~~~~~[0m

  [96mnode_modules/.prisma/client/index.d.ts[0m:[93m65499[0m:[93m5[0m
    [7m65499[0m     data: XOR<CareerGoalCreateInput, CareerGoalUncheckedCreateInput>
    [7m     [0m [96m    ~~~~[0m
    The expected type comes from property 'data' which is declared here on type '{ select?: CareerGoalSelect<DefaultArgs>; omit?: CareerGoalOmit<DefaultArgs>; include?: CareerGoalInclude<DefaultArgs>; data: (Without<...> & CareerGoalUncheckedCreateInput) | (Without<...> & CareerGoalCreateInput); }'

[96msrc/career/career.service.ts[0m:[93m764[0m:[93m9[0m - [91merror[0m[90m TS2353: [0mObject literal may only specify known properties, and 'readiness' does not exist in type '(Without<SuccessionPlanCreateInput, SuccessionPlanUncheckedCreateInput> & SuccessionPlanUncheckedCreateInput) | (Without<...> & SuccessionPlanCreateInput)'.

[7m764[0m         readiness:     dto.readiness,
[7m   [0m [91m        ~~~~~~~~~[0m

  [96mnode_modules/.prisma/client/index.d.ts[0m:[93m68055[0m:[93m5[0m
    [7m68055[0m     data: XOR<SuccessionPlanCreateInput, SuccessionPlanUncheckedCreateInput>
    [7m     [0m [96m    ~~~~[0m
    The expected type comes from property 'data' which is declared here on type '{ select?: SuccessionPlanSelect<DefaultArgs>; omit?: SuccessionPlanOmit<DefaultArgs>; include?: SuccessionPlanInclude<DefaultArgs>; data: (Without<...> & SuccessionPlanUncheckedCreateInput) | (Without<...> & SuccessionPlanCreateInput); }'

[96msrc/career/career.service.ts[0m:[93m792[0m:[93m16[0m - [91merror[0m[90m TS2353: [0mObject literal may only specify known properties, and 'readiness' does not exist in type '(Without<SuccessionPlanUpdateInput, SuccessionPlanUncheckedUpdateInput> & SuccessionPlanUncheckedUpdateInput) | (Without<...> & SuccessionPlanUpdateInput)'.

[7m792[0m       data:  { readiness, justification: justification ?? plan.justification },
[7m   [0m [91m               ~~~~~~~~~[0m

  [96mnode_modules/.prisma/client/index.d.ts[0m:[93m68111[0m:[93m5[0m
    [7m68111[0m     data: XOR<SuccessionPlanUpdateInput, SuccessionPlanUncheckedUpdateInput>
    [7m     [0m [96m    ~~~~[0m
    The expected type comes from property 'data' which is declared here on type '{ select?: SuccessionPlanSelect<DefaultArgs>; omit?: SuccessionPlanOmit<DefaultArgs>; include?: SuccessionPlanInclude<DefaultArgs>; data: (Without<...> & SuccessionPlanUncheckedUpdateInput) | (Without<...> & SuccessionPlanUpdateInput); where: SuccessionPlanWhereUniqueInput; }'

[96msrc/career/career.service.ts[0m:[93m792[0m:[93m64[0m - [91merror[0m[90m TS2339: [0mProperty 'justification' does not exist on type '{ positionId: number; id: number; createdAt: Date; updatedAt: Date; notes: string; priority: string; criticalPositionId: number; candidateId: number; readinessLevel: string; matchScore: number; geographicMobility: boolean; available: boolean; readinessByDate: Date; }'.

[7m792[0m       data:  { readiness, justification: justification ?? plan.justification },
[7m   [0m [91m                                                               ~~~~~~~~~~~~~[0m

[96msrc/competencies/competencies.service.ts[0m:[93m345[0m:[93m16[0m - [91merror[0m[90m TS2353: [0mObject literal may only specify known properties, and 'positionId_competencyId' does not exist in type 'PositionCompetencyWhereUniqueInput'.

[7m345[0m       where: { positionId_competencyId: { positionId: dto.positionId, competencyId: dto.competencyId } },
[7m   [0m [91m               ~~~~~~~~~~~~~~~~~~~~~~~[0m

  [96mnode_modules/.prisma/client/index.d.ts[0m:[93m114892[0m:[93m5[0m
    [7m114892[0m     where: PositionCompetencyWhereUniqueInput
    [7m      [0m [96m    ~~~~~[0m
    The expected type comes from property 'where' which is declared here on type '{ select?: PositionCompetencySelect<DefaultArgs>; omit?: PositionCompetencyOmit<DefaultArgs>; include?: PositionCompetencyInclude<...>; where: PositionCompetencyWhereUniqueInput; create: (Without<...> & PositionCompetencyUncheckedCreateInput) | (Without<...> & PositionCompetencyCreateInput); update: (Without<...> & ...'

[96msrc/competency-map/competency-map.service.ts[0m:[93m78[0m:[93m70[0m - [91merror[0m[90m TS2322: [0mType 'string' is not assignable to type 'number'.

[7m78[0m     await this.audit.log({ action: 'SKILL_CREATED', entity: 'Skill', entityId: String(skill.id), userId: createdById });
[7m  [0m [91m                                                                     ~~~~~~~~[0m

  [96msrc/common/services/audit.service.ts[0m:[93m9[0m:[93m3[0m
    [7m9[0m   entityId?:   number;
    [7m [0m [96m  ~~~~~~~~[0m
    The expected type comes from property 'entityId' which is declared here on type 'AuditLogInput'

[96msrc/competency-map/competency-map.service.ts[0m:[93m249[0m:[93m85[0m - [91merror[0m[90m TS2322: [0mType 'string' is not assignable to type 'number'.

[7m249[0m     await this.audit.log({ action: 'SKILL_ASSESSED', entity: 'LegacyEmployeeSkill', entityId: String(skill.id), userId: submittedById });
[7m   [0m [91m                                                                                    ~~~~~~~~[0m

  [96msrc/common/services/audit.service.ts[0m:[93m9[0m:[93m3[0m
    [7m9[0m   entityId?:   number;
    [7m [0m [96m  ~~~~~~~~[0m
    The expected type comes from property 'entityId' which is declared here on type 'AuditLogInput'

[96msrc/content-library/content-library.service.ts[0m:[93m171[0m:[93m9[0m - [91merror[0m[90m TS2322: [0mType '{}' is not assignable to type 'string'.

[7m171[0m         metadata: {},
[7m   [0m [91m        ~~~~~~~~[0m

  [96mnode_modules/.prisma/client/index.d.ts[0m:[93m387079[0m:[93m5[0m
    [7m387079[0m     metadata?: string | null
    [7m      [0m [96m    ~~~~~~~~[0m
    The expected type comes from property 'metadata' which is declared here on type '(Without<NotificationLogCreateInput, NotificationLogUncheckedCreateInput> & NotificationLogUncheckedCreateInput) | (Without<...> & NotificationLogCreateInput)'

[96msrc/content-library/content-library.service.ts[0m:[93m322[0m:[93m11[0m - [91merror[0m[90m TS2322: [0mType '{}' is not assignable to type 'string'.

[7m322[0m           metadata: {},
[7m   [0m [91m          ~~~~~~~~[0m

  [96mnode_modules/.prisma/client/index.d.ts[0m:[93m387079[0m:[93m5[0m
    [7m387079[0m     metadata?: string | null
    [7m      [0m [96m    ~~~~~~~~[0m
    The expected type comes from property 'metadata' which is declared here on type '(Without<NotificationLogCreateInput, NotificationLogUncheckedCreateInput> & NotificationLogUncheckedCreateInput) | (Without<...> & NotificationLogCreateInput)'

[96msrc/course-modules/course-modules.service.ts[0m:[93m467[0m:[93m9[0m - [91merror[0m[90m TS2322: [0mType '{}' is not assignable to type 'string'.

[7m467[0m         metadata: {},
[7m   [0m [91m        ~~~~~~~~[0m

  [96mnode_modules/.prisma/client/index.d.ts[0m:[93m387079[0m:[93m5[0m
    [7m387079[0m     metadata?: string | null
    [7m      [0m [96m    ~~~~~~~~[0m
    The expected type comes from property 'metadata' which is declared here on type '(Without<NotificationLogCreateInput, NotificationLogUncheckedCreateInput> & NotificationLogUncheckedCreateInput) | (Without<...> & NotificationLogCreateInput)'

[96msrc/course-modules/course-modules.service.ts[0m:[93m582[0m:[93m9[0m - [91merror[0m[90m TS2322: [0mType '{}' is not assignable to type 'string'.

[7m582[0m         metadata: {},
[7m   [0m [91m        ~~~~~~~~[0m

  [96mnode_modules/.prisma/client/index.d.ts[0m:[93m387079[0m:[93m5[0m
    [7m387079[0m     metadata?: string | null
    [7m      [0m [96m    ~~~~~~~~[0m
    The expected type comes from property 'metadata' which is declared here on type '(Without<NotificationLogCreateInput, NotificationLogUncheckedCreateInput> & NotificationLogUncheckedCreateInput) | (Without<...> & NotificationLogCreateInput)'

[96msrc/courses/courses.service.ts[0m:[93m288[0m:[93m9[0m - [91merror[0m[90m TS2322: [0mType '{}' is not assignable to type 'string'.

[7m288[0m         metadata: {},
[7m   [0m [91m        ~~~~~~~~[0m

  [96mnode_modules/.prisma/client/index.d.ts[0m:[93m387079[0m:[93m5[0m
    [7m387079[0m     metadata?: string | null
    [7m      [0m [96m    ~~~~~~~~[0m
    The expected type comes from property 'metadata' which is declared here on type '(Without<NotificationLogCreateInput, NotificationLogUncheckedCreateInput> & NotificationLogUncheckedCreateInput) | (Without<...> & NotificationLogCreateInput)'

[96msrc/courses/courses.service.ts[0m:[93m340[0m:[93m11[0m - [91merror[0m[90m TS2322: [0mType '{}' is not assignable to type 'string'.

[7m340[0m           metadata: {},
[7m   [0m [91m          ~~~~~~~~[0m

  [96mnode_modules/.prisma/client/index.d.ts[0m:[93m387079[0m:[93m5[0m
    [7m387079[0m     metadata?: string | null
    [7m      [0m [96m    ~~~~~~~~[0m
    The expected type comes from property 'metadata' which is declared here on type '(Without<NotificationLogCreateInput, NotificationLogUncheckedCreateInput> & NotificationLogUncheckedCreateInput) | (Without<...> & NotificationLogCreateInput)'

[96msrc/courses/courses.service.ts[0m:[93m497[0m:[93m9[0m - [91merror[0m[90m TS2322: [0mType '{}' is not assignable to type 'string'.

[7m497[0m         metadata: {},
[7m   [0m [91m        ~~~~~~~~[0m

  [96mnode_modules/.prisma/client/index.d.ts[0m:[93m387079[0m:[93m5[0m
    [7m387079[0m     metadata?: string | null
    [7m      [0m [96m    ~~~~~~~~[0m
    The expected type comes from property 'metadata' which is declared here on type '(Without<NotificationLogCreateInput, NotificationLogUncheckedCreateInput> & NotificationLogUncheckedCreateInput) | (Without<...> & NotificationLogCreateInput)'

[96msrc/dashboard-rh/dashboard-rh.service.ts[0m:[93m99[0m:[93m38[0m - [91merror[0m[90m TS2345: [0mArgument of type '{ by: "userId"[]; _count: { id: true; }; take: 5; }' is not assignable to parameter of type '{ by: "userId"[]; _count: { id: true; }; take: 5; } & { orderBy: BadgeAwardOrderByWithAggregationInput | BadgeAwardOrderByWithAggregationInput[]; } & "Error: If you provide \"take\", you also need to provide \"orderBy\""'.
  Property 'orderBy' is missing in type '{ by: "userId"[]; _count: { id: true; }; take: 5; }' but required in type '{ orderBy: BadgeAwardOrderByWithAggregationInput | BadgeAwardOrderByWithAggregationInput[]; }'.

[7m 99[0m       this.prisma.badgeAward.groupBy({
[7m   [0m [91m                                     ~[0m
[7m100[0m         by: ['userId'], _count: { id: true },
[7m   [0m [91m~~~~~~~~~~~~~~~~~~~~~~~~~~~~~~~~~~~~~~~~~~~~~[0m
[7m101[0m         take: 5,
[7m   [0m [91m~~~~~~~~~~~~~~~~[0m
[7m102[0m       }).catch(() => [] as any[]),
[7m   [0m [91m~~~~~~~[0m

  [96mnode_modules/.prisma/client/index.d.ts[0m:[93m206473[0m:[93m13[0m
    [7m206473[0m         ? { orderBy: BadgeAwardGroupByArgs['orderBy'] }
    [7m      [0m [96m            ~~~~~~~[0m
    'orderBy' is declared here.

[96msrc/dashboard-rh/dashboard-rh.service.ts[0m:[93m174[0m:[93m20[0m - [91merror[0m[90m TS2353: [0mObject literal may only specify known properties, and '_count' does not exist in type 'PositionOrderByWithRelationInput | PositionOrderByWithRelationInput[]'.

[7m174[0m         orderBy: { _count: { users: 'desc' } }, take: 10,
[7m   [0m [91m                   ~~~~~~[0m

  [96mnode_modules/.prisma/client/index.d.ts[0m:[93m50276[0m:[93m5[0m
    [7m50276[0m     orderBy?: PositionOrderByWithRelationInput | PositionOrderByWithRelationInput[]
    [7m     [0m [96m    ~~~~~~~[0m
    The expected type comes from property 'orderBy' which is declared here on type '{ select?: PositionSelect<DefaultArgs>; omit?: PositionOmit<DefaultArgs>; include?: PositionInclude<DefaultArgs>; ... 5 more ...; distinct?: PositionScalarFieldEnum | PositionScalarFieldEnum[]; }'

[96msrc/dashboard-rh/dashboard-rh.service.ts[0m:[93m201[0m:[93m88[0m - [91merror[0m[90m TS2339: [0mProperty '_count' does not exist on type '{ level: string; description: string; departmentId: number; id: number; name: string; code: string; salaryMin: number; salaryMax: number; headcountPlanned: number; }'.

[7m201[0m       byPosition:   byPos.map(p => ({ id: p.id, name: p.name, level: p.level, count: p._count.users })),
[7m   [0m [91m                                                                                       ~~~~~~[0m

[96msrc/dashboard-rh/dashboard-rh.service.ts[0m:[93m422[0m:[93m66[0m - [91merror[0m[90m TS2353: [0mObject literal may only specify known properties, and 'type' does not exist in type 'CompetencySelect<DefaultArgs>'.

[7m422[0m         include: { competency: { select: { id: true, name: true, type: true } } },
[7m   [0m [91m                                                                 ~~~~[0m

[96msrc/dashboard-rh/dashboard-rh.service.ts[0m:[93m434[0m:[93m19[0m - [91merror[0m[90m TS2551: [0mProperty 'competency' does not exist on type '{ id: number; userId: number; evaluatedAt: Date; competencyId: number; currentLevel: number; targetLevel: number; selfLevel: number; managerLevel: number; source: string; notes: string; evidenceUrl: string; }'. Did you mean 'competencyId'?

[7m434[0m       const n = c.competency.name;
[7m   [0m [91m                  ~~~~~~~~~~[0m

[96msrc/dashboard-rh/dashboard-rh.service.ts[0m:[93m435[0m:[93m45[0m - [91merror[0m[90m TS2551: [0mProperty 'competency' does not exist on type '{ id: number; userId: number; evaluatedAt: Date; competencyId: number; currentLevel: number; targetLevel: number; selfLevel: number; managerLevel: number; source: string; notes: string; evidenceUrl: string; }'. Did you mean 'competencyId'?

[7m435[0m       if (!byComp[n]) byComp[n] = { comp: c.competency, count: 0, totalGap: 0, avgLevel: 0 };
[7m   [0m [91m                                            ~~~~~~~~~~[0m

[96msrc/dashboard-rh/dashboard-rh.service.ts[0m:[93m620[0m:[93m42[0m - [91merror[0m[90m TS2345: [0mArgument of type '{ by: "userId"[]; _avg: { currentLevel: true; }; having: { currentLevel: { _avg: { gte: number; }; }; }; take: 20; }' is not assignable to parameter of type '{ by: "userId"[]; _avg: { currentLevel: true; }; having: { currentLevel: { _avg: { gte: number; }; }; }; take: 20; } & { orderBy: UserCompetencyOrderByWithAggregationInput | UserCompetencyOrderByWithAggregationInput[]; } & "Error: If you provide \"take\", you also need to provide \"orderBy\""'.
  Property 'orderBy' is missing in type '{ by: "userId"[]; _avg: { currentLevel: true; }; having: { currentLevel: { _avg: { gte: number; }; }; }; take: 20; }' but required in type '{ orderBy: UserCompetencyOrderByWithAggregationInput | UserCompetencyOrderByWithAggregationInput[]; }'.

[7m620[0m       this.prisma.userCompetency.groupBy({
[7m   [0m [91m                                         ~[0m
[7m621[0m         by: ['userId'], _avg: { currentLevel: true },
[7m   [0m [91m~~~~~~~~~~~~~~~~~~~~~~~~~~~~~~~~~~~~~~~~~~~~~~~~~~~~~[0m
[7m622[0m         having: { currentLevel: { _avg: { gte: 4 } } }, take: 20,
[7m   [0m [91m~~~~~~~~~~~~~~~~~~~~~~~~~~~~~~~~~~~~~~~~~~~~~~~~~~~~~~~~~~~~~~~~~[0m
[7m623[0m       }).then(async rows => {
[7m   [0m [91m~~~~~~~[0m

  [96mnode_modules/.prisma/client/index.d.ts[0m:[93m110971[0m:[93m13[0m
    [7m110971[0m         ? { orderBy: UserCompetencyGroupByArgs['orderBy'] }
    [7m      [0m [96m            ~~~~~~~[0m
    'orderBy' is declared here.

[96msrc/dashboard-rh/dashboard-rh.service.ts[0m:[93m624[0m:[93m28[0m - [91merror[0m[90m TS2339: [0mProperty 'map' does not exist on type '"Error: If you provide \"take\", you also need to provide \"orderBy\""'.

[7m624[0m         const ids   = rows.map(r => r.userId);
[7m   [0m [91m                           ~~~[0m

[96msrc/dashboard/dashboard.service.ts[0m:[93m90[0m:[93m42[0m - [91merror[0m[90m TS2353: [0mObject literal may only specify known properties, and 'type' does not exist in type 'EngagementSurveySelect<DefaultArgs>'.

[7m90[0m         select: { id: true, title: true, type: true },
[7m  [0m [91m                                         ~~~~[0m

  [96mnode_modules/.prisma/client/index.d.ts[0m:[93m199978[0m:[93m5[0m
    [7m199978[0m     select?: EngagementSurveySelect<ExtArgs> | null
    [7m      [0m [96m    ~~~~~~[0m
    The expected type comes from property 'select' which is declared here on type '{ select?: EngagementSurveySelect<DefaultArgs>; omit?: EngagementSurveyOmit<DefaultArgs>; include?: EngagementSurveyInclude<DefaultArgs>; ... 5 more ...; distinct?: EngagementSurveyScalarFieldEnum | EngagementSurveyScalarFieldEnum[]; }'

[96msrc/dashboard/dashboard.service.ts[0m:[93m302[0m:[93m43[0m - [91merror[0m[90m TS2353: [0mObject literal may only specify known properties, and 'active' does not exist in type 'CourseWhereInput'.

[7m302[0m       this.prisma.course.count({ where: { active: true } }),
[7m   [0m [91m                                          ~~~~~~[0m

  [96mnode_modules/.prisma/client/index.d.ts[0m:[93m81668[0m:[93m5[0m
    [7m81668[0m     where?: CourseWhereInput
    [7m     [0m [96m    ~~~~~[0m
    The expected type comes from property 'where' which is declared here on type 'Subset<CourseCountArgs<DefaultArgs>, CourseCountArgs<DefaultArgs>>'

[96msrc/dashboard/dashboard.service.ts[0m:[93m303[0m:[93m47[0m - [91merror[0m[90m TS2353: [0mObject literal may only specify known properties, and 'createdAt' does not exist in type 'EnrollmentWhereInput'.

[7m303[0m       this.prisma.enrollment.count({ where: { createdAt: { gte: since }, user: deptFilter } }),
[7m   [0m [91m                                              ~~~~~~~~~[0m

  [96mnode_modules/.prisma/client/index.d.ts[0m:[93m88197[0m:[93m5[0m
    [7m88197[0m     where?: EnrollmentWhereInput
    [7m     [0m [96m    ~~~~~[0m
    The expected type comes from property 'where' which is declared here on type 'Subset<EnrollmentCountArgs<DefaultArgs>, EnrollmentCountArgs<DefaultArgs>>'

[96msrc/dashboard/dashboard.service.ts[0m:[93m304[0m:[93m47[0m - [91merror[0m[90m TS2353: [0mObject literal may only specify known properties, and 'createdAt' does not exist in type 'EnrollmentWhereInput'.

[7m304[0m       this.prisma.enrollment.count({ where: { createdAt: { gte: prev, lt: since }, user: deptFilter } }),
[7m   [0m [91m                                              ~~~~~~~~~[0m

  [96mnode_modules/.prisma/client/index.d.ts[0m:[93m88197[0m:[93m5[0m
    [7m88197[0m     where?: EnrollmentWhereInput
    [7m     [0m [96m    ~~~~~[0m
    The expected type comes from property 'where' which is declared here on type 'Subset<EnrollmentCountArgs<DefaultArgs>, EnrollmentCountArgs<DefaultArgs>>'

[96msrc/dashboard/dashboard.service.ts[0m:[93m322[0m:[93m42[0m - [91merror[0m[90m TS2345: [0mArgument of type '{ by: "userId"[]; where: { currentLevel: { gte: number; }; user: { departmentId: number; } | { departmentId?: undefined; }; }; _avg: { currentLevel: true; }; having: { currentLevel: { _avg: { gte: number; }; }; }; take: 100; }' is not assignable to parameter of type '{ by: "userId"[]; where: { currentLevel: { gte: number; }; user: { departmentId: number; } | { departmentId?: undefined; }; }; _avg: { currentLevel: true; }; having: { currentLevel: { _avg: { gte: number; }; }; }; take: 100; } & { ...; } & "Error: If you provide \"take\", you also need to provide \"orderBy\""'.
  Property 'orderBy' is missing in type '{ by: "userId"[]; where: { currentLevel: { gte: number; }; user: { departmentId: number; } | { departmentId?: undefined; }; }; _avg: { currentLevel: true; }; having: { currentLevel: { _avg: { gte: number; }; }; }; take: 100; }' but required in type '{ orderBy: UserCompetencyOrderByWithAggregationInput | UserCompetencyOrderByWithAggregationInput[]; }'.

[7m322[0m       this.prisma.userCompetency.groupBy({
[7m   [0m [91m                                         ~[0m
[7m323[0m         by:      ['userId'],
[7m   [0m [91m~~~~~~~~~~~~~~~~~~~~~~~~~~~~[0m
[7m...[0m 
[7m327[0m         take:    100,
[7m   [0m [91m~~~~~~~~~~~~~~~~~~~~~[0m
[7m328[0m       }).then(r => r.length).catch(() => 0),
[7m   [0m [91m~~~~~~~[0m

  [96mnode_modules/.prisma/client/index.d.ts[0m:[93m110971[0m:[93m13[0m
    [7m110971[0m         ? { orderBy: UserCompetencyGroupByArgs['orderBy'] }
    [7m      [0m [96m            ~~~~~~~[0m
    'orderBy' is declared here.

[96msrc/dashboard/dashboard.service.ts[0m:[93m535[0m:[93m9[0m - [91merror[0m[90m TS2353: [0mObject literal may only specify known properties, and 'data' does not exist in type '(Without<DashboardSnapshotCreateInput, DashboardSnapshotUncheckedCreateInput> & DashboardSnapshotUncheckedCreateInput) | (Without<...> & DashboardSnapshotCreateInput)'.

[7m535[0m         data:        data as any,
[7m   [0m [91m        ~~~~[0m

  [96mnode_modules/.prisma/client/index.d.ts[0m:[93m256765[0m:[93m5[0m
    [7m256765[0m     data: XOR<DashboardSnapshotCreateInput, DashboardSnapshotUncheckedCreateInput>
    [7m      [0m [96m    ~~~~[0m
    The expected type comes from property 'data' which is declared here on type '{ select?: DashboardSnapshotSelect<DefaultArgs>; omit?: DashboardSnapshotOmit<DefaultArgs>; include?: DashboardSnapshotInclude<...>; data: (Without<...> & DashboardSnapshotUncheckedCreateInput) | (Without<...> & DashboardSnapshotCreateInput); }'

[96msrc/dashboard/dashboard.service.ts[0m:[93m560[0m:[93m67[0m - [91merror[0m[90m TS2353: [0mObject literal may only specify known properties, and 'active' does not exist in type 'CourseWhereInput'.

[7m560[0m         where: { title: { contains: query, mode: 'insensitive' }, active: true },
[7m   [0m [91m                                                                  ~~~~~~[0m

  [96mnode_modules/.prisma/client/index.d.ts[0m:[93m81668[0m:[93m5[0m
    [7m81668[0m     where?: CourseWhereInput
    [7m     [0m [96m    ~~~~~[0m
    The expected type comes from property 'where' which is declared here on type '{ select?: CourseSelect<DefaultArgs>; omit?: CourseOmit<DefaultArgs>; include?: CourseInclude<DefaultArgs>; ... 5 more ...; distinct?: CourseScalarFieldEnum | CourseScalarFieldEnum[]; }'

[96msrc/dashboard/dashboard.service.ts[0m:[93m566[0m:[93m41[0m - [91merror[0m[90m TS2353: [0mObject literal may only specify known properties, and 'type' does not exist in type 'CompetencySelect<DefaultArgs>'.

[7m566[0m         select: { id: true, name: true, type: true },
[7m   [0m [91m                                        ~~~~[0m

  [96mnode_modules/.prisma/client/index.d.ts[0m:[93m108741[0m:[93m5[0m
    [7m108741[0m     select?: CompetencySelect<ExtArgs> | null
    [7m      [0m [96m    ~~~~~~[0m
    The expected type comes from property 'select' which is declared here on type '{ select?: CompetencySelect<DefaultArgs>; omit?: CompetencyOmit<DefaultArgs>; include?: CompetencyInclude<DefaultArgs>; ... 5 more ...; distinct?: CompetencyScalarFieldEnum | CompetencyScalarFieldEnum[]; }'

[96msrc/dashboard/dashboard.service.ts[0m:[93m642[0m:[93m18[0m - [91merror[0m[90m TS2353: [0mObject literal may only specify known properties, and 'type' does not exist in type 'EngagementSurveyWhereInput'.

[7m642[0m       where:   { type: 'ENPS', status: { in: ['ACTIVE', 'COMPLETED'] } },
[7m   [0m [91m                 ~~~~[0m

  [96mnode_modules/.prisma/client/index.d.ts[0m:[93m199886[0m:[93m5[0m
    [7m199886[0m     where?: EngagementSurveyWhereInput
    [7m      [0m [96m    ~~~~~[0m
    The expected type comes from property 'where' which is declared here on type '{ select?: EngagementSurveySelect<DefaultArgs>; omit?: EngagementSurveyOmit<DefaultArgs>; include?: EngagementSurveyInclude<DefaultArgs>; ... 5 more ...; distinct?: EngagementSurveyScalarFieldEnum | EngagementSurveyScalarFieldEnum[]; }'

[96msrc/declarations/document-declarations.service.ts[0m:[93m79[0m:[93m7[0m - [91merror[0m[90m TS2322: [0mType '{ variables: any[]; active: boolean; version: number; createdById: number; name: string; description?: string; purposeId?: number; language: TemplateLanguage; content: string; requiresApproval?: boolean; autoGenerate?: boolean; validDays?: number; }' is not assignable to type '(Without<DeclarationTemplateCreateInput, DeclarationTemplateUncheckedCreateInput> & DeclarationTemplateUncheckedCreateInput) | (Without<...> & DeclarationTemplateCreateInput)'.
  Type '{ variables: any[]; active: boolean; version: number; createdById: number; name: string; description?: string; purposeId?: number; language: TemplateLanguage; content: string; requiresApproval?: boolean; autoGenerate?: boolean; validDays?: number; }' is not assignable to type 'Without<DeclarationTemplateUncheckedCreateInput, DeclarationTemplateCreateInput> & DeclarationTemplateCreateInput'.
    Type '{ variables: any[]; active: boolean; version: number; createdById: number; name: string; description?: string; purposeId?: number; language: TemplateLanguage; content: string; requiresApproval?: boolean; autoGenerate?: boolean; validDays?: number; }' is not assignable to type 'Without<DeclarationTemplateUncheckedCreateInput, DeclarationTemplateCreateInput>'.
      Types of property 'createdById' are incompatible.
        Type 'number' is not assignable to type 'never'.

[7m79[0m       data: {
[7m  [0m [91m      ~~~~[0m

  [96mnode_modules/.prisma/client/index.d.ts[0m:[93m335452[0m:[93m5[0m
    [7m335452[0m     data: XOR<DeclarationTemplateCreateInput, DeclarationTemplateUncheckedCreateInput>
    [7m      [0m [96m    ~~~~[0m
    The expected type comes from property 'data' which is declared here on type '{ select?: DeclarationTemplateSelect<DefaultArgs>; omit?: DeclarationTemplateOmit<DefaultArgs>; include?: DeclarationTemplateInclude<...>; data: (Without<...> & DeclarationTemplateUncheckedCreateInput) | (Without<...> & DeclarationTemplateCreateInput); }'

[96msrc/departments/departments.service.ts[0m:[93m373[0m:[93m9[0m - [91merror[0m[90m TS2561: [0mObject literal may only specify known properties, but 'department' does not exist in type 'UnitInclude<DefaultArgs>'. Did you mean to write 'departments'?

[7m373[0m         department: { select: { id: true, name: true, code: true } },
[7m   [0m [91m        ~~~~~~~~~~[0m

  [96mnode_modules/.prisma/client/index.d.ts[0m:[93m49009[0m:[93m5[0m
    [7m49009[0m     include?: UnitInclude<ExtArgs> | null
    [7m     [0m [96m    ~~~~~~~[0m
    The expected type comes from property 'include' which is declared here on type '{ select?: UnitSelect<DefaultArgs>; omit?: UnitOmit<DefaultArgs>; include?: UnitInclude<DefaultArgs>; ... 5 more ...; distinct?: UnitScalarFieldEnum | UnitScalarFieldEnum[]; }'

[96msrc/departments/departments.service.ts[0m:[93m384[0m:[93m9[0m - [91merror[0m[90m TS2561: [0mObject literal may only specify known properties, but 'department' does not exist in type 'UnitInclude<DefaultArgs>'. Did you mean to write 'departments'?

[7m384[0m         department: { select: { id: true, name: true, code: true } },
[7m   [0m [91m        ~~~~~~~~~~[0m

  [96mnode_modules/.prisma/client/index.d.ts[0m:[93m48861[0m:[93m5[0m
    [7m48861[0m     include?: UnitInclude<ExtArgs> | null
    [7m     [0m [96m    ~~~~~~~[0m
    The expected type comes from property 'include' which is declared here on type '{ select?: UnitSelect<DefaultArgs>; omit?: UnitOmit<DefaultArgs>; include?: UnitInclude<DefaultArgs>; where: UnitWhereUniqueInput; }'

[96msrc/departments/departments.service.ts[0m:[93m393[0m:[93m38[0m - [91merror[0m[90m TS2322: [0mType 'CreateUnitDto' is not assignable to type '(Without<UnitCreateInput, UnitUncheckedCreateInput> & UnitUncheckedCreateInput) | (Without<...> & UnitCreateInput)'.
  Type 'CreateUnitDto' is not assignable to type 'Without<UnitUncheckedCreateInput, UnitCreateInput> & UnitCreateInput'.
    Property 'code' is missing in type 'CreateUnitDto' but required in type 'UnitCreateInput'.

[7m393[0m     return this.prisma.unit.create({ data: dto });
[7m   [0m [91m                                     ~~~~[0m

  [96mnode_modules/.prisma/client/index.d.ts[0m:[93m373645[0m:[93m5[0m
    [7m373645[0m     code: string
    [7m      [0m [96m    ~~~~[0m
    'code' is declared here.
  [96mnode_modules/.prisma/client/index.d.ts[0m:[93m49065[0m:[93m5[0m
    [7m49065[0m     data: XOR<UnitCreateInput, UnitUncheckedCreateInput>
    [7m     [0m [96m    ~~~~[0m
    The expected type comes from property 'data' which is declared here on type '{ select?: UnitSelect<DefaultArgs>; omit?: UnitOmit<DefaultArgs>; include?: UnitInclude<DefaultArgs>; data: (Without<...> & UnitUncheckedCreateInput) | (Without<...> & UnitCreateInput); }'

[96msrc/departments/departments.service.ts[0m:[93m452[0m:[93m44[0m - [91merror[0m[90m TS2322: [0mType 'CreatePermissionDto' is not assignable to type '(Without<PermissionCreateInput, PermissionUncheckedCreateInput> & PermissionUncheckedCreateInput) | (Without<...> & PermissionCreateInput)'.
  Type 'CreatePermissionDto' is not assignable to type 'Without<PermissionUncheckedCreateInput, PermissionCreateInput> & PermissionCreateInput'.
    Type 'CreatePermissionDto' is not assignable to type 'Without<PermissionUncheckedCreateInput, PermissionCreateInput>'.
      Types of property 'roleId' are incompatible.
        Type 'number' is not assignable to type 'never'.

[7m452[0m     return this.prisma.permission.create({ data: dto });
[7m   [0m [91m                                           ~~~~[0m

  [96mnode_modules/.prisma/client/index.d.ts[0m:[93m42750[0m:[93m5[0m
    [7m42750[0m     data: XOR<PermissionCreateInput, PermissionUncheckedCreateInput>
    [7m     [0m [96m    ~~~~[0m
    The expected type comes from property 'data' which is declared here on type '{ select?: PermissionSelect<DefaultArgs>; omit?: PermissionOmit<DefaultArgs>; include?: PermissionInclude<DefaultArgs>; data: (Without<...> & PermissionUncheckedCreateInput) | (Without<...> & PermissionCreateInput); }'

[96msrc/departments/departments.service.ts[0m:[93m462[0m:[93m16[0m - [91merror[0m[90m TS2353: [0mObject literal may only specify known properties, and 'roleId_permissionId' does not exist in type 'RolePermissionWhereUniqueInput'.

[7m462[0m       where: { roleId_permissionId: { roleId, permissionId } },
[7m   [0m [91m               ~~~~~~~~~~~~~~~~~~~[0m

  [96mnode_modules/.prisma/client/index.d.ts[0m:[93m43991[0m:[93m5[0m
    [7m43991[0m     where: RolePermissionWhereUniqueInput
    [7m     [0m [96m    ~~~~~[0m
    The expected type comes from property 'where' which is declared here on type '{ select?: RolePermissionSelect<DefaultArgs>; omit?: RolePermissionOmit<DefaultArgs>; include?: RolePermissionInclude<DefaultArgs>; where: RolePermissionWhereUniqueInput; create: (Without<...> & RolePermissionUncheckedCreateInput) | (Without<...> & RolePermissionCreateInput); update: (Without<...> & RolePermissionUn...'

[96msrc/departments/departments.service.ts[0m:[93m560[0m:[93m64[0m - [91merror[0m[90m TS2322: [0mType '{ title: string; description?: string; level: string; }' is not assignable to type '(Without<CareerPositionCreateInput, CareerPositionUncheckedCreateInput> & CareerPositionUncheckedCreateInput) | (Without<...> & CareerPositionCreateInput)'.
  Type '{ title: string; description?: string; level: string; }' is not assignable to type 'Without<CareerPositionUncheckedCreateInput, CareerPositionCreateInput> & CareerPositionCreateInput'.
    Type '{ title: string; description?: string; level: string; }' is not assignable to type 'CareerPositionCreateInput'.
      Property 'description' is optional in type '{ title: string; description?: string; level: string; }' but required in type 'CareerPositionCreateInput'.

[7m560[0m     const position = await this.prisma.careerPosition.create({ data });
[7m   [0m [91m                                                               ~~~~[0m

  [96mnode_modules/.prisma/client/index.d.ts[0m:[93m55825[0m:[93m5[0m
    [7m55825[0m     data: XOR<CareerPositionCreateInput, CareerPositionUncheckedCreateInput>
    [7m     [0m [96m    ~~~~[0m
    The expected type comes from property 'data' which is declared here on type '{ select?: CareerPositionSelect<DefaultArgs>; omit?: CareerPositionOmit<DefaultArgs>; include?: CareerPositionInclude<DefaultArgs>; data: (Without<...> & CareerPositionUncheckedCreateInput) | (Without<...> & CareerPositionCreateInput); }'

[96msrc/development-plans/development-plans.service.ts[0m:[93m128[0m:[93m9[0m - [91merror[0m[90m TS2322: [0mType '{}' is not assignable to type 'string'.

[7m128[0m         metadata: {},
[7m   [0m [91m        ~~~~~~~~[0m

  [96mnode_modules/.prisma/client/index.d.ts[0m:[93m387079[0m:[93m5[0m
    [7m387079[0m     metadata?: string | null
    [7m      [0m [96m    ~~~~~~~~[0m
    The expected type comes from property 'metadata' which is declared here on type '(Without<NotificationLogCreateInput, NotificationLogUncheckedCreateInput> & NotificationLogUncheckedCreateInput) | (Without<...> & NotificationLogCreateInput)'

[96msrc/development-plans/development-plans.service.ts[0m:[93m189[0m:[93m9[0m - [91merror[0m[90m TS2322: [0mType '{}' is not assignable to type 'string'.

[7m189[0m         metadata: {},
[7m   [0m [91m        ~~~~~~~~[0m

  [96mnode_modules/.prisma/client/index.d.ts[0m:[93m387079[0m:[93m5[0m
    [7m387079[0m     metadata?: string | null
    [7m      [0m [96m    ~~~~~~~~[0m
    The expected type comes from property 'metadata' which is declared here on type '(Without<NotificationLogCreateInput, NotificationLogUncheckedCreateInput> & NotificationLogUncheckedCreateInput) | (Without<...> & NotificationLogCreateInput)'

[96msrc/development-plans/development-plans.service.ts[0m:[93m232[0m:[93m9[0m - [91merror[0m[90m TS2322: [0mType '{}' is not assignable to type 'string'.

[7m232[0m         metadata: {},
[7m   [0m [91m        ~~~~~~~~[0m

  [96mnode_modules/.prisma/client/index.d.ts[0m:[93m387079[0m:[93m5[0m
    [7m387079[0m     metadata?: string | null
    [7m      [0m [96m    ~~~~~~~~[0m
    The expected type comes from property 'metadata' which is declared here on type '(Without<NotificationLogCreateInput, NotificationLogUncheckedCreateInput> & NotificationLogUncheckedCreateInput) | (Without<...> & NotificationLogCreateInput)'

[96msrc/development-plans/development-plans.service.ts[0m:[93m338[0m:[93m9[0m - [91merror[0m[90m TS2353: [0mObject literal may only specify known properties, and 'actionId' does not exist in type '(Without<PdiEvidenceCreateInput, PdiEvidenceUncheckedCreateInput> & PdiEvidenceUncheckedCreateInput) | (Without<...> & PdiEvidenceCreateInput)'.

[7m338[0m         actionId:     dto.actionId,
[7m   [0m [91m        ~~~~~~~~[0m

  [96mnode_modules/.prisma/client/index.d.ts[0m:[93m75558[0m:[93m5[0m
    [7m75558[0m     data: XOR<PdiEvidenceCreateInput, PdiEvidenceUncheckedCreateInput>
    [7m     [0m [96m    ~~~~[0m
    The expected type comes from property 'data' which is declared here on type '{ select?: PdiEvidenceSelect<DefaultArgs>; omit?: PdiEvidenceOmit<DefaultArgs>; include?: PdiEvidenceInclude<DefaultArgs>; data: (Without<...> & PdiEvidenceUncheckedCreateInput) | (Without<...> & PdiEvidenceCreateInput); }'

[96msrc/engagement/engagement.service.ts[0m:[93m92[0m:[93m9[0m - [91merror[0m[90m TS2353: [0mObject literal may only specify known properties, and 'startDate' does not exist in type '(Without<EngagementSurveyCreateInput, EngagementSurveyUncheckedCreateInput> & EngagementSurveyUncheckedCreateInput) | (Without<...> & EngagementSurveyCreateInput)'.

[7m92[0m         startDate: startDate ? new Date(startDate) : null,
[7m  [0m [91m        ~~~~~~~~~[0m

  [96mnode_modules/.prisma/client/index.d.ts[0m:[93m200042[0m:[93m5[0m
    [7m200042[0m     data: XOR<EngagementSurveyCreateInput, EngagementSurveyUncheckedCreateInput>
    [7m      [0m [96m    ~~~~[0m
    The expected type comes from property 'data' which is declared here on type '{ select?: EngagementSurveySelect<DefaultArgs>; omit?: EngagementSurveyOmit<DefaultArgs>; include?: EngagementSurveyInclude<DefaultArgs>; data: (Without<...> & EngagementSurveyUncheckedCreateInput) | (Without<...> & EngagementSurveyCreateInput); }'

[96msrc/engagement/engagement.service.ts[0m:[93m128[0m:[93m7[0m - [91merror[0m[90m TS2322: [0mType '{ userId: number; type: string; message: string; metadata: {}; }[]' is not assignable to type 'NotificationLogCreateManyInput | NotificationLogCreateManyInput[]'.
  Type '{ userId: number; type: string; message: string; metadata: {}; }[]' is not assignable to type 'NotificationLogCreateManyInput[]'.
    Type '{ userId: number; type: string; message: string; metadata: {}; }' is not assignable to type 'NotificationLogCreateManyInput'.
      Types of property 'metadata' are incompatible.
        Type '{}' is not assignable to type 'string'.

[7m128[0m       data: users.map(u => ({
[7m   [0m [91m      ~~~~[0m

  [96mnode_modules/.prisma/client/index.d.ts[0m:[93m232971[0m:[93m5[0m
    [7m232971[0m     data: NotificationLogCreateManyInput | NotificationLogCreateManyInput[]
    [7m      [0m [96m    ~~~~[0m
    The expected type comes from property 'data' which is declared here on type '{ data: NotificationLogCreateManyInput | NotificationLogCreateManyInput[]; skipDuplicates?: boolean; }'

[96msrc/engagement/engagement.service.ts[0m:[93m173[0m:[93m9[0m - [91merror[0m[90m TS2353: [0mObject literal may only specify known properties, and 'anonymous' does not exist in type '(Without<SurveyResponseCreateInput, SurveyResponseUncheckedCreateInput> & SurveyResponseUncheckedCreateInput) | (Without<...> & SurveyResponseCreateInput)'.

[7m173[0m         anonymous: dto.submitAnonymously ?? false,
[7m   [0m [91m        ~~~~~~~~~[0m

  [96mnode_modules/.prisma/client/index.d.ts[0m:[93m202340[0m:[93m5[0m
    [7m202340[0m     data: XOR<SurveyResponseCreateInput, SurveyResponseUncheckedCreateInput>
    [7m      [0m [96m    ~~~~[0m
    The expected type comes from property 'data' which is declared here on type '{ select?: SurveyResponseSelect<DefaultArgs>; omit?: SurveyResponseOmit<DefaultArgs>; include?: SurveyResponseInclude<DefaultArgs>; data: (Without<...> & SurveyResponseUncheckedCreateInput) | (Without<...> & SurveyResponseCreateInput); }'

[96msrc/engagement/engagement.service.ts[0m:[93m197[0m:[93m9[0m - [91merror[0m[90m TS2322: [0mType '{}' is not assignable to type 'string'.

[7m197[0m         metadata: {},
[7m   [0m [91m        ~~~~~~~~[0m

  [96mnode_modules/.prisma/client/index.d.ts[0m:[93m387079[0m:[93m5[0m
    [7m387079[0m     metadata?: string | null
    [7m      [0m [96m    ~~~~~~~~[0m
    The expected type comes from property 'metadata' which is declared here on type '(Without<NotificationLogCreateInput, NotificationLogUncheckedCreateInput> & NotificationLogUncheckedCreateInput) | (Without<...> & NotificationLogCreateInput)'

[96msrc/engagement/engagement.service.ts[0m:[93m225[0m:[93m34[0m - [91merror[0m[90m TS2339: [0mProperty 'minResponsesForResults' does not exist on type '{ questions: { type: string; id: number; text: string; order: number; surveyId: number; }[]; responses: ({ user: { department: { name: string; }; fullName: string; id: number; }; answers: { id: number; comment: string; questionId: number; value: number; responseId: number; }[]; } & { ...; })[]; } & { ...; }'.

[7m225[0m     const MIN_THRESHOLD = survey.minResponsesForResults ?? 3;
[7m   [0m [91m                                 ~~~~~~~~~~~~~~~~~~~~~~[0m

[96msrc/engagement/engagement.service.ts[0m:[93m243[0m:[93m32[0m - [91merror[0m[90m TS2339: [0mProperty 'anonymous' does not exist on type '{ questions: { type: string; id: number; text: string; order: number; surveyId: number; }[]; responses: ({ user: { department: { name: string; }; fullName: string; id: number; }; answers: { id: number; comment: string; questionId: number; value: number; responseId: number; }[]; } & { ...; })[]; } & { ...; }'.

[7m243[0m       const comments = !survey.anonymous && showDetails
[7m   [0m [91m                               ~~~~~~~~~[0m

[96msrc/engagement/engagement.service.ts[0m:[93m267[0m:[93m17[0m - [91merror[0m[90m TS2339: [0mProperty 'anonymous' does not exist on type '{ questions: { type: string; id: number; text: string; order: number; surveyId: number; }[]; responses: ({ user: { department: { name: string; }; fullName: string; id: number; }; answers: { id: number; comment: string; questionId: number; value: number; responseId: number; }[]; } & { ...; })[]; } & { ...; }'.

[7m267[0m     if (!survey.anonymous && showDetails) {
[7m   [0m [91m                ~~~~~~~~~[0m

[96msrc/engagement/engagement.service.ts[0m:[93m287[0m:[93m66[0m - [91merror[0m[90m TS2339: [0mProperty 'type' does not exist on type '{ questions: { type: string; id: number; text: string; order: number; surveyId: number; }[]; responses: ({ user: { department: { name: string; }; fullName: string; id: number; }; answers: { id: number; comment: string; questionId: number; value: number; responseId: number; }[]; } & { ...; })[]; } & { ...; }'.

[7m287[0m       survey: { id: survey.id, title: survey.title, type: survey.type, anonymous: survey.anonymous },
[7m   [0m [91m                                                                 ~~~~[0m

[96msrc/engagement/engagement.service.ts[0m:[93m287[0m:[93m90[0m - [91merror[0m[90m TS2339: [0mProperty 'anonymous' does not exist on type '{ questions: { type: string; id: number; text: string; order: number; surveyId: number; }[]; responses: ({ user: { department: { name: string; }; fullName: string; id: number; }; answers: { id: number; comment: string; questionId: number; value: number; responseId: number; }[]; } & { ...; })[]; } & { ...; }'.

[7m287[0m       survey: { id: survey.id, title: survey.title, type: survey.type, anonymous: survey.anonymous },
[7m   [0m [91m                                                                                         ~~~~~~~~~[0m

[96msrc/engagement/engagement.service.ts[0m:[93m302[0m:[93m18[0m - [91merror[0m[90m TS2353: [0mObject literal may only specify known properties, and 'isTemplate' does not exist in type 'EngagementSurveyWhereInput'.

[7m302[0m       where:   { isTemplate: true },
[7m   [0m [91m                 ~~~~~~~~~~[0m

  [96mnode_modules/.prisma/client/index.d.ts[0m:[93m199990[0m:[93m5[0m
    [7m199990[0m     where?: EngagementSurveyWhereInput
    [7m      [0m [96m    ~~~~~[0m
    The expected type comes from property 'where' which is declared here on type '{ select?: EngagementSurveySelect<DefaultArgs>; omit?: EngagementSurveyOmit<DefaultArgs>; include?: EngagementSurveyInclude<DefaultArgs>; ... 5 more ...; distinct?: EngagementSurveyScalarFieldEnum | EngagementSurveyScalarFieldEnum[]; }'

[96msrc/engagement/engagement.service.ts[0m:[93m304[0m:[93m18[0m - [91merror[0m[90m TS2353: [0mObject literal may only specify known properties, and 'type' does not exist in type 'EngagementSurveyOrderByWithRelationInput | EngagementSurveyOrderByWithRelationInput[]'.

[7m304[0m       orderBy: { type: 'asc' },
[7m   [0m [91m                 ~~~~[0m

  [96mnode_modules/.prisma/client/index.d.ts[0m:[93m199996[0m:[93m5[0m
    [7m199996[0m     orderBy?: EngagementSurveyOrderByWithRelationInput | EngagementSurveyOrderByWithRelationInput[]
    [7m      [0m [96m    ~~~~~~~[0m
    The expected type comes from property 'orderBy' which is declared here on type '{ select?: EngagementSurveySelect<DefaultArgs>; omit?: EngagementSurveyOmit<DefaultArgs>; include?: EngagementSurveyInclude<DefaultArgs>; ... 5 more ...; distinct?: EngagementSurveyScalarFieldEnum | EngagementSurveyScalarFieldEnum[]; }'

[96msrc/engagement/engagement.service.ts[0m:[93m315[0m:[93m18[0m - [91merror[0m[90m TS2353: [0mObject literal may only specify known properties, and 'type' does not exist in type 'EngagementSurveyWhereInput'.

[7m315[0m       where:   { type: SurveyType.ENPS, status: 'ACTIVE' },
[7m   [0m [91m                 ~~~~[0m

  [96mnode_modules/.prisma/client/index.d.ts[0m:[93m199886[0m:[93m5[0m
    [7m199886[0m     where?: EngagementSurveyWhereInput
    [7m      [0m [96m    ~~~~~[0m
    The expected type comes from property 'where' which is declared here on type '{ select?: EngagementSurveySelect<DefaultArgs>; omit?: EngagementSurveyOmit<DefaultArgs>; include?: EngagementSurveyInclude<DefaultArgs>; ... 5 more ...; distinct?: EngagementSurveyScalarFieldEnum | EngagementSurveyScalarFieldEnum[]; }'

[96msrc/engagement/engagement.service.ts[0m:[93m321[0m:[93m34[0m - [91merror[0m[90m TS2339: [0mProperty 'questions' does not exist on type '{ description: string; title: string; id: number; createdAt: Date; updatedAt: Date; status: string; endDate: Date; }'.

[7m321[0m     const eNPSQuestion = (survey.questions as any[]).find(q => q.type === 'ENPS');
[7m   [0m [91m                                 ~~~~~~~~~[0m

[96msrc/engagement/engagement.service.ts[0m:[93m335[0m:[93m18[0m - [91merror[0m[90m TS2353: [0mObject literal may only specify known properties, and 'type' does not exist in type 'EngagementSurveyWhereInput'.

[7m335[0m       where:   { type: SurveyType.ENPS, status: { in: ['ACTIVE', 'COMPLETED'] } },
[7m   [0m [91m                 ~~~~[0m

  [96mnode_modules/.prisma/client/index.d.ts[0m:[93m199886[0m:[93m5[0m
    [7m199886[0m     where?: EngagementSurveyWhereInput
    [7m      [0m [96m    ~~~~~[0m
    The expected type comes from property 'where' which is declared here on type '{ select?: EngagementSurveySelect<DefaultArgs>; omit?: EngagementSurveyOmit<DefaultArgs>; include?: EngagementSurveyInclude<DefaultArgs>; ... 5 more ...; distinct?: EngagementSurveyScalarFieldEnum | EngagementSurveyScalarFieldEnum[]; }'

[96msrc/engagement/engagement.service.ts[0m:[93m342[0m:[93m28[0m - [91merror[0m[90m TS2339: [0mProperty 'responses' does not exist on type '{ description: string; title: string; id: number; createdAt: Date; updatedAt: Date; status: string; endDate: Date; }'.

[7m342[0m     const scores = (survey.responses as any[])
[7m   [0m [91m                           ~~~~~~~~~[0m

[96msrc/engagement/engagement.service.ts[0m:[93m470[0m:[93m13[0m - [91merror[0m[90m TS2322: [0mType '{}' is not assignable to type 'string'.

[7m470[0m             metadata: {},
[7m   [0m [91m            ~~~~~~~~[0m

  [96mnode_modules/.prisma/client/index.d.ts[0m:[93m387079[0m:[93m5[0m
    [7m387079[0m     metadata?: string | null
    [7m      [0m [96m    ~~~~~~~~[0m
    The expected type comes from property 'metadata' which is declared here on type '(Without<NotificationLogCreateInput, NotificationLogUncheckedCreateInput> & NotificationLogUncheckedCreateInput) | (Without<...> & NotificationLogCreateInput)'

[96msrc/engagement/engagement.service.ts[0m:[93m499[0m:[93m11[0m - [91merror[0m[90m TS2322: [0mType '{}' is not assignable to type 'string'.

[7m499[0m           metadata: {},
[7m   [0m [91m          ~~~~~~~~[0m

  [96mnode_modules/.prisma/client/index.d.ts[0m:[93m387079[0m:[93m5[0m
    [7m387079[0m     metadata?: string | null
    [7m      [0m [96m    ~~~~~~~~[0m
    The expected type comes from property 'metadata' which is declared here on type '(Without<NotificationLogCreateInput, NotificationLogUncheckedCreateInput> & NotificationLogUncheckedCreateInput) | (Without<...> & NotificationLogCreateInput)'

[96msrc/engagement/engagement.service.ts[0m:[93m512[0m:[93m11[0m - [91merror[0m[90m TS2322: [0mType '{}' is not assignable to type 'string'.

[7m512[0m           metadata: {},
[7m   [0m [91m          ~~~~~~~~[0m

  [96mnode_modules/.prisma/client/index.d.ts[0m:[93m387079[0m:[93m5[0m
    [7m387079[0m     metadata?: string | null
    [7m      [0m [96m    ~~~~~~~~[0m
    The expected type comes from property 'metadata' which is declared here on type '(Without<NotificationLogCreateInput, NotificationLogUncheckedCreateInput> & NotificationLogUncheckedCreateInput) | (Without<...> & NotificationLogCreateInput)'

[96msrc/engagement/engagement.service.ts[0m:[93m604[0m:[93m9[0m - [91merror[0m[90m TS2322: [0mType '{}' is not assignable to type 'string'.

[7m604[0m         metadata: {},
[7m   [0m [91m        ~~~~~~~~[0m

  [96mnode_modules/.prisma/client/index.d.ts[0m:[93m387079[0m:[93m5[0m
    [7m387079[0m     metadata?: string | null
    [7m      [0m [96m    ~~~~~~~~[0m
    The expected type comes from property 'metadata' which is declared here on type '(Without<NotificationLogCreateInput, NotificationLogUncheckedCreateInput> & NotificationLogUncheckedCreateInput) | (Without<...> & NotificationLogCreateInput)'

[96msrc/engagement/engagement.service.ts[0m:[93m700[0m:[93m9[0m - [91merror[0m[90m TS2322: [0mType '{}' is not assignable to type 'string'.

[7m700[0m         metadata: {},
[7m   [0m [91m        ~~~~~~~~[0m

  [96mnode_modules/.prisma/client/index.d.ts[0m:[93m387079[0m:[93m5[0m
    [7m387079[0m     metadata?: string | null
    [7m      [0m [96m    ~~~~~~~~[0m
    The expected type comes from property 'metadata' which is declared here on type '(Without<NotificationLogCreateInput, NotificationLogUncheckedCreateInput> & NotificationLogUncheckedCreateInput) | (Without<...> & NotificationLogCreateInput)'

[96msrc/engagement/engagement.service.ts[0m:[93m755[0m:[93m11[0m - [91merror[0m[90m TS2322: [0mType '{}' is not assignable to type 'string'.

[7m755[0m           metadata: {},
[7m   [0m [91m          ~~~~~~~~[0m

  [96mnode_modules/.prisma/client/index.d.ts[0m:[93m387079[0m:[93m5[0m
    [7m387079[0m     metadata?: string | null
    [7m      [0m [96m    ~~~~~~~~[0m
    The expected type comes from property 'metadata' which is declared here on type '(Without<NotificationLogCreateInput, NotificationLogUncheckedCreateInput> & NotificationLogUncheckedCreateInput) | (Without<...> & NotificationLogCreateInput)'

[96msrc/engagement/engagement.service.ts[0m:[93m798[0m:[93m39[0m - [91merror[0m[90m TS2353: [0mObject literal may only specify known properties, and 'type' does not exist in type 'EngagementSurveyWhereInput'.

[7m798[0m       where:   { status: 'COMPLETED', type: { not: SurveyType.ENPS } },
[7m   [0m [91m                                      ~~~~[0m

  [96mnode_modules/.prisma/client/index.d.ts[0m:[93m199990[0m:[93m5[0m
    [7m199990[0m     where?: EngagementSurveyWhereInput
    [7m      [0m [96m    ~~~~~[0m
    The expected type comes from property 'where' which is declared here on type '{ select?: EngagementSurveySelect<DefaultArgs>; omit?: EngagementSurveyOmit<DefaultArgs>; include?: EngagementSurveyInclude<DefaultArgs>; ... 5 more ...; distinct?: EngagementSurveyScalarFieldEnum | EngagementSurveyScalarFieldEnum[]; }'

[96msrc/engagement/engagement.service.ts[0m:[93m805[0m:[93m27[0m - [91merror[0m[90m TS2339: [0mProperty 'responses' does not exist on type '{ description: string; title: string; id: number; createdAt: Date; updatedAt: Date; status: string; endDate: Date; }'.

[7m805[0m       const responses = s.responses as any[];
[7m   [0m [91m                          ~~~~~~~~~[0m

[96msrc/engagement/engagement.service.ts[0m:[93m809[0m:[93m56[0m - [91merror[0m[90m TS2339: [0mProperty 'type' does not exist on type '{ description: string; title: string; id: number; createdAt: Date; updatedAt: Date; status: string; endDate: Date; }'.

[7m809[0m       return { surveyId: s.id, title: s.title, type: s.type, date: s.createdAt, avgScore: avg, responses: responses.length };
[7m   [0m [91m                                                       ~~~~[0m

[96msrc/engagement/engagement.service.ts[0m:[93m819[0m:[93m23[0m - [91merror[0m[90m TS2339: [0mProperty 'responses' does not exist on type '{ description: string; title: string; id: number; createdAt: Date; updatedAt: Date; status: string; endDate: Date; }'.

[7m819[0m       ? +((surveys[0].responses.length / Math.max(totalUsers, 1)) * 100).toFixed(1)
[7m   [0m [91m                      ~~~~~~~~~[0m

[96msrc/engagement/engagement.service.ts[0m:[93m1049[0m:[93m42[0m - [91merror[0m[90m TS2353: [0mObject literal may only specify known properties, and 'type' does not exist in type 'EngagementSurveySelect<DefaultArgs>'.

[7m1049[0m         select: { id: true, title: true, type: true, endDate: true },
[7m    [0m [91m                                         ~~~~[0m

  [96mnode_modules/.prisma/client/index.d.ts[0m:[93m199978[0m:[93m5[0m
    [7m199978[0m     select?: EngagementSurveySelect<ExtArgs> | null
    [7m      [0m [96m    ~~~~~~[0m
    The expected type comes from property 'select' which is declared here on type '{ select?: EngagementSurveySelect<DefaultArgs>; omit?: EngagementSurveyOmit<DefaultArgs>; include?: EngagementSurveyInclude<DefaultArgs>; ... 5 more ...; distinct?: EngagementSurveyScalarFieldEnum | EngagementSurveyScalarFieldEnum[]; }'

[96msrc/enrollments/enrollments.service.ts[0m:[93m169[0m:[93m9[0m - [91merror[0m[90m TS2322: [0mType '{}' is not assignable to type 'string'.

[7m169[0m         metadata: {},
[7m   [0m [91m        ~~~~~~~~[0m

  [96mnode_modules/.prisma/client/index.d.ts[0m:[93m387079[0m:[93m5[0m
    [7m387079[0m     metadata?: string | null
    [7m      [0m [96m    ~~~~~~~~[0m
    The expected type comes from property 'metadata' which is declared here on type '(Without<NotificationLogCreateInput, NotificationLogUncheckedCreateInput> & NotificationLogUncheckedCreateInput) | (Without<...> & NotificationLogCreateInput)'

[96msrc/enrollments/enrollments.service.ts[0m:[93m318[0m:[93m9[0m - [91merror[0m[90m TS2322: [0mType '{}' is not assignable to type 'string'.

[7m318[0m         metadata: {},
[7m   [0m [91m        ~~~~~~~~[0m

  [96mnode_modules/.prisma/client/index.d.ts[0m:[93m387079[0m:[93m5[0m
    [7m387079[0m     metadata?: string | null
    [7m      [0m [96m    ~~~~~~~~[0m
    The expected type comes from property 'metadata' which is declared here on type '(Without<NotificationLogCreateInput, NotificationLogUncheckedCreateInput> & NotificationLogUncheckedCreateInput) | (Without<...> & NotificationLogCreateInput)'

[96msrc/evaluation/evaluation.service.ts[0m:[93m129[0m:[93m28[0m - [91merror[0m[90m TS2322: [0mType '{ cycleId: any; } | {}' is not assignable to type 'EvaluationRequestWhereInput'.
  Object literal may only specify known properties, and 'cycleId' does not exist in type 'EvaluationRequestWhereInput'.

[7m129[0m       where: (cycle.id ? { cycleId: cycle.id } : {}),
[7m   [0m [91m                           ~~~~~~~[0m

  [96mnode_modules/.prisma/client/index.d.ts[0m:[93m129153[0m:[93m5[0m
    [7m129153[0m     where?: EvaluationRequestWhereInput
    [7m      [0m [96m    ~~~~~[0m
    The expected type comes from property 'where' which is declared here on type '{ select?: EvaluationRequestSelect<DefaultArgs>; omit?: EvaluationRequestOmit<DefaultArgs>; include?: EvaluationRequestInclude<...>; ... 5 more ...; distinct?: EvaluationRequestScalarFieldEnum | EvaluationRequestScalarFieldEnum[]; }'

[96msrc/evaluation/evaluation.service.ts[0m:[93m167[0m:[93m7[0m - [91merror[0m[90m TS2559: [0mType '{ cycleId?: number; }' has no properties in common with type 'EvaluationRequestWhereInput'.

[7m167[0m       where: { ...(id ? { cycleId: id } : {}) },
[7m   [0m [91m      ~~~~~[0m

  [96mnode_modules/.prisma/client/index.d.ts[0m:[93m129153[0m:[93m5[0m
    [7m129153[0m     where?: EvaluationRequestWhereInput
    [7m      [0m [96m    ~~~~~[0m
    The expected type comes from property 'where' which is declared here on type '{ select?: EvaluationRequestSelect<DefaultArgs>; omit?: EvaluationRequestOmit<DefaultArgs>; include?: EvaluationRequestInclude<...>; ... 5 more ...; distinct?: EvaluationRequestScalarFieldEnum | EvaluationRequestScalarFieldEnum[]; }'

[96msrc/evaluation/evaluation.service.ts[0m:[93m173[0m:[93m7[0m - [91merror[0m[90m TS2322: [0mType '{ userId: any; type: string; message: string; metadata: {}; }[]' is not assignable to type 'NotificationLogCreateManyInput | NotificationLogCreateManyInput[]'.
  Type '{ userId: any; type: string; message: string; metadata: {}; }[]' is not assignable to type 'NotificationLogCreateManyInput[]'.
    Type '{ userId: any; type: string; message: string; metadata: {}; }' is not assignable to type 'NotificationLogCreateManyInput'.
      Types of property 'metadata' are incompatible.
        Type '{}' is not assignable to type 'string'.

[7m173[0m       data: uniqueIds.map(uid => ({
[7m   [0m [91m      ~~~~[0m

  [96mnode_modules/.prisma/client/index.d.ts[0m:[93m232971[0m:[93m5[0m
    [7m232971[0m     data: NotificationLogCreateManyInput | NotificationLogCreateManyInput[]
    [7m      [0m [96m    ~~~~[0m
    The expected type comes from property 'data' which is declared here on type '{ data: NotificationLogCreateManyInput | NotificationLogCreateManyInput[]; skipDuplicates?: boolean; }'

[96msrc/evaluation/evaluation.service.ts[0m:[93m272[0m:[93m9[0m - [91merror[0m[90m TS2353: [0mObject literal may only specify known properties, and 'type' does not exist in type 'EvaluationRequestWhereInput'.

[7m272[0m         type: dto.type as any,
[7m   [0m [91m        ~~~~[0m

  [96mnode_modules/.prisma/client/index.d.ts[0m:[93m129049[0m:[93m5[0m
    [7m129049[0m     where?: EvaluationRequestWhereInput
    [7m      [0m [96m    ~~~~~[0m
    The expected type comes from property 'where' which is declared here on type '{ select?: EvaluationRequestSelect<DefaultArgs>; omit?: EvaluationRequestOmit<DefaultArgs>; include?: EvaluationRequestInclude<...>; ... 5 more ...; distinct?: EvaluationRequestScalarFieldEnum | EvaluationRequestScalarFieldEnum[]; }'

[96msrc/evaluation/evaluation.service.ts[0m:[93m283[0m:[93m9[0m - [91merror[0m[90m TS2353: [0mObject literal may only specify known properties, and 'type' does not exist in type '(Without<EvaluationRequestCreateInput, EvaluationRequestUncheckedCreateInput> & EvaluationRequestUncheckedCreateInput) | (Without<...> & EvaluationRequestCreateInput)'.

[7m283[0m         type:        dto.type as any,
[7m   [0m [91m        ~~~~[0m

  [96mnode_modules/.prisma/client/index.d.ts[0m:[93m129205[0m:[93m5[0m
    [7m129205[0m     data: XOR<EvaluationRequestCreateInput, EvaluationRequestUncheckedCreateInput>
    [7m      [0m [96m    ~~~~[0m
    The expected type comes from property 'data' which is declared here on type '{ select?: EvaluationRequestSelect<DefaultArgs>; omit?: EvaluationRequestOmit<DefaultArgs>; include?: EvaluationRequestInclude<...>; data: (Without<...> & EvaluationRequestUncheckedCreateInput) | (Without<...> & EvaluationRequestCreateInput); }'

[96msrc/evaluation/evaluation.service.ts[0m:[93m299[0m:[93m9[0m - [91merror[0m[90m TS2322: [0mType '{}' is not assignable to type 'string'.

[7m299[0m         metadata: {},
[7m   [0m [91m        ~~~~~~~~[0m

  [96mnode_modules/.prisma/client/index.d.ts[0m:[93m387079[0m:[93m5[0m
    [7m387079[0m     metadata?: string | null
    [7m      [0m [96m    ~~~~~~~~[0m
    The expected type comes from property 'metadata' which is declared here on type '(Without<NotificationLogCreateInput, NotificationLogUncheckedCreateInput> & NotificationLogUncheckedCreateInput) | (Without<...> & NotificationLogCreateInput)'

[96msrc/evaluation/evaluation.service.ts[0m:[93m322[0m:[93m18[0m - [91merror[0m[90m TS2353: [0mObject literal may only specify known properties, and 'cycle' does not exist in type 'EvaluationRequestInclude<DefaultArgs>'.

[7m322[0m       include: { cycle: true },
[7m   [0m [91m                 ~~~~~[0m

  [96mnode_modules/.prisma/client/index.d.ts[0m:[93m129001[0m:[93m5[0m
    [7m129001[0m     include?: EvaluationRequestInclude<ExtArgs> | null
    [7m      [0m [96m    ~~~~~~~[0m
    The expected type comes from property 'include' which is declared here on type '{ select?: EvaluationRequestSelect<DefaultArgs>; omit?: EvaluationRequestOmit<DefaultArgs>; include?: EvaluationRequestInclude<...>; where: EvaluationRequestWhereUniqueInput; }'

[96msrc/evaluation/evaluation.service.ts[0m:[93m380[0m:[93m17[0m - [91merror[0m[90m TS2353: [0mObject literal may only specify known properties, and 'evaluatorId_evaluatedId_type_period' does not exist in type 'PerformanceEvaluationWhereUniqueInput'.

[7m380[0m       where:  { evaluatorId_evaluatedId_type_period: {
[7m   [0m [91m                ~~~~~~~~~~~~~~~~~~~~~~~~~~~~~~~~~~~[0m

  [96mnode_modules/.prisma/client/index.d.ts[0m:[93m128209[0m:[93m5[0m
    [7m128209[0m     where: PerformanceEvaluationWhereUniqueInput
    [7m      [0m [96m    ~~~~~[0m
    The expected type comes from property 'where' which is declared here on type '{ select?: PerformanceEvaluationSelect<DefaultArgs>; omit?: PerformanceEvaluationOmit<DefaultArgs>; include?: PerformanceEvaluationInclude<...>; where: PerformanceEvaluationWhereUniqueInput; create: (Without<...> & PerformanceEvaluationUncheckedCreateInput) | (Without<...> & PerformanceEvaluationCreateInput); update...'

[96msrc/evaluation/evaluation.service.ts[0m:[93m398[0m:[93m39[0m - [91merror[0m[90m TS2353: [0mObject literal may only specify known properties, and 'completedAt' does not exist in type '(Without<EvaluationRequestUpdateInput, EvaluationRequestUncheckedUpdateInput> & EvaluationRequestUncheckedUpdateInput) | (Without<...> & EvaluationRequestUpdateInput)'.

[7m398[0m         data:  { status: 'COMPLETED', completedAt: new Date() },
[7m   [0m [91m                                      ~~~~~~~~~~~[0m

  [96mnode_modules/.prisma/client/index.d.ts[0m:[93m129261[0m:[93m5[0m
    [7m129261[0m     data: XOR<EvaluationRequestUpdateInput, EvaluationRequestUncheckedUpdateInput>
    [7m      [0m [96m    ~~~~[0m
    The expected type comes from property 'data' which is declared here on type '{ select?: EvaluationRequestSelect<DefaultArgs>; omit?: EvaluationRequestOmit<DefaultArgs>; include?: EvaluationRequestInclude<...>; data: (Without<...> & EvaluationRequestUncheckedUpdateInput) | (Without<...> & EvaluationRequestUpdateInput); where: EvaluationRequestWhereUniqueInput; }'

[96msrc/evaluation/evaluation.service.ts[0m:[93m418[0m:[93m29[0m - [91merror[0m[90m TS2353: [0mObject literal may only specify known properties, and 'cycleId' does not exist in type 'EvaluationRequestWhereInput'.

[7m418[0m       where: { evaluatedId, cycleId },
[7m   [0m [91m                            ~~~~~~~[0m

  [96mnode_modules/.prisma/client/index.d.ts[0m:[93m129153[0m:[93m5[0m
    [7m129153[0m     where?: EvaluationRequestWhereInput
    [7m      [0m [96m    ~~~~~[0m
    The expected type comes from property 'where' which is declared here on type '{ select?: EvaluationRequestSelect<DefaultArgs>; omit?: EvaluationRequestOmit<DefaultArgs>; include?: EvaluationRequestInclude<...>; ... 5 more ...; distinct?: EvaluationRequestScalarFieldEnum | EvaluationRequestScalarFieldEnum[]; }'

[96msrc/evaluation/evaluation.service.ts[0m:[93m430[0m:[93m11[0m - [91merror[0m[90m TS2322: [0mType '{}' is not assignable to type 'string'.

[7m430[0m           metadata: {},
[7m   [0m [91m          ~~~~~~~~[0m

  [96mnode_modules/.prisma/client/index.d.ts[0m:[93m387079[0m:[93m5[0m
    [7m387079[0m     metadata?: string | null
    [7m      [0m [96m    ~~~~~~~~[0m
    The expected type comes from property 'metadata' which is declared here on type '(Without<NotificationLogCreateInput, NotificationLogUncheckedCreateInput> & NotificationLogUncheckedCreateInput) | (Without<...> & NotificationLogCreateInput)'

[96msrc/evaluation/evaluation.service.ts[0m:[93m473[0m:[93m9[0m - [91merror[0m[90m TS2353: [0mObject literal may only specify known properties, and 'cycle' does not exist in type 'EvaluationRequestInclude<DefaultArgs>'.

[7m473[0m         cycle: { select: { id: true, name: true, endDate: true, model: true } },
[7m   [0m [91m        ~~~~~[0m

  [96mnode_modules/.prisma/client/index.d.ts[0m:[93m129149[0m:[93m5[0m
    [7m129149[0m     include?: EvaluationRequestInclude<ExtArgs> | null
    [7m      [0m [96m    ~~~~~~~[0m
    The expected type comes from property 'include' which is declared here on type '{ select?: EvaluationRequestSelect<DefaultArgs>; omit?: EvaluationRequestOmit<DefaultArgs>; include?: EvaluationRequestInclude<...>; ... 5 more ...; distinct?: EvaluationRequestScalarFieldEnum | EvaluationRequestScalarFieldEnum[]; }'

[96msrc/evaluation/evaluation.service.ts[0m:[93m697[0m:[93m9[0m - [91merror[0m[90m TS2322: [0mType '{}' is not assignable to type 'string'.

[7m697[0m         metadata: {},
[7m   [0m [91m        ~~~~~~~~[0m

  [96mnode_modules/.prisma/client/index.d.ts[0m:[93m387079[0m:[93m5[0m
    [7m387079[0m     metadata?: string | null
    [7m      [0m [96m    ~~~~~~~~[0m
    The expected type comes from property 'metadata' which is declared here on type '(Without<NotificationLogCreateInput, NotificationLogUncheckedCreateInput> & NotificationLogUncheckedCreateInput) | (Without<...> & NotificationLogCreateInput)'

[96msrc/evaluation/evaluation.service.ts[0m:[93m722[0m:[93m64[0m - [91merror[0m[90m TS2322: [0mType '{ cycleId: number; } | {}' is not assignable to type 'EvaluationRequestWhereInput'.
  Object literal may only specify known properties, and 'cycleId' does not exist in type 'EvaluationRequestWhereInput'.

[7m722[0m       this.prisma.evaluationRequest.count({ where: cycleId ? { cycleId } : {} }).catch(() => 0),
[7m   [0m [91m                                                               ~~~~~~~[0m

  [96mnode_modules/.prisma/client/index.d.ts[0m:[93m129153[0m:[93m5[0m
    [7m129153[0m     where?: EvaluationRequestWhereInput
    [7m      [0m [96m    ~~~~~[0m
    The expected type comes from property 'where' which is declared here on type 'Subset<EvaluationRequestCountArgs<DefaultArgs>, EvaluationRequestCountArgs<DefaultArgs>>'

[96msrc/evaluation/evaluation.service.ts[0m:[93m886[0m:[93m11[0m - [91merror[0m[90m TS2322: [0mType '{}' is not assignable to type 'string'.

[7m886[0m           metadata: {},
[7m   [0m [91m          ~~~~~~~~[0m

  [96mnode_modules/.prisma/client/index.d.ts[0m:[93m387079[0m:[93m5[0m
    [7m387079[0m     metadata?: string | null
    [7m      [0m [96m    ~~~~~~~~[0m
    The expected type comes from property 'metadata' which is declared here on type '(Without<NotificationLogCreateInput, NotificationLogUncheckedCreateInput> & NotificationLogUncheckedCreateInput) | (Without<...> & NotificationLogCreateInput)'

[96msrc/evaluation360/evaluation360.events.ts[0m:[93m26[0m:[93m32[0m - [91merror[0m[90m TS2339: [0mProperty 'sendToUser' does not exist on type 'NotificationsService'.

[7m26[0m       await this.notifications.sendToUser(assignment.evaluatorId, {
[7m  [0m [91m                               ~~~~~~~~~~[0m

[96msrc/evaluation360/evaluation360.events.ts[0m:[93m44[0m:[93m32[0m - [91merror[0m[90m TS2339: [0mProperty 'sendToUser' does not exist on type 'NotificationsService'.

[7m44[0m       await this.notifications.sendToUser(assignment.evaluatorId, {
[7m  [0m [91m                               ~~~~~~~~~~[0m

[96msrc/evaluation360/evaluation360.events.ts[0m:[93m99[0m:[93m34[0m - [91merror[0m[90m TS2339: [0mProperty 'sendToUser' does not exist on type 'NotificationsService'.

[7m99[0m         await this.notifications.sendToUser(p.userId, {
[7m  [0m [91m                                 ~~~~~~~~~~[0m

[96msrc/evaluation360/evaluation360.events.ts[0m:[93m122[0m:[93m32[0m - [91merror[0m[90m TS2339: [0mProperty 'sendToUser' does not exist on type 'NotificationsService'.

[7m122[0m       await this.notifications.sendToUser(feedback.toUserId, {
[7m   [0m [91m                               ~~~~~~~~~~[0m

[96msrc/evaluation360/evaluation360.service.ts[0m:[93m49[0m:[93m9[0m - [91merror[0m[90m TS2353: [0mObject literal may only specify known properties, and 'type' does not exist in type '(Without<CompetencyCreateInput, CompetencyUncheckedCreateInput> & CompetencyUncheckedCreateInput) | (Without<...> & CompetencyCreateInput)'.

[7m49[0m         type: dto.type,
[7m  [0m [91m        ~~~~[0m

  [96mnode_modules/.prisma/client/index.d.ts[0m:[93m108805[0m:[93m5[0m
    [7m108805[0m     data: XOR<CompetencyCreateInput, CompetencyUncheckedCreateInput>
    [7m      [0m [96m    ~~~~[0m
    The expected type comes from property 'data' which is declared here on type '{ select?: CompetencySelect<DefaultArgs>; omit?: CompetencyOmit<DefaultArgs>; include?: CompetencyInclude<DefaultArgs>; data: (Without<...> & CompetencyUncheckedCreateInput) | (Without<...> & CompetencyCreateInput); }'

[96msrc/evaluation360/evaluation360.service.ts[0m:[93m59[0m:[93m18[0m - [91merror[0m[90m TS2353: [0mObject literal may only specify known properties, and 'indicators' does not exist in type 'CompetencyInclude<DefaultArgs>'.

[7m59[0m       include: { indicators: true },
[7m  [0m [91m                 ~~~~~~~~~~[0m

  [96mnode_modules/.prisma/client/index.d.ts[0m:[93m108801[0m:[93m5[0m
    [7m108801[0m     include?: CompetencyInclude<ExtArgs> | null
    [7m      [0m [96m    ~~~~~~~[0m
    The expected type comes from property 'include' which is declared here on type '{ select?: CompetencySelect<DefaultArgs>; omit?: CompetencyOmit<DefaultArgs>; include?: CompetencyInclude<DefaultArgs>; data: (Without<...> & CompetencyUncheckedCreateInput) | (Without<...> & CompetencyCreateInput); }'

[96msrc/evaluation360/evaluation360.service.ts[0m:[93m61[0m:[93m93[0m - [91merror[0m[90m TS2322: [0mType 'string' is not assignable to type 'number'.

[7m61[0m     await this.audit.log({ entity: 'Competency', entityId: competency.id, action: 'CREATE', userId: actorId, details: { name: dto.name, type: dto.type } });
[7m  [0m [91m                                                                                            ~~~~~~[0m

  [96msrc/common/services/audit.service.ts[0m:[93m10[0m:[93m3[0m
    [7m10[0m   userId:      number;
    [7m  [0m [96m  ~~~~~~[0m
    The expected type comes from property 'userId' which is declared here on type 'AuditLogInput'

[96msrc/evaluation360/evaluation360.service.ts[0m:[93m66[0m:[93m69[0m - [91merror[0m[90m TS2322: [0mType 'string' is not assignable to type 'number'.

[7m66[0m     const comp = await this.prisma.competency.findUnique({ where: { id } });
[7m  [0m [91m                                                                    ~~[0m

  [96mnode_modules/.prisma/client/index.d.ts[0m:[93m355194[0m:[93m5[0m
    [7m355194[0m     id?: number
    [7m      [0m [96m    ~~[0m
    The expected type comes from property 'id' which is declared here on type 'CompetencyWhereUniqueInput'

[96msrc/evaluation360/evaluation360.service.ts[0m:[93m68[0m:[93m68[0m - [91merror[0m[90m TS2322: [0mType 'string' is not assignable to type 'number'.

[7m68[0m     const updated = await this.prisma.competency.update({ where: { id }, data: dto });
[7m  [0m [91m                                                                   ~~[0m

  [96mnode_modules/.prisma/client/index.d.ts[0m:[93m355194[0m:[93m5[0m
    [7m355194[0m     id?: number
    [7m      [0m [96m    ~~[0m
    The expected type comes from property 'id' which is declared here on type 'CompetencyWhereUniqueInput'

[96msrc/evaluation360/evaluation360.service.ts[0m:[93m69[0m:[93m50[0m - [91merror[0m[90m TS2322: [0mType 'string' is not assignable to type 'number'.

[7m69[0m     await this.audit.log({ entity: 'Competency', entityId: id, action: 'UPDATE', userId: actorId, details: dto });
[7m  [0m [91m                                                 ~~~~~~~~[0m

  [96msrc/common/services/audit.service.ts[0m:[93m9[0m:[93m3[0m
    [7m9[0m   entityId?:   number;
    [7m [0m [96m  ~~~~~~~~[0m
    The expected type comes from property 'entityId' which is declared here on type 'AuditLogInput'

[96msrc/evaluation360/evaluation360.service.ts[0m:[93m69[0m:[93m82[0m - [91merror[0m[90m TS2322: [0mType 'string' is not assignable to type 'number'.

[7m69[0m     await this.audit.log({ entity: 'Competency', entityId: id, action: 'UPDATE', userId: actorId, details: dto });
[7m  [0m [91m                                                                                 ~~~~~~[0m

  [96msrc/common/services/audit.service.ts[0m:[93m10[0m:[93m3[0m
    [7m10[0m   userId:      number;
    [7m  [0m [96m  ~~~~~~[0m
    The expected type comes from property 'userId' which is declared here on type 'AuditLogInput'

[96msrc/evaluation360/evaluation360.service.ts[0m:[93m80[0m:[93m18[0m - [91merror[0m[90m TS2353: [0mObject literal may only specify known properties, and 'indicators' does not exist in type 'CompetencyInclude<DefaultArgs>'.

[7m80[0m       include: { indicators: { orderBy: { level: 'asc' } } },
[7m  [0m [91m                 ~~~~~~~~~~[0m

  [96mnode_modules/.prisma/client/index.d.ts[0m:[93m108749[0m:[93m5[0m
    [7m108749[0m     include?: CompetencyInclude<ExtArgs> | null
    [7m      [0m [96m    ~~~~~~~[0m
    The expected type comes from property 'include' which is declared here on type '{ select?: CompetencySelect<DefaultArgs>; omit?: CompetencyOmit<DefaultArgs>; include?: CompetencyInclude<DefaultArgs>; ... 5 more ...; distinct?: CompetencyScalarFieldEnum | CompetencyScalarFieldEnum[]; }'

[96msrc/evaluation360/evaluation360.service.ts[0m:[93m133[0m:[93m93[0m - [91merror[0m[90m TS2322: [0mType 'string' is not assignable to type 'number'.

[7m133[0m     await this.audit.log({ entity: 'EvaluationCycle', entityId: cycle.id, action: 'CREATE', userId: actorId, details: { name: dto.name, model: dto.model } });
[7m   [0m [91m                                                                                            ~~~~~~[0m

  [96msrc/common/services/audit.service.ts[0m:[93m10[0m:[93m3[0m
    [7m10[0m   userId:      number;
    [7m  [0m [96m  ~~~~~~[0m
    The expected type comes from property 'userId' which is declared here on type 'AuditLogInput'

[96msrc/evaluation360/evaluation360.service.ts[0m:[93m144[0m:[93m55[0m - [91merror[0m[90m TS2322: [0mType 'string' is not assignable to type 'number'.

[7m144[0m     await this.audit.log({ entity: 'EvaluationCycle', entityId: id, action: 'UPDATE', userId: actorId, details: dto });
[7m   [0m [91m                                                      ~~~~~~~~[0m

  [96msrc/common/services/audit.service.ts[0m:[93m9[0m:[93m3[0m
    [7m9[0m   entityId?:   number;
    [7m [0m [96m  ~~~~~~~~[0m
    The expected type comes from property 'entityId' which is declared here on type 'AuditLogInput'

[96msrc/evaluation360/evaluation360.service.ts[0m:[93m144[0m:[93m87[0m - [91merror[0m[90m TS2322: [0mType 'string' is not assignable to type 'number'.

[7m144[0m     await this.audit.log({ entity: 'EvaluationCycle', entityId: id, action: 'UPDATE', userId: actorId, details: dto });
[7m   [0m [91m                                                                                      ~~~~~~[0m

  [96msrc/common/services/audit.service.ts[0m:[93m10[0m:[93m3[0m
    [7m10[0m   userId:      number;
    [7m  [0m [96m  ~~~~~~[0m
    The expected type comes from property 'userId' which is declared here on type 'AuditLogInput'

[96msrc/evaluation360/evaluation360.service.ts[0m:[93m167[0m:[93m55[0m - [91merror[0m[90m TS2322: [0mType 'string' is not assignable to type 'number'.

[7m167[0m     await this.audit.log({ entity: 'EvaluationCycle', entityId: id, action: 'PUBLISH', userId: actorId, details: { sendInvitesNow: dto.sendInvitesNow } });
[7m   [0m [91m                                                      ~~~~~~~~[0m

  [96msrc/common/services/audit.service.ts[0m:[93m9[0m:[93m3[0m
    [7m9[0m   entityId?:   number;
    [7m [0m [96m  ~~~~~~~~[0m
    The expected type comes from property 'entityId' which is declared here on type 'AuditLogInput'

[96msrc/evaluation360/evaluation360.service.ts[0m:[93m167[0m:[93m88[0m - [91merror[0m[90m TS2322: [0mType 'string' is not assignable to type 'number'.

[7m167[0m     await this.audit.log({ entity: 'EvaluationCycle', entityId: id, action: 'PUBLISH', userId: actorId, details: { sendInvitesNow: dto.sendInvitesNow } });
[7m   [0m [91m                                                                                       ~~~~~~[0m

  [96msrc/common/services/audit.service.ts[0m:[93m10[0m:[93m3[0m
    [7m10[0m   userId:      number;
    [7m  [0m [96m  ~~~~~~[0m
    The expected type comes from property 'userId' which is declared here on type 'AuditLogInput'

[96msrc/evaluation360/evaluation360.service.ts[0m:[93m207[0m:[93m99[0m - [91merror[0m[90m TS2322: [0mType 'string' is not assignable to type 'number'.

[7m207[0m     await this.audit.log({ entity: 'EvaluationQuestion', entityId: question.id, action: 'CREATE', userId: actorId, details: { text: dto.text } });
[7m   [0m [91m                                                                                                  ~~~~~~[0m

  [96msrc/common/services/audit.service.ts[0m:[93m10[0m:[93m3[0m
    [7m10[0m   userId:      number;
    [7m  [0m [96m  ~~~~~~[0m
    The expected type comes from property 'userId' which is declared here on type 'AuditLogInput'

[96msrc/evaluation360/evaluation360.service.ts[0m:[93m234[0m:[93m56[0m - [91merror[0m[90m TS2322: [0mType 'string' is not assignable to type 'number'.

[7m234[0m     await this.audit.log({ entity: 'CycleParticipant', entityId: cycleId, action: 'CREATE', userId: actorId, details: results });
[7m   [0m [91m                                                       ~~~~~~~~[0m

  [96msrc/common/services/audit.service.ts[0m:[93m9[0m:[93m3[0m
    [7m9[0m   entityId?:   number;
    [7m [0m [96m  ~~~~~~~~[0m
    The expected type comes from property 'entityId' which is declared here on type 'AuditLogInput'

[96msrc/evaluation360/evaluation360.service.ts[0m:[93m234[0m:[93m93[0m - [91merror[0m[90m TS2322: [0mType 'string' is not assignable to type 'number'.

[7m234[0m     await this.audit.log({ entity: 'CycleParticipant', entityId: cycleId, action: 'CREATE', userId: actorId, details: results });
[7m   [0m [91m                                                                                            ~~~~~~[0m

  [96msrc/common/services/audit.service.ts[0m:[93m10[0m:[93m3[0m
    [7m10[0m   userId:      number;
    [7m  [0m [96m  ~~~~~~[0m
    The expected type comes from property 'userId' which is declared here on type 'AuditLogInput'

[96msrc/evaluation360/evaluation360.service.ts[0m:[93m266[0m:[93m68[0m - [91merror[0m[90m TS2322: [0mType 'string' is not assignable to type 'number'.

[7m266[0m     const evaluatee = await this.prisma.user.findUnique({ where: { id: dto.evaluateeId } });
[7m   [0m [91m                                                                   ~~[0m

  [96mnode_modules/.prisma/client/index.d.ts[0m:[93m349677[0m:[93m5[0m
    [7m349677[0m     id?: number
    [7m      [0m [96m    ~~[0m
    The expected type comes from property 'id' which is declared here on type 'UserWhereUniqueInput'

[96msrc/evaluation360/evaluation360.service.ts[0m:[93m285[0m:[93m17[0m - [91merror[0m[90m TS2322: [0mType 'string' is not assignable to type 'number | NestedIntFilter<"User">'.

[7m285[0m           id: { not: dto.evaluateeId },
[7m   [0m [91m                ~~~[0m

[96msrc/evaluation360/evaluation360.service.ts[0m:[93m290[0m:[93m47[0m - [91merror[0m[90m TS2322: [0mType 'number' is not assignable to type 'string'.

[7m290[0m       peers.forEach((p) => suggestions.push({ userId: p.id, role: EvaluatorRole.PEER, reason: 'Par do mesmo departamento' }));
[7m   [0m [91m                                              ~~~~~~[0m

  [96msrc/evaluation360/evaluation360.service.ts[0m:[93m269[0m:[93m26[0m
    [7m269[0m     const suggestions: { userId: string; role: EvaluatorRole; reason: string }[] = [];
    [7m   [0m [96m                         ~~~~~~[0m
    The expected type comes from property 'userId' which is declared here on type '{ userId: string; role: EvaluatorRole; reason: string; }'

[96msrc/evaluation360/evaluation360.service.ts[0m:[93m295[0m:[93m16[0m - [91merror[0m[90m TS2322: [0mType 'string' is not assignable to type 'number | IntNullableFilter<"User">'.

[7m295[0m       where: { managerId: dto.evaluateeId },
[7m   [0m [91m               ~~~~~~~~~[0m

  [96mnode_modules/.prisma/client/index.d.ts[0m:[93m349325[0m:[93m5[0m
    [7m349325[0m     managerId?: IntNullableFilter<"User"> | number | null
    [7m      [0m [96m    ~~~~~~~~~[0m
    The expected type comes from property 'managerId' which is declared here on type 'UserWhereInput'

[96msrc/evaluation360/evaluation360.service.ts[0m:[93m298[0m:[93m52[0m - [91merror[0m[90m TS2322: [0mType 'number' is not assignable to type 'string'.

[7m298[0m     subordinates.forEach((s) => suggestions.push({ userId: s.id, role: EvaluatorRole.SUBORDINATE, reason: 'Subordinado directo' }));
[7m   [0m [91m                                                   ~~~~~~[0m

  [96msrc/evaluation360/evaluation360.service.ts[0m:[93m269[0m:[93m26[0m
    [7m269[0m     const suggestions: { userId: string; role: EvaluatorRole; reason: string }[] = [];
    [7m   [0m [96m                         ~~~~~~[0m
    The expected type comes from property 'userId' which is declared here on type '{ userId: string; role: EvaluatorRole; reason: string; }'

[96msrc/evaluation360/evaluation360.service.ts[0m:[93m330[0m:[93m59[0m - [91merror[0m[90m TS2322: [0mType 'string' is not assignable to type 'number'.

[7m330[0m     await this.audit.log({ entity: 'EvaluatorAssignment', entityId: cycleId, action: 'CREATE', userId: actorId, details: { created: results.created } });
[7m   [0m [91m                                                          ~~~~~~~~[0m

  [96msrc/common/services/audit.service.ts[0m:[93m9[0m:[93m3[0m
    [7m9[0m   entityId?:   number;
    [7m [0m [96m  ~~~~~~~~[0m
    The expected type comes from property 'entityId' which is declared here on type 'AuditLogInput'

[96msrc/evaluation360/evaluation360.service.ts[0m:[93m330[0m:[93m96[0m - [91merror[0m[90m TS2322: [0mType 'string' is not assignable to type 'number'.

[7m330[0m     await this.audit.log({ entity: 'EvaluatorAssignment', entityId: cycleId, action: 'CREATE', userId: actorId, details: { created: results.created } });
[7m   [0m [91m                                                                                               ~~~~~~[0m

  [96msrc/common/services/audit.service.ts[0m:[93m10[0m:[93m3[0m
    [7m10[0m   userId:      number;
    [7m  [0m [96m  ~~~~~~[0m
    The expected type comes from property 'userId' which is declared here on type 'AuditLogInput'

[96msrc/evaluation360/evaluation360.service.ts[0m:[93m377[0m:[93m55[0m - [91merror[0m[90m TS2322: [0mType 'string' is not assignable to type 'number'.

[7m377[0m     await this.audit.log({ entity: 'EvaluationCycle', entityId: cycleId, action: 'REMIND', userId: actorId, details: { sent: pending.length } });
[7m   [0m [91m                                                      ~~~~~~~~[0m

  [96msrc/common/services/audit.service.ts[0m:[93m9[0m:[93m3[0m
    [7m9[0m   entityId?:   number;
    [7m [0m [96m  ~~~~~~~~[0m
    The expected type comes from property 'entityId' which is declared here on type 'AuditLogInput'

[96msrc/evaluation360/evaluation360.service.ts[0m:[93m377[0m:[93m92[0m - [91merror[0m[90m TS2322: [0mType 'string' is not assignable to type 'number'.

[7m377[0m     await this.audit.log({ entity: 'EvaluationCycle', entityId: cycleId, action: 'REMIND', userId: actorId, details: { sent: pending.length } });
[7m   [0m [91m                                                                                           ~~~~~~[0m

  [96msrc/common/services/audit.service.ts[0m:[93m10[0m:[93m3[0m
    [7m10[0m   userId:      number;
    [7m  [0m [96m  ~~~~~~[0m
    The expected type comes from property 'userId' which is declared here on type 'AuditLogInput'

[96msrc/evaluation360/evaluation360.service.ts[0m:[93m490[0m:[93m127[0m - [91merror[0m[90m TS2322: [0mType 'string' is not assignable to type 'number'.

[7m490[0m     await this.audit.log({ entity: 'EvaluationResponse', entityId: response.id, action: dto.submit ? 'SUBMIT' : 'SAVE_DRAFT', userId: actorId, details: { evaluateeId } });
[7m   [0m [91m                                                                                                                              ~~~~~~[0m

  [96msrc/common/services/audit.service.ts[0m:[93m10[0m:[93m3[0m
    [7m10[0m   userId:      number;
    [7m  [0m [96m  ~~~~~~[0m
    The expected type comes from property 'userId' which is declared here on type 'AuditLogInput'

[96msrc/evaluation360/evaluation360.service.ts[0m:[93m514[0m:[93m55[0m - [91merror[0m[90m TS2322: [0mType 'string' is not assignable to type 'number'.

[7m514[0m     await this.audit.log({ entity: 'EvaluationCycle', entityId: cycleId, action: 'CALCULATE_RESULTS', userId: actorId, details: { participants: participants.length } });
[7m   [0m [91m                                                      ~~~~~~~~[0m

  [96msrc/common/services/audit.service.ts[0m:[93m9[0m:[93m3[0m
    [7m9[0m   entityId?:   number;
    [7m [0m [96m  ~~~~~~~~[0m
    The expected type comes from property 'entityId' which is declared here on type 'AuditLogInput'

[96msrc/evaluation360/evaluation360.service.ts[0m:[93m514[0m:[93m103[0m - [91merror[0m[90m TS2322: [0mType 'string' is not assignable to type 'number'.

[7m514[0m     await this.audit.log({ entity: 'EvaluationCycle', entityId: cycleId, action: 'CALCULATE_RESULTS', userId: actorId, details: { participants: participants.length } });
[7m   [0m [91m                                                                                                      ~~~~~~[0m

  [96msrc/common/services/audit.service.ts[0m:[93m10[0m:[93m3[0m
    [7m10[0m   userId:      number;
    [7m  [0m [96m  ~~~~~~[0m
    The expected type comes from property 'userId' which is declared here on type 'AuditLogInput'

[96msrc/evaluation360/evaluation360.service.ts[0m:[93m684[0m:[93m16[0m - [91merror[0m[90m TS2322: [0mType 'string' is not assignable to type 'number | IntNullableFilter<"User">'.

[7m684[0m       where: { managerId },
[7m   [0m [91m               ~~~~~~~~~[0m

  [96mnode_modules/.prisma/client/index.d.ts[0m:[93m349325[0m:[93m5[0m
    [7m349325[0m     managerId?: IntNullableFilter<"User"> | number | null
    [7m      [0m [96m    ~~~~~~~~~[0m
    The expected type comes from property 'managerId' which is declared here on type 'UserWhereInput'

[96msrc/evaluation360/evaluation360.service.ts[0m:[93m821[0m:[93m7[0m - [91merror[0m[90m TS2322: [0mType 'string' is not assignable to type 'number'.

[7m821[0m       userId: actorId,
[7m   [0m [91m      ~~~~~~[0m

  [96msrc/common/services/audit.service.ts[0m:[93m10[0m:[93m3[0m
    [7m10[0m   userId:      number;
    [7m  [0m [96m  ~~~~~~[0m
    The expected type comes from property 'userId' which is declared here on type 'AuditLogInput'

[96msrc/events/events.service.ts[0m:[93m212[0m:[93m9[0m - [91merror[0m[90m TS2322: [0mType '{}' is not assignable to type 'string'.

[7m212[0m         metadata: {},
[7m   [0m [91m        ~~~~~~~~[0m

  [96mnode_modules/.prisma/client/index.d.ts[0m:[93m387079[0m:[93m5[0m
    [7m387079[0m     metadata?: string | null
    [7m      [0m [96m    ~~~~~~~~[0m
    The expected type comes from property 'metadata' which is declared here on type '(Without<NotificationLogCreateInput, NotificationLogUncheckedCreateInput> & NotificationLogUncheckedCreateInput) | (Without<...> & NotificationLogCreateInput)'

[96msrc/history/history.service.ts[0m:[93m267[0m:[93m53[0m - [91merror[0m[90m TS2353: [0mObject literal may only specify known properties, and 'category' does not exist in type 'AvatarScenarioSelect<DefaultArgs>'.

[7m267[0m       include: { scenario: { select: { title: true, category: true } } },
[7m   [0m [91m                                                    ~~~~~~~~[0m

[96msrc/knowledge/knowledge.service.ts[0m:[93m271[0m:[93m11[0m - [91merror[0m[90m TS2322: [0mType '{}' is not assignable to type 'string'.

[7m271[0m           metadata: {},
[7m   [0m [91m          ~~~~~~~~[0m

  [96mnode_modules/.prisma/client/index.d.ts[0m:[93m387079[0m:[93m5[0m
    [7m387079[0m     metadata?: string | null
    [7m      [0m [96m    ~~~~~~~~[0m
    The expected type comes from property 'metadata' which is declared here on type '(Without<NotificationLogCreateInput, NotificationLogUncheckedCreateInput> & NotificationLogUncheckedCreateInput) | (Without<...> & NotificationLogCreateInput)'

[96msrc/knowledge/knowledge.service.ts[0m:[93m398[0m:[93m11[0m - [91merror[0m[90m TS2322: [0mType '{}' is not assignable to type 'string'.

[7m398[0m           metadata: {},
[7m   [0m [91m          ~~~~~~~~[0m

  [96mnode_modules/.prisma/client/index.d.ts[0m:[93m387079[0m:[93m5[0m
    [7m387079[0m     metadata?: string | null
    [7m      [0m [96m    ~~~~~~~~[0m
    The expected type comes from property 'metadata' which is declared here on type '(Without<NotificationLogCreateInput, NotificationLogUncheckedCreateInput> & NotificationLogUncheckedCreateInput) | (Without<...> & NotificationLogCreateInput)'

[96msrc/knowledge/knowledge.service.ts[0m:[93m443[0m:[93m11[0m - [91merror[0m[90m TS2322: [0mType '{}' is not assignable to type 'string'.

[7m443[0m           metadata: {},
[7m   [0m [91m          ~~~~~~~~[0m

  [96mnode_modules/.prisma/client/index.d.ts[0m:[93m387079[0m:[93m5[0m
    [7m387079[0m     metadata?: string | null
    [7m      [0m [96m    ~~~~~~~~[0m
    The expected type comes from property 'metadata' which is declared here on type '(Without<NotificationLogCreateInput, NotificationLogUncheckedCreateInput> & NotificationLogUncheckedCreateInput) | (Without<...> & NotificationLogCreateInput)'

[96msrc/leader/leader.service.ts[0m:[93m251[0m:[93m76[0m - [91merror[0m[90m TS2353: [0mObject literal may only specify known properties, and 'type' does not exist in type 'CompetencySelect<DefaultArgs>'.

[7m251[0m         userCompetencies: { include: { competency: { select: { name: true, type: true } } } },
[7m   [0m [91m                                                                           ~~~~[0m

[96msrc/leader/leader.service.ts[0m:[93m253[0m:[93m56[0m - [91merror[0m[90m TS2353: [0mObject literal may only specify known properties, and 'period' does not exist in type 'PerformanceReviewSelect<DefaultArgs>'.

[7m253[0m           select: { id: true, score: true, type: true, period: true, createdAt: true } },
[7m   [0m [91m                                                       ~~~~~~[0m

[96msrc/leader/leader.service.ts[0m:[93m271[0m:[93m31[0m - [91merror[0m[90m TS2339: [0mProperty 'performanceReviews' does not exist on type '{ email: string; password: string; fullName: string; unitId: number; departmentId: number; positionId: number; id: number; employeeNumber: string; avatarUrl: string; phone: string; birthDate: Date; ... 13 more ...; managerId: number; }'.

[7m271[0m     const latestPerf = member.performanceReviews[0]?.score ?? null;
[7m   [0m [91m                              ~~~~~~~~~~~~~~~~~~[0m

[96msrc/leader/leader.service.ts[0m:[93m272[0m:[93m31[0m - [91merror[0m[90m TS2339: [0mProperty 'developmentPlans' does not exist on type '{ email: string; password: string; fullName: string; unitId: number; departmentId: number; positionId: number; id: number; employeeNumber: string; avatarUrl: string; phone: string; birthDate: Date; ... 13 more ...; managerId: number; }'.

[7m272[0m     const plan       = member.developmentPlans[0];
[7m   [0m [91m                              ~~~~~~~~~~~~~~~~[0m

[96msrc/leader/leader.service.ts[0m:[93m281[0m:[93m49[0m - [91merror[0m[90m TS2339: [0mProperty 'enrollments' does not exist on type '{ email: string; password: string; fullName: string; unitId: number; departmentId: number; positionId: number; id: number; employeeNumber: string; avatarUrl: string; phone: string; birthDate: Date; ... 13 more ...; managerId: number; }'.

[7m281[0m       riskLevel: computeRisk(latestPerf, member.enrollments.filter(e => e.status === 'EM_ANDAMENTO').length, 0),
[7m   [0m [91m                                                ~~~~~~~~~~~[0m

[96msrc/leader/leader.service.ts[0m:[93m283[0m:[93m18[0m - [91merror[0m[90m TS2339: [0mProperty 'points' does not exist on type '{ email: string; password: string; fullName: string; unitId: number; departmentId: number; positionId: number; id: number; employeeNumber: string; avatarUrl: string; phone: string; birthDate: Date; ... 13 more ...; managerId: number; }'.

[7m283[0m       xp: member.points?.points ?? 0,
[7m   [0m [91m                 ~~~~~~[0m

[96msrc/leader/leader.service.ts[0m:[93m354[0m:[93m9[0m - [91merror[0m[90m TS2322: [0mType '{}' is not assignable to type 'string'.

[7m354[0m         metadata: {} },
[7m   [0m [91m        ~~~~~~~~[0m

  [96mnode_modules/.prisma/client/index.d.ts[0m:[93m387079[0m:[93m5[0m
    [7m387079[0m     metadata?: string | null
    [7m      [0m [96m    ~~~~~~~~[0m
    The expected type comes from property 'metadata' which is declared here on type '(Without<NotificationLogCreateInput, NotificationLogUncheckedCreateInput> & NotificationLogUncheckedCreateInput) | (Without<...> & NotificationLogCreateInput)'

[96msrc/leader/leader.service.ts[0m:[93m387[0m:[93m9[0m - [91merror[0m[90m TS2322: [0mType '{}' is not assignable to type 'string'.

[7m387[0m         metadata: {} },
[7m   [0m [91m        ~~~~~~~~[0m

  [96mnode_modules/.prisma/client/index.d.ts[0m:[93m387079[0m:[93m5[0m
    [7m387079[0m     metadata?: string | null
    [7m      [0m [96m    ~~~~~~~~[0m
    The expected type comes from property 'metadata' which is declared here on type '(Without<NotificationLogCreateInput, NotificationLogUncheckedCreateInput> & NotificationLogUncheckedCreateInput) | (Without<...> & NotificationLogCreateInput)'

[96msrc/leader/leader.service.ts[0m:[93m418[0m:[93m46[0m - [91merror[0m[90m TS2353: [0mObject literal may only specify known properties, and 'status' does not exist in type 'PdiGoalSelect<DefaultArgs>'.

[7m418[0m         goals:   { select: { progress: true, status: true }, take: 10 },
[7m   [0m [91m                                             ~~~~~~[0m

[96msrc/leader/leader.service.ts[0m:[93m424[0m:[93m30[0m - [91merror[0m[90m TS2339: [0mProperty 'actions' does not exist on type '{ id: number; createdAt: Date; updatedAt: Date; managerId: number; name: string; status: string; userId: number; completedAt: Date; cancelReason: string; notes: string; priority: string; ... 7 more ...; overallProgress: number; }'.

[7m424[0m       const actCompleted = p.actions.filter(a => a.status === 'COMPLETED').length;
[7m   [0m [91m                             ~~~~~~~[0m

[96msrc/leader/leader.service.ts[0m:[93m425[0m:[93m30[0m - [91merror[0m[90m TS2339: [0mProperty 'actions' does not exist on type '{ id: number; createdAt: Date; updatedAt: Date; managerId: number; name: string; status: string; userId: number; completedAt: Date; cancelReason: string; notes: string; priority: string; ... 7 more ...; overallProgress: number; }'.

[7m425[0m       const progress     = p.actions.length
[7m   [0m [91m                             ~~~~~~~[0m

[96msrc/leader/leader.service.ts[0m:[93m426[0m:[93m24[0m - [91merror[0m[90m TS2339: [0mProperty 'actions' does not exist on type '{ id: number; createdAt: Date; updatedAt: Date; managerId: number; name: string; status: string; userId: number; completedAt: Date; cancelReason: string; notes: string; priority: string; ... 7 more ...; overallProgress: number; }'.

[7m426[0m         ? Math.round(p.actions.reduce((a, ac) => a + (ac.progress ?? 0), 0) / p.actions.length)
[7m   [0m [91m                       ~~~~~~~[0m

[96msrc/leader/leader.service.ts[0m:[93m426[0m:[93m81[0m - [91merror[0m[90m TS2339: [0mProperty 'actions' does not exist on type '{ id: number; createdAt: Date; updatedAt: Date; managerId: number; name: string; status: string; userId: number; completedAt: Date; cancelReason: string; notes: string; priority: string; ... 7 more ...; overallProgress: number; }'.

[7m426[0m         ? Math.round(p.actions.reduce((a, ac) => a + (ac.progress ?? 0), 0) / p.actions.length)
[7m   [0m [91m                                                                                ~~~~~~~[0m

[96msrc/leader/leader.service.ts[0m:[93m428[0m:[93m62[0m - [91merror[0m[90m TS2339: [0mProperty 'actions' does not exist on type '{ id: number; createdAt: Date; updatedAt: Date; managerId: number; name: string; status: string; userId: number; completedAt: Date; cancelReason: string; notes: string; priority: string; ... 7 more ...; overallProgress: number; }'.

[7m428[0m       return { ...p, progress, actCompleted, totalActions: p.actions.length,
[7m   [0m [91m                                                             ~~~~~~~[0m

[96msrc/leader/leader.service.ts[0m:[93m445[0m:[93m9[0m - [91merror[0m[90m TS2322: [0mType '{}' is not assignable to type 'string'.

[7m445[0m         metadata: {} },
[7m   [0m [91m        ~~~~~~~~[0m

  [96mnode_modules/.prisma/client/index.d.ts[0m:[93m387079[0m:[93m5[0m
    [7m387079[0m     metadata?: string | null
    [7m      [0m [96m    ~~~~~~~~[0m
    The expected type comes from property 'metadata' which is declared here on type '(Without<NotificationLogCreateInput, NotificationLogUncheckedCreateInput> & NotificationLogUncheckedCreateInput) | (Without<...> & NotificationLogCreateInput)'

[96msrc/leader/leader.service.ts[0m:[93m514[0m:[93m11[0m - [91merror[0m[90m TS2322: [0mType '{}' is not assignable to type 'string'.

[7m514[0m           metadata: {} },
[7m   [0m [91m          ~~~~~~~~[0m

  [96mnode_modules/.prisma/client/index.d.ts[0m:[93m387079[0m:[93m5[0m
    [7m387079[0m     metadata?: string | null
    [7m      [0m [96m    ~~~~~~~~[0m
    The expected type comes from property 'metadata' which is declared here on type '(Without<NotificationLogCreateInput, NotificationLogUncheckedCreateInput> & NotificationLogUncheckedCreateInput) | (Without<...> & NotificationLogCreateInput)'

[96msrc/leadership/leadership.service.ts[0m:[93m119[0m:[93m9[0m - [91merror[0m[90m TS2322: [0mType '{}' is not assignable to type 'string'.

[7m119[0m         metadata: {},
[7m   [0m [91m        ~~~~~~~~[0m

  [96mnode_modules/.prisma/client/index.d.ts[0m:[93m387079[0m:[93m5[0m
    [7m387079[0m     metadata?: string | null
    [7m      [0m [96m    ~~~~~~~~[0m
    The expected type comes from property 'metadata' which is declared here on type '(Without<NotificationLogCreateInput, NotificationLogUncheckedCreateInput> & NotificationLogUncheckedCreateInput) | (Without<...> & NotificationLogCreateInput)'

[96msrc/leadership/leadership.service.ts[0m:[93m360[0m:[93m9[0m - [91merror[0m[90m TS2322: [0mType '{}' is not assignable to type 'string'.

[7m360[0m         metadata: {},
[7m   [0m [91m        ~~~~~~~~[0m

  [96mnode_modules/.prisma/client/index.d.ts[0m:[93m387079[0m:[93m5[0m
    [7m387079[0m     metadata?: string | null
    [7m      [0m [96m    ~~~~~~~~[0m
    The expected type comes from property 'metadata' which is declared here on type '(Without<NotificationLogCreateInput, NotificationLogUncheckedCreateInput> & NotificationLogUncheckedCreateInput) | (Without<...> & NotificationLogCreateInput)'

[96msrc/leadership/leadership.service.ts[0m:[93m428[0m:[93m9[0m - [91merror[0m[90m TS2322: [0mType '{}' is not assignable to type 'string'.

[7m428[0m         metadata: {},
[7m   [0m [91m        ~~~~~~~~[0m

  [96mnode_modules/.prisma/client/index.d.ts[0m:[93m387079[0m:[93m5[0m
    [7m387079[0m     metadata?: string | null
    [7m      [0m [96m    ~~~~~~~~[0m
    The expected type comes from property 'metadata' which is declared here on type '(Without<NotificationLogCreateInput, NotificationLogUncheckedCreateInput> & NotificationLogUncheckedCreateInput) | (Without<...> & NotificationLogCreateInput)'

[96msrc/leadership/leadership.service.ts[0m:[93m563[0m:[93m9[0m - [91merror[0m[90m TS2322: [0mType '{}' is not assignable to type 'string'.

[7m563[0m         metadata: {},
[7m   [0m [91m        ~~~~~~~~[0m

  [96mnode_modules/.prisma/client/index.d.ts[0m:[93m387079[0m:[93m5[0m
    [7m387079[0m     metadata?: string | null
    [7m      [0m [96m    ~~~~~~~~[0m
    The expected type comes from property 'metadata' which is declared here on type '(Without<NotificationLogCreateInput, NotificationLogUncheckedCreateInput> & NotificationLogUncheckedCreateInput) | (Without<...> & NotificationLogCreateInput)'

[96msrc/learning-paths/learning-paths.service.ts[0m:[93m399[0m:[93m11[0m - [91merror[0m[90m TS2322: [0mType '{}' is not assignable to type 'string'.

[7m399[0m           metadata: {},
[7m   [0m [91m          ~~~~~~~~[0m

  [96mnode_modules/.prisma/client/index.d.ts[0m:[93m387079[0m:[93m5[0m
    [7m387079[0m     metadata?: string | null
    [7m      [0m [96m    ~~~~~~~~[0m
    The expected type comes from property 'metadata' which is declared here on type '(Without<NotificationLogCreateInput, NotificationLogUncheckedCreateInput> & NotificationLogUncheckedCreateInput) | (Without<...> & NotificationLogCreateInput)'

[96msrc/learning-paths/learning-paths.service.ts[0m:[93m510[0m:[93m9[0m - [91merror[0m[90m TS2322: [0mType '{}' is not assignable to type 'string'.

[7m510[0m         metadata: {},
[7m   [0m [91m        ~~~~~~~~[0m

  [96mnode_modules/.prisma/client/index.d.ts[0m:[93m387079[0m:[93m5[0m
    [7m387079[0m     metadata?: string | null
    [7m      [0m [96m    ~~~~~~~~[0m
    The expected type comes from property 'metadata' which is declared here on type '(Without<NotificationLogCreateInput, NotificationLogUncheckedCreateInput> & NotificationLogUncheckedCreateInput) | (Without<...> & NotificationLogCreateInput)'

[96msrc/micro-learning/micro-learning.service.ts[0m:[93m50[0m:[93m49[0m - [91merror[0m[90m TS2353: [0mObject literal may only specify known properties, and 'likes' does not exist in type 'MicroLearningCountOutputTypeSelect<DefaultArgs>'.

[7m50[0m           _count:   { select: { progress: true, likes: true } },
[7m  [0m [91m                                                ~~~~~[0m

[96msrc/micro-learning/micro-learning.service.ts[0m:[93m67[0m:[93m47[0m - [91merror[0m[90m TS2353: [0mObject literal may only specify known properties, and 'likes' does not exist in type 'MicroLearningCountOutputTypeSelect<DefaultArgs>'.

[7m67[0m         _count:   { select: { progress: true, likes: true, comments: true } },
[7m  [0m [91m                                              ~~~~~[0m

[96msrc/micro-learning/micro-learning.service.ts[0m:[93m192[0m:[93m33[0m - [91merror[0m[90m TS2353: [0mObject literal may only specify known properties, and 'likes' does not exist in type 'MicroLearningCountOutputTypeSelect<DefaultArgs>'.

[7m192[0m           _count:   { select: { likes: true, comments: true } },
[7m   [0m [91m                                ~~~~~[0m

[96msrc/micro-learning/micro-learning.service.ts[0m:[93m399[0m:[93m35[0m - [91merror[0m[90m TS2353: [0mObject literal may only specify known properties, and 'likes' does not exist in type 'MicroLearningCountOutputTypeSelect<DefaultArgs>'.

[7m399[0m             _count:   { select: { likes: true } },
[7m   [0m [91m                                  ~~~~~[0m

[96msrc/micro-learning/micro-learning.service.ts[0m:[93m405[0m:[93m29[0m - [91merror[0m[90m TS2551: [0mProperty 'microLearning' does not exist on type '{ id: number; createdAt: Date; action: string; userId: number; microLearningId: number; }'. Did you mean 'microLearningId'?

[7m405[0m     return saves.map(s => s.microLearning);
[7m   [0m [91m                            ~~~~~~~~~~~~~[0m

[96msrc/micro-learning/micro-learning.service.ts[0m:[93m436[0m:[93m13[0m - [91merror[0m[90m TS2353: [0mObject literal may only specify known properties, and 'microLearning' does not exist in type 'PlaylistItemInclude<DefaultArgs>'.

[7m436[0m             microLearning: {
[7m   [0m [91m            ~~~~~~~~~~~~~[0m

[96msrc/micro-learning/micro-learning.service.ts[0m:[93m590[0m:[93m80[0m - [91merror[0m[90m TS2353: [0mObject literal may only specify known properties, and 'likes' does not exist in type 'MicroLearningCountOutputTypeSelect<DefaultArgs>'.

[7m590[0m         include: { author: { select: { fullName: true } }, _count: { select: { likes: true } } },
[7m   [0m [91m                                                                               ~~~~~[0m

[96msrc/notifications/notifications.service.ts[0m:[93m322[0m:[93m48[0m - [91merror[0m[90m TS2322: [0mType '{ name: string; trigger: string; action: string; condition: string; }' is not assignable to type '(Without<AutomationRuleCreateInput, AutomationRuleUncheckedCreateInput> & AutomationRuleUncheckedCreateInput) | (Without<...> & AutomationRuleCreateInput)'.
  Type '{ name: string; trigger: string; action: string; condition: string; }' is not assignable to type 'Without<AutomationRuleUncheckedCreateInput, AutomationRuleCreateInput> & AutomationRuleCreateInput'.
    Type '{ name: string; trigger: string; action: string; condition: string; }' is missing the following properties from type 'AutomationRuleCreateInput': triggerType, triggerConfigJson, actionsJson, createdBy, tenant

[7m322[0m     return this.prisma.automationRule.create({ data });
[7m   [0m [91m                                               ~~~~[0m

  [96mnode_modules/.prisma/client/index.d.ts[0m:[93m237881[0m:[93m5[0m
    [7m237881[0m     data: XOR<AutomationRuleCreateInput, AutomationRuleUncheckedCreateInput>
    [7m      [0m [96m    ~~~~[0m
    The expected type comes from property 'data' which is declared here on type '{ select?: AutomationRuleSelect<DefaultArgs>; omit?: AutomationRuleOmit<DefaultArgs>; include?: AutomationRuleInclude<DefaultArgs>; data: (Without<...> & AutomationRuleUncheckedCreateInput) | (Without<...> & AutomationRuleCreateInput); }'

[96msrc/onboarding/onboarding.service.ts[0m:[93m215[0m:[93m9[0m - [91merror[0m[90m TS2322: [0mType '{}' is not assignable to type 'string'.

[7m215[0m         metadata: {},
[7m   [0m [91m        ~~~~~~~~[0m

  [96mnode_modules/.prisma/client/index.d.ts[0m:[93m387079[0m:[93m5[0m
    [7m387079[0m     metadata?: string | null
    [7m      [0m [96m    ~~~~~~~~[0m
    The expected type comes from property 'metadata' which is declared here on type '(Without<NotificationLogCreateInput, NotificationLogUncheckedCreateInput> & NotificationLogUncheckedCreateInput) | (Without<...> & NotificationLogCreateInput)'

[96msrc/onboarding/onboarding.service.ts[0m:[93m226[0m:[93m11[0m - [91merror[0m[90m TS2322: [0mType '{}' is not assignable to type 'string'.

[7m226[0m           metadata: {},
[7m   [0m [91m          ~~~~~~~~[0m

  [96mnode_modules/.prisma/client/index.d.ts[0m:[93m387079[0m:[93m5[0m
    [7m387079[0m     metadata?: string | null
    [7m      [0m [96m    ~~~~~~~~[0m
    The expected type comes from property 'metadata' which is declared here on type '(Without<NotificationLogCreateInput, NotificationLogUncheckedCreateInput> & NotificationLogUncheckedCreateInput) | (Without<...> & NotificationLogCreateInput)'

[96msrc/onboarding/onboarding.service.ts[0m:[93m406[0m:[93m11[0m - [91merror[0m[90m TS2322: [0mType '{}' is not assignable to type 'string'.

[7m406[0m           metadata: {},
[7m   [0m [91m          ~~~~~~~~[0m

  [96mnode_modules/.prisma/client/index.d.ts[0m:[93m387079[0m:[93m5[0m
    [7m387079[0m     metadata?: string | null
    [7m      [0m [96m    ~~~~~~~~[0m
    The expected type comes from property 'metadata' which is declared here on type '(Without<NotificationLogCreateInput, NotificationLogUncheckedCreateInput> & NotificationLogUncheckedCreateInput) | (Without<...> & NotificationLogCreateInput)'

[96msrc/organization/organization.service.ts[0m:[93m406[0m:[93m9[0m - [91merror[0m[90m TS2322: [0mType '{}' is not assignable to type 'string'.

[7m406[0m         metadata: {},
[7m   [0m [91m        ~~~~~~~~[0m

  [96mnode_modules/.prisma/client/index.d.ts[0m:[93m387079[0m:[93m5[0m
    [7m387079[0m     metadata?: string | null
    [7m      [0m [96m    ~~~~~~~~[0m
    The expected type comes from property 'metadata' which is declared here on type '(Without<NotificationLogCreateInput, NotificationLogUncheckedCreateInput> & NotificationLogUncheckedCreateInput) | (Without<...> & NotificationLogCreateInput)'

[96msrc/payslips/payslips.service.ts[0m:[93m98[0m:[93m44[0m - [91merror[0m[90m TS2353: [0mObject literal may only specify known properties, and 'ip' does not exist in type '(Without<PayslipAccessLogCreateInput, PayslipAccessLogUncheckedCreateInput> & PayslipAccessLogUncheckedCreateInput) | (Without<...> & PayslipAccessLogCreateInput)'.

[7m98[0m         data: { payslipId, userId, action, ip: ip ?? 'unknown', accessedAt: new Date() },
[7m  [0m [91m                                           ~~[0m

  [96mnode_modules/.prisma/client/index.d.ts[0m:[93m188219[0m:[93m5[0m
    [7m188219[0m     data: XOR<PayslipAccessLogCreateInput, PayslipAccessLogUncheckedCreateInput>
    [7m      [0m [96m    ~~~~[0m
    The expected type comes from property 'data' which is declared here on type '{ select?: PayslipAccessLogSelect<DefaultArgs>; omit?: PayslipAccessLogOmit<DefaultArgs>; include?: PayslipAccessLogInclude<DefaultArgs>; data: (Without<...> & PayslipAccessLogUncheckedCreateInput) | (Without<...> & PayslipAccessLogCreateInput); }'

[96msrc/payslips/payslips.service.ts[0m:[93m138[0m:[93m13[0m - [91merror[0m[90m TS2353: [0mObject literal may only specify known properties, and 'nif' does not exist in type 'UserSelect<DefaultArgs>'.

[7m138[0m             nif: true, nib: true, hireDate: true,
[7m   [0m [91m            ~~~[0m

[96msrc/payslips/payslips.service.ts[0m:[93m170[0m:[93m9[0m - [91merror[0m[90m TS2353: [0mObject literal may only specify known properties, and 'receiptCode' does not exist in type '(Without<PayslipCreateInput, PayslipUncheckedCreateInput> & PayslipUncheckedCreateInput) | (Without<...> & PayslipCreateInput)'.

[7m170[0m         receiptCode:    code,
[7m   [0m [91m        ~~~~~~~~~~~[0m

  [96mnode_modules/.prisma/client/index.d.ts[0m:[93m185828[0m:[93m5[0m
    [7m185828[0m     data: XOR<PayslipCreateInput, PayslipUncheckedCreateInput>
    [7m      [0m [96m    ~~~~[0m
    The expected type comes from property 'data' which is declared here on type '{ select?: PayslipSelect<DefaultArgs>; omit?: PayslipOmit<DefaultArgs>; include?: PayslipInclude<DefaultArgs>; data: (Without<...> & PayslipUncheckedCreateInput) | (Without<...> & PayslipCreateInput); }'

[96msrc/payslips/payslips.service.ts[0m:[93m211[0m:[93m48[0m - [91merror[0m[90m TS2353: [0mObject literal may only specify known properties, and 'receiptCode' does not exist in type '(Without<PayslipCreateInput, PayslipUncheckedCreateInput> & PayslipUncheckedCreateInput) | (Without<...> & PayslipCreateInput)'.

[7m211[0m             userId: u.id, period, paymentDate, receiptCode: code,
[7m   [0m [91m                                               ~~~~~~~~~~~[0m

  [96mnode_modules/.prisma/client/index.d.ts[0m:[93m185828[0m:[93m5[0m
    [7m185828[0m     data: XOR<PayslipCreateInput, PayslipUncheckedCreateInput>
    [7m      [0m [96m    ~~~~[0m
    The expected type comes from property 'data' which is declared here on type '{ select?: PayslipSelect<DefaultArgs>; omit?: PayslipOmit<DefaultArgs>; include?: PayslipInclude<DefaultArgs>; data: (Without<...> & PayslipUncheckedCreateInput) | (Without<...> & PayslipCreateInput); }'

[96msrc/payslips/payslips.service.ts[0m:[93m232[0m:[93m15[0m - [91merror[0m[90m TS2322: [0mType '{}' is not assignable to type 'string'.

[7m232[0m               metadata: {},
[7m   [0m [91m              ~~~~~~~~[0m

  [96mnode_modules/.prisma/client/index.d.ts[0m:[93m387079[0m:[93m5[0m
    [7m387079[0m     metadata?: string | null
    [7m      [0m [96m    ~~~~~~~~[0m
    The expected type comes from property 'metadata' which is declared here on type '(Without<NotificationLogCreateInput, NotificationLogUncheckedCreateInput> & NotificationLogUncheckedCreateInput) | (Without<...> & NotificationLogCreateInput)'

[96msrc/payslips/payslips.service.ts[0m:[93m264[0m:[93m9[0m - [91merror[0m[90m TS2322: [0mType '{}' is not assignable to type 'string'.

[7m264[0m         metadata: {},
[7m   [0m [91m        ~~~~~~~~[0m

  [96mnode_modules/.prisma/client/index.d.ts[0m:[93m387079[0m:[93m5[0m
    [7m387079[0m     metadata?: string | null
    [7m      [0m [96m    ~~~~~~~~[0m
    The expected type comes from property 'metadata' which is declared here on type '(Without<NotificationLogCreateInput, NotificationLogUncheckedCreateInput> & NotificationLogUncheckedCreateInput) | (Without<...> & NotificationLogCreateInput)'

[96msrc/payslips/payslips.service.ts[0m:[93m338[0m:[93m21[0m - [91merror[0m[90m TS2353: [0mObject literal may only specify known properties, and 'receiptCode' does not exist in type 'PayslipSelect<DefaultArgs>'.

[7m338[0m           id: true, receiptCode: true, period: true, paymentDate: true,
[7m   [0m [91m                    ~~~~~~~~~~~[0m

  [96mnode_modules/.prisma/client/index.d.ts[0m:[93m185764[0m:[93m5[0m
    [7m185764[0m     select?: PayslipSelect<ExtArgs> | null
    [7m      [0m [96m    ~~~~~~[0m
    The expected type comes from property 'select' which is declared here on type '{ select?: PayslipSelect<DefaultArgs>; omit?: PayslipOmit<DefaultArgs>; include?: PayslipInclude<DefaultArgs>; ... 5 more ...; distinct?: PayslipScalarFieldEnum | PayslipScalarFieldEnum[]; }'

[96msrc/payslips/payslips.service.ts[0m:[93m457[0m:[93m9[0m - [91merror[0m[90m TS2322: [0mType '{}' is not assignable to type 'string'.

[7m457[0m         metadata: {},
[7m   [0m [91m        ~~~~~~~~[0m

  [96mnode_modules/.prisma/client/index.d.ts[0m:[93m387079[0m:[93m5[0m
    [7m387079[0m     metadata?: string | null
    [7m      [0m [96m    ~~~~~~~~[0m
    The expected type comes from property 'metadata' which is declared here on type '(Without<NotificationLogCreateInput, NotificationLogUncheckedCreateInput> & NotificationLogUncheckedCreateInput) | (Without<...> & NotificationLogCreateInput)'

[96msrc/performance/performance.service.ts[0m:[93m454[0m:[93m17[0m - [91merror[0m[90m TS2353: [0mObject literal may only specify known properties, and 'roleCode' does not exist in type 'UserWhereInput'.

[7m454[0m       where:  { roleCode: { in: ['ADMIN', 'RH'] } },
[7m   [0m [91m                ~~~~~~~~[0m

  [96mnode_modules/.prisma/client/index.d.ts[0m:[93m32163[0m:[93m5[0m
    [7m32163[0m     where?: UserWhereInput
    [7m     [0m [96m    ~~~~~[0m
    The expected type comes from property 'where' which is declared here on type '{ select?: UserSelect<DefaultArgs>; omit?: UserOmit<DefaultArgs>; include?: UserInclude<DefaultArgs>; ... 5 more ...; distinct?: UserScalarFieldEnum | UserScalarFieldEnum[]; }'

[96msrc/process-standard/process-standard.service.ts[0m:[93m265[0m:[93m9[0m - [91merror[0m[90m TS2322: [0mType '{}' is not assignable to type 'string'.

[7m265[0m         metadata: {},
[7m   [0m [91m        ~~~~~~~~[0m

  [96mnode_modules/.prisma/client/index.d.ts[0m:[93m387079[0m:[93m5[0m
    [7m387079[0m     metadata?: string | null
    [7m      [0m [96m    ~~~~~~~~[0m
    The expected type comes from property 'metadata' which is declared here on type '(Without<NotificationLogCreateInput, NotificationLogUncheckedCreateInput> & NotificationLogUncheckedCreateInput) | (Without<...> & NotificationLogCreateInput)'

[96msrc/process-standard/process-standard.service.ts[0m:[93m408[0m:[93m9[0m - [91merror[0m[90m TS2322: [0mType '{}' is not assignable to type 'string'.

[7m408[0m         metadata: {},
[7m   [0m [91m        ~~~~~~~~[0m

  [96mnode_modules/.prisma/client/index.d.ts[0m:[93m387079[0m:[93m5[0m
    [7m387079[0m     metadata?: string | null
    [7m      [0m [96m    ~~~~~~~~[0m
    The expected type comes from property 'metadata' which is declared here on type '(Without<NotificationLogCreateInput, NotificationLogUncheckedCreateInput> & NotificationLogUncheckedCreateInput) | (Without<...> & NotificationLogCreateInput)'

[96msrc/reports/reports.service.ts[0m:[93m74[0m:[93m18[0m - [91merror[0m[90m TS2353: [0mObject literal may only specify known properties, and '_count' does not exist in type 'PositionOrderByWithRelationInput | PositionOrderByWithRelationInput[]'.

[7m74[0m       orderBy: { _count: { users: 'desc' } },
[7m  [0m [91m                 ~~~~~~[0m

  [96mnode_modules/.prisma/client/index.d.ts[0m:[93m50276[0m:[93m5[0m
    [7m50276[0m     orderBy?: PositionOrderByWithRelationInput | PositionOrderByWithRelationInput[]
    [7m     [0m [96m    ~~~~~~~[0m
    The expected type comes from property 'orderBy' which is declared here on type '{ select?: PositionSelect<DefaultArgs>; omit?: PositionOmit<DefaultArgs>; include?: PositionInclude<DefaultArgs>; ... 5 more ...; distinct?: PositionScalarFieldEnum | PositionScalarFieldEnum[]; }'

[96msrc/reports/reports.service.ts[0m:[93m87[0m:[93m93[0m - [91merror[0m[90m TS2339: [0mProperty '_count' does not exist on type '{ level: string; description: string; departmentId: number; id: number; name: string; code: string; salaryMin: number; salaryMax: number; headcountPlanned: number; }'.

[7m87[0m       byPosition:   byPosition.map(p => ({ id: p.id, name: p.name, level: p.level, count: p._count.users })),
[7m  [0m [91m                                                                                            ~~~~~~[0m

[96msrc/reports/reports.service.ts[0m:[93m208[0m:[93m55[0m - [91merror[0m[90m TS2353: [0mObject literal may only specify known properties, and 'type' does not exist in type 'CompetencySelect<DefaultArgs>'.

[7m208[0m         competency: { select: { id: true, name: true, type: true } },
[7m   [0m [91m                                                      ~~~~[0m

[96msrc/reports/reports.service.ts[0m:[93m217[0m:[93m23[0m - [91merror[0m[90m TS2551: [0mProperty 'competency' does not exist on type '{ id: number; userId: number; evaluatedAt: Date; competencyId: number; currentLevel: number; targetLevel: number; selfLevel: number; managerLevel: number; source: string; notes: string; evidenceUrl: string; }'. Did you mean 'competencyId'?

[7m217[0m       const cName = r.competency.name;
[7m   [0m [91m                      ~~~~~~~~~~[0m

[96msrc/reports/reports.service.ts[0m:[93m219[0m:[93m61[0m - [91merror[0m[90m TS2551: [0mProperty 'competency' does not exist on type '{ id: number; userId: number; evaluatedAt: Date; competencyId: number; currentLevel: number; targetLevel: number; selfLevel: number; managerLevel: number; source: string; notes: string; evidenceUrl: string; }'. Did you mean 'competencyId'?

[7m219[0m       if (!bySkill[cName]) bySkill[cName] = { competency: r.competency, count: 0, totalGap: 0, usersWithGap: 0, users: [] };
[7m   [0m [91m                                                            ~~~~~~~~~~[0m

[96msrc/reports/reports.service.ts[0m:[93m224[0m:[93m43[0m - [91merror[0m[90m TS2339: [0mProperty 'user' does not exist on type '{ id: number; userId: number; evaluatedAt: Date; competencyId: number; currentLevel: number; targetLevel: number; selfLevel: number; managerLevel: number; source: string; notes: string; evidenceUrl: string; }'.

[7m224[0m         bySkill[cName].users.push({ id: r.user.id, fullName: r.user.fullName, dept: r.user.department?.name, level: r.currentLevel, gap });
[7m   [0m [91m                                          ~~~~[0m

[96msrc/reports/reports.service.ts[0m:[93m224[0m:[93m64[0m - [91merror[0m[90m TS2339: [0mProperty 'user' does not exist on type '{ id: number; userId: number; evaluatedAt: Date; competencyId: number; currentLevel: number; targetLevel: number; selfLevel: number; managerLevel: number; source: string; notes: string; evidenceUrl: string; }'.

[7m224[0m         bySkill[cName].users.push({ id: r.user.id, fullName: r.user.fullName, dept: r.user.department?.name, level: r.currentLevel, gap });
[7m   [0m [91m                                                               ~~~~[0m

[96msrc/reports/reports.service.ts[0m:[93m224[0m:[93m87[0m - [91merror[0m[90m TS2339: [0mProperty 'user' does not exist on type '{ id: number; userId: number; evaluatedAt: Date; competencyId: number; currentLevel: number; targetLevel: number; selfLevel: number; managerLevel: number; source: string; notes: string; evidenceUrl: string; }'.

[7m224[0m         bySkill[cName].users.push({ id: r.user.id, fullName: r.user.fullName, dept: r.user.department?.name, level: r.currentLevel, gap });
[7m   [0m [91m                                                                                      ~~~~[0m

[96msrc/reports/reports.service.ts[0m:[93m375[0m:[93m42[0m - [91merror[0m[90m TS2345: [0mArgument of type '{ by: "userId"[]; where: { user: any; } | {}; _avg: { currentLevel: true; }; having: { currentLevel: { _avg: { gte: number; }; }; }; take: 100; }' is not assignable to parameter of type '{ by: "userId"[]; where: { user: any; } | {}; _avg: { currentLevel: true; }; having: { currentLevel: { _avg: { gte: number; }; }; }; take: 100; } & { orderBy: UserCompetencyOrderByWithAggregationInput | UserCompetencyOrderByWithAggregationInput[]; } & "Error: If you provide \"take\", you also need to provide \"order...'.
  Property 'orderBy' is missing in type '{ by: "userId"[]; where: { user: any; } | {}; _avg: { currentLevel: true; }; having: { currentLevel: { _avg: { gte: number; }; }; }; take: 100; }' but required in type '{ orderBy: UserCompetencyOrderByWithAggregationInput | UserCompetencyOrderByWithAggregationInput[]; }'.

[7m375[0m       this.prisma.userCompetency.groupBy({
[7m   [0m [91m                                         ~[0m
[7m376[0m         by:     ['userId'],
[7m   [0m [91m~~~~~~~~~~~~~~~~~~~~~~~~~~~[0m
[7m...[0m 
[7m380[0m         take:   100,
[7m   [0m [91m~~~~~~~~~~~~~~~~~~~~[0m
[7m381[0m       }).then(r => r.length).catch(() => 0),
[7m   [0m [91m~~~~~~~[0m

  [96mnode_modules/.prisma/client/index.d.ts[0m:[93m110971[0m:[93m13[0m
    [7m110971[0m         ? { orderBy: UserCompetencyGroupByArgs['orderBy'] }
    [7m      [0m [96m            ~~~~~~~[0m
    'orderBy' is declared here.

[96msrc/reports/reports.service.ts[0m:[93m473[0m:[93m18[0m - [91merror[0m[90m TS2353: [0mObject literal may only specify known properties, and 'employee' does not exist in type 'AttendanceRecordInclude<DefaultArgs>'.

[7m473[0m       include: { employee: { select: { id: true, fullName: true, email: true } } },
[7m   [0m [91m                 ~~~~~~~~[0m

  [96mnode_modules/.prisma/client/index.d.ts[0m:[93m291689[0m:[93m5[0m
    [7m291689[0m     include?: AttendanceRecordInclude<ExtArgs> | null
    [7m      [0m [96m    ~~~~~~~[0m
    The expected type comes from property 'include' which is declared here on type '{ select?: AttendanceRecordSelect<DefaultArgs>; omit?: AttendanceRecordOmit<DefaultArgs>; include?: AttendanceRecordInclude<DefaultArgs>; ... 5 more ...; distinct?: AttendanceRecordScalarFieldEnum | AttendanceRecordScalarFieldEnum[]; }'

[96msrc/roi-impact/roi-impact.service.ts[0m:[93m91[0m:[93m18[0m - [91merror[0m[90m TS2353: [0mObject literal may only specify known properties, and 'createdAt' does not exist in type 'AssessmentAttemptWhereInput'.

[7m91[0m         where: { createdAt: { gte: range.gte, lte: range.lte } },
[7m  [0m [91m                 ~~~~~~~~~[0m

  [96mnode_modules/.prisma/client/index.d.ts[0m:[93m105501[0m:[93m5[0m
    [7m105501[0m     where?: AssessmentAttemptWhereInput
    [7m      [0m [96m    ~~~~~[0m
    The expected type comes from property 'where' which is declared here on type 'Subset<AssessmentAttemptAggregateArgs<DefaultArgs>, AssessmentAttemptAggregateArgs<DefaultArgs>>'

[96msrc/roi-impact/roi-impact.service.ts[0m:[93m95[0m:[93m35[0m - [91merror[0m[90m TS2353: [0mObject literal may only specify known properties, and 'updatedAt' does not exist in type 'LessonProgressWhereInput'.

[7m95[0m         where: { completed: true, updatedAt: { gte: range.gte, lte: range.lte } },
[7m  [0m [91m                                  ~~~~~~~~~[0m

  [96mnode_modules/.prisma/client/index.d.ts[0m:[93m85774[0m:[93m5[0m
    [7m85774[0m     where?: LessonProgressWhereInput
    [7m     [0m [96m    ~~~~~[0m
    The expected type comes from property 'where' which is declared here on type 'Subset<LessonProgressCountArgs<DefaultArgs>, LessonProgressCountArgs<DefaultArgs>>'

[96msrc/roi-impact/roi-impact.service.ts[0m:[93m205[0m:[93m58[0m - [91merror[0m[90m TS2353: [0mObject literal may only specify known properties, and 'createdAt' does not exist in type 'AssessmentAttemptWhereInput'.

[7m205[0m       this.prisma.assessmentAttempt.aggregate({ where: { createdAt: { gte: range.gte, lte: range.lte } }, _avg: { score: true } }).catch(() => ({ _avg: { score: null } })),
[7m   [0m [91m                                                         ~~~~~~~~~[0m

  [96mnode_modules/.prisma/client/index.d.ts[0m:[93m105501[0m:[93m5[0m
    [7m105501[0m     where?: AssessmentAttemptWhereInput
    [7m      [0m [96m    ~~~~~[0m
    The expected type comes from property 'where' which is declared here on type 'Subset<AssessmentAttemptAggregateArgs<DefaultArgs>, AssessmentAttemptAggregateArgs<DefaultArgs>>'

[96msrc/roi-impact/roi-impact.service.ts[0m:[93m206[0m:[93m68[0m - [91merror[0m[90m TS2353: [0mObject literal may only specify known properties, and 'updatedAt' does not exist in type 'LessonProgressWhereInput'.

[7m206[0m       this.prisma.lessonProgress.count({ where: { completed: true, updatedAt: { gte: range.gte } } }).catch(() => 0),
[7m   [0m [91m                                                                   ~~~~~~~~~[0m

  [96mnode_modules/.prisma/client/index.d.ts[0m:[93m85774[0m:[93m5[0m
    [7m85774[0m     where?: LessonProgressWhereInput
    [7m     [0m [96m    ~~~~~[0m
    The expected type comes from property 'where' which is declared here on type 'Subset<LessonProgressCountArgs<DefaultArgs>, LessonProgressCountArgs<DefaultArgs>>'

[96msrc/roles-permissions/roles-permissions.service.ts[0m:[93m161[0m:[93m9[0m - [91merror[0m[90m TS2322: [0mType '{}' is not assignable to type 'string'.

[7m161[0m         metadata: {},
[7m   [0m [91m        ~~~~~~~~[0m

  [96mnode_modules/.prisma/client/index.d.ts[0m:[93m387079[0m:[93m5[0m
    [7m387079[0m     metadata?: string | null
    [7m      [0m [96m    ~~~~~~~~[0m
    The expected type comes from property 'metadata' which is declared here on type '(Without<NotificationLogCreateInput, NotificationLogUncheckedCreateInput> & NotificationLogUncheckedCreateInput) | (Without<...> & NotificationLogCreateInput)'

[96msrc/scalability/scalability.events.ts[0m:[93m81[0m:[93m18[0m - [91merror[0m[90m TS2322: [0mType 'string' is not assignable to type 'number'.

[7m81[0m         where: { id: payload.integrationId },
[7m  [0m [91m                 ~~[0m

  [96mnode_modules/.prisma/client/index.d.ts[0m:[93m365580[0m:[93m5[0m
    [7m365580[0m     id?: number
    [7m      [0m [96m    ~~[0m
    The expected type comes from property 'id' which is declared here on type 'IntegrationConfigWhereUniqueInput'

[96msrc/scalability/scalability.events.ts[0m:[93m93[0m:[93m18[0m - [91merror[0m[90m TS2322: [0mType 'string' is not assignable to type 'number'.

[7m93[0m         where: { id: payload.integrationId },
[7m  [0m [91m                 ~~[0m

  [96mnode_modules/.prisma/client/index.d.ts[0m:[93m365580[0m:[93m5[0m
    [7m365580[0m     id?: number
    [7m      [0m [96m    ~~[0m
    The expected type comes from property 'id' which is declared here on type 'IntegrationConfigWhereUniqueInput'

[96msrc/scalability/scalability.service.ts[0m:[93m84[0m:[93m7[0m - [91merror[0m[90m TS2322: [0mType 'string' is not assignable to type 'number'.

[7m84[0m       userId: actorId,
[7m  [0m [91m      ~~~~~~[0m

  [96msrc/common/services/audit.service.ts[0m:[93m10[0m:[93m3[0m
    [7m10[0m   userId:      number;
    [7m  [0m [96m  ~~~~~~[0m
    The expected type comes from property 'userId' which is declared here on type 'AuditLogInput'

[96msrc/scalability/scalability.service.ts[0m:[93m103[0m:[93m52[0m - [91merror[0m[90m TS2322: [0mType 'string' is not assignable to type 'number'.

[7m103[0m     await this.audit.log({ entity: 'TenantConfig', entityId: id, action: 'UPDATE', userId: actorId, details: dto });
[7m   [0m [91m                                                   ~~~~~~~~[0m

  [96msrc/common/services/audit.service.ts[0m:[93m9[0m:[93m3[0m
    [7m9[0m   entityId?:   number;
    [7m [0m [96m  ~~~~~~~~[0m
    The expected type comes from property 'entityId' which is declared here on type 'AuditLogInput'

[96msrc/scalability/scalability.service.ts[0m:[93m103[0m:[93m84[0m - [91merror[0m[90m TS2322: [0mType 'string' is not assignable to type 'number'.

[7m103[0m     await this.audit.log({ entity: 'TenantConfig', entityId: id, action: 'UPDATE', userId: actorId, details: dto });
[7m   [0m [91m                                                                                   ~~~~~~[0m

  [96msrc/common/services/audit.service.ts[0m:[93m10[0m:[93m3[0m
    [7m10[0m   userId:      number;
    [7m  [0m [96m  ~~~~~~[0m
    The expected type comes from property 'userId' which is declared here on type 'AuditLogInput'

[96msrc/scalability/scalability.service.ts[0m:[93m142[0m:[93m7[0m - [91merror[0m[90m TS2322: [0mType '{ credentialsJson: string; tenantId: string; name: string; type: IntegrationType; baseUrl?: string; authType?: string; syncFrequency?: SyncFrequency; webhookUrl?: string; webhookEvents?: string[]; configJson?: string; }' is not assignable to type '(Without<IntegrationConfigCreateInput, IntegrationConfigUncheckedCreateInput> & IntegrationConfigUncheckedCreateInput) | (Without<...> & IntegrationConfigCreateInput)'.
  Type '{ credentialsJson: string; tenantId: string; name: string; type: IntegrationType; baseUrl?: string; authType?: string; syncFrequency?: SyncFrequency; webhookUrl?: string; webhookEvents?: string[]; configJson?: string; }' is not assignable to type 'Without<IntegrationConfigUncheckedCreateInput, IntegrationConfigCreateInput> & IntegrationConfigCreateInput'.
    Type '{ credentialsJson: string; tenantId: string; name: string; type: IntegrationType; baseUrl?: string; authType?: string; syncFrequency?: SyncFrequency; webhookUrl?: string; webhookEvents?: string[]; configJson?: string; }' is not assignable to type 'Without<IntegrationConfigUncheckedCreateInput, IntegrationConfigCreateInput>'.
      Types of property 'tenantId' are incompatible.
        Type 'string' is not assignable to type 'never'.

[7m142[0m       data: { ...dto, credentialsJson: safeCredentials },
[7m   [0m [91m      ~~~~[0m

  [96mnode_modules/.prisma/client/index.d.ts[0m:[93m258100[0m:[93m5[0m
    [7m258100[0m     data: XOR<IntegrationConfigCreateInput, IntegrationConfigUncheckedCreateInput>
    [7m      [0m [96m    ~~~~[0m
    The expected type comes from property 'data' which is declared here on type '{ select?: IntegrationConfigSelect<DefaultArgs>; omit?: IntegrationConfigOmit<DefaultArgs>; include?: IntegrationConfigInclude<...>; data: (Without<...> & IntegrationConfigUncheckedCreateInput) | (Without<...> & IntegrationConfigCreateInput); }'

[96msrc/scalability/scalability.service.ts[0m:[93m144[0m:[93m101[0m - [91merror[0m[90m TS2322: [0mType 'string' is not assignable to type 'number'.

[7m144[0m     await this.audit.log({ entity: 'IntegrationConfig', entityId: integration.id, action: 'CREATE', userId: actorId, details: { type: dto.type, name: dto.name } });
[7m   [0m [91m                                                                                                    ~~~~~~[0m

  [96msrc/common/services/audit.service.ts[0m:[93m10[0m:[93m3[0m
    [7m10[0m   userId:      number;
    [7m  [0m [96m  ~~~~~~[0m
    The expected type comes from property 'userId' which is declared here on type 'AuditLogInput'

[96msrc/scalability/scalability.service.ts[0m:[93m149[0m:[93m80[0m - [91merror[0m[90m TS2322: [0mType 'string' is not assignable to type 'number'.

[7m149[0m     const existing = await this.prisma.integrationConfig.findUnique({ where: { id } });
[7m   [0m [91m                                                                               ~~[0m

  [96mnode_modules/.prisma/client/index.d.ts[0m:[93m365580[0m:[93m5[0m
    [7m365580[0m     id?: number
    [7m      [0m [96m    ~~[0m
    The expected type comes from property 'id' which is declared here on type 'IntegrationConfigWhereUniqueInput'

[96msrc/scalability/scalability.service.ts[0m:[93m157[0m:[93m16[0m - [91merror[0m[90m TS2322: [0mType 'string' is not assignable to type 'number'.

[7m157[0m       where: { id },
[7m   [0m [91m               ~~[0m

  [96mnode_modules/.prisma/client/index.d.ts[0m:[93m365580[0m:[93m5[0m
    [7m365580[0m     id?: number
    [7m      [0m [96m    ~~[0m
    The expected type comes from property 'id' which is declared here on type 'IntegrationConfigWhereUniqueInput'

[96msrc/scalability/scalability.service.ts[0m:[93m160[0m:[93m57[0m - [91merror[0m[90m TS2322: [0mType 'string' is not assignable to type 'number'.

[7m160[0m     await this.audit.log({ entity: 'IntegrationConfig', entityId: id, action: 'UPDATE', userId: actorId, details: dto });
[7m   [0m [91m                                                        ~~~~~~~~[0m

  [96msrc/common/services/audit.service.ts[0m:[93m9[0m:[93m3[0m
    [7m9[0m   entityId?:   number;
    [7m [0m [96m  ~~~~~~~~[0m
    The expected type comes from property 'entityId' which is declared here on type 'AuditLogInput'

[96msrc/scalability/scalability.service.ts[0m:[93m160[0m:[93m89[0m - [91merror[0m[90m TS2322: [0mType 'string' is not assignable to type 'number'.

[7m160[0m     await this.audit.log({ entity: 'IntegrationConfig', entityId: id, action: 'UPDATE', userId: actorId, details: dto });
[7m   [0m [91m                                                                                        ~~~~~~[0m

  [96msrc/common/services/audit.service.ts[0m:[93m10[0m:[93m3[0m
    [7m10[0m   userId:      number;
    [7m  [0m [96m  ~~~~~~[0m
    The expected type comes from property 'userId' which is declared here on type 'AuditLogInput'

[96msrc/scalability/scalability.service.ts[0m:[93m181[0m:[93m83[0m - [91merror[0m[90m TS2322: [0mType 'string' is not assignable to type 'number'.

[7m181[0m     const integration = await this.prisma.integrationConfig.findUnique({ where: { id: integrationId } });
[7m   [0m [91m                                                                                  ~~[0m

  [96mnode_modules/.prisma/client/index.d.ts[0m:[93m365580[0m:[93m5[0m
    [7m365580[0m     id?: number
    [7m      [0m [96m    ~~[0m
    The expected type comes from property 'id' which is declared here on type 'IntegrationConfigWhereUniqueInput'

[96msrc/scalability/scalability.service.ts[0m:[93m221[0m:[93m7[0m - [91merror[0m[90m TS2322: [0mType '{ createdBy: string; tenantId: string; name: string; description?: string; triggerType: AutomationTrigger; triggerConfigJson: string; conditionsJson?: string; actionsJson: string; priority?: number; }' is not assignable to type '(Without<AutomationRuleCreateInput, AutomationRuleUncheckedCreateInput> & AutomationRuleUncheckedCreateInput) | (Without<...> & AutomationRuleCreateInput)'.
  Type '{ createdBy: string; tenantId: string; name: string; description?: string; triggerType: AutomationTrigger; triggerConfigJson: string; conditionsJson?: string; actionsJson: string; priority?: number; }' is not assignable to type 'Without<AutomationRuleUncheckedCreateInput, AutomationRuleCreateInput> & AutomationRuleCreateInput'.
    Type '{ createdBy: string; tenantId: string; name: string; description?: string; triggerType: AutomationTrigger; triggerConfigJson: string; conditionsJson?: string; actionsJson: string; priority?: number; }' is not assignable to type 'Without<AutomationRuleUncheckedCreateInput, AutomationRuleCreateInput>'.
      Types of property 'tenantId' are incompatible.
        Type 'string' is not assignable to type 'never'.

[7m221[0m       data: { ...dto, createdBy: actorId },
[7m   [0m [91m      ~~~~[0m

  [96mnode_modules/.prisma/client/index.d.ts[0m:[93m237881[0m:[93m5[0m
    [7m237881[0m     data: XOR<AutomationRuleCreateInput, AutomationRuleUncheckedCreateInput>
    [7m      [0m [96m    ~~~~[0m
    The expected type comes from property 'data' which is declared here on type '{ select?: AutomationRuleSelect<DefaultArgs>; omit?: AutomationRuleOmit<DefaultArgs>; include?: AutomationRuleInclude<DefaultArgs>; data: (Without<...> & AutomationRuleUncheckedCreateInput) | (Without<...> & AutomationRuleCreateInput); }'

[96msrc/scalability/scalability.service.ts[0m:[93m223[0m:[93m91[0m - [91merror[0m[90m TS2322: [0mType 'string' is not assignable to type 'number'.

[7m223[0m     await this.audit.log({ entity: 'AutomationRule', entityId: rule.id, action: 'CREATE', userId: actorId, details: { name: dto.name, triggerType: dto.triggerType } });
[7m   [0m [91m                                                                                          ~~~~~~[0m

  [96msrc/common/services/audit.service.ts[0m:[93m10[0m:[93m3[0m
    [7m10[0m   userId:      number;
    [7m  [0m [96m  ~~~~~~[0m
    The expected type comes from property 'userId' which is declared here on type 'AuditLogInput'

[96msrc/scalability/scalability.service.ts[0m:[93m228[0m:[93m73[0m - [91merror[0m[90m TS2322: [0mType 'string' is not assignable to type 'number'.

[7m228[0m     const rule = await this.prisma.automationRule.findUnique({ where: { id } });
[7m   [0m [91m                                                                        ~~[0m

  [96mnode_modules/.prisma/client/index.d.ts[0m:[93m364146[0m:[93m5[0m
    [7m364146[0m     id?: number
    [7m      [0m [96m    ~~[0m
    The expected type comes from property 'id' which is declared here on type 'AutomationRuleWhereUniqueInput'

[96msrc/scalability/scalability.service.ts[0m:[93m234[0m:[93m72[0m - [91merror[0m[90m TS2322: [0mType 'string' is not assignable to type 'number'.

[7m234[0m     const updated = await this.prisma.automationRule.update({ where: { id }, data: dto });
[7m   [0m [91m                                                                       ~~[0m

  [96mnode_modules/.prisma/client/index.d.ts[0m:[93m364146[0m:[93m5[0m
    [7m364146[0m     id?: number
    [7m      [0m [96m    ~~[0m
    The expected type comes from property 'id' which is declared here on type 'AutomationRuleWhereUniqueInput'

[96msrc/scalability/scalability.service.ts[0m:[93m235[0m:[93m54[0m - [91merror[0m[90m TS2322: [0mType 'string' is not assignable to type 'number'.

[7m235[0m     await this.audit.log({ entity: 'AutomationRule', entityId: id, action: 'UPDATE', userId: actorId, details: dto });
[7m   [0m [91m                                                     ~~~~~~~~[0m

  [96msrc/common/services/audit.service.ts[0m:[93m9[0m:[93m3[0m
    [7m9[0m   entityId?:   number;
    [7m [0m [96m  ~~~~~~~~[0m
    The expected type comes from property 'entityId' which is declared here on type 'AuditLogInput'

[96msrc/scalability/scalability.service.ts[0m:[93m235[0m:[93m86[0m - [91merror[0m[90m TS2322: [0mType 'string' is not assignable to type 'number'.

[7m235[0m     await this.audit.log({ entity: 'AutomationRule', entityId: id, action: 'UPDATE', userId: actorId, details: dto });
[7m   [0m [91m                                                                                     ~~~~~~[0m

  [96msrc/common/services/audit.service.ts[0m:[93m10[0m:[93m3[0m
    [7m10[0m   userId:      number;
    [7m  [0m [96m  ~~~~~~[0m
    The expected type comes from property 'userId' which is declared here on type 'AuditLogInput'

[96msrc/scalability/scalability.service.ts[0m:[93m256[0m:[93m73[0m - [91merror[0m[90m TS2322: [0mType 'string' is not assignable to type 'number'.

[7m256[0m     const rule = await this.prisma.automationRule.findUnique({ where: { id: dto.ruleId } });
[7m   [0m [91m                                                                        ~~[0m

  [96mnode_modules/.prisma/client/index.d.ts[0m:[93m364146[0m:[93m5[0m
    [7m364146[0m     id?: number
    [7m      [0m [96m    ~~[0m
    The expected type comes from property 'id' which is declared here on type 'AutomationRuleWhereUniqueInput'

[96msrc/scalability/scalability.service.ts[0m:[93m358[0m:[93m38[0m - [91merror[0m[90m TS2339: [0mProperty 'sendToUser' does not exist on type 'NotificationsService'.

[7m358[0m             await this.notifications.sendToUser(payload.userId, {
[7m   [0m [91m                                     ~~~~~~~~~~[0m

[96msrc/scalability/scalability.service.ts[0m:[93m388[0m:[93m85[0m - [91merror[0m[90m TS2322: [0mType 'string' is not assignable to type 'number'.

[7m388[0m     await this.audit.log({ entity: 'SlaConfig', entityId: sla.id, action: 'CREATE', userId: actorId, details: dto });
[7m   [0m [91m                                                                                    ~~~~~~[0m

  [96msrc/common/services/audit.service.ts[0m:[93m10[0m:[93m3[0m
    [7m10[0m   userId:      number;
    [7m  [0m [96m  ~~~~~~[0m
    The expected type comes from property 'userId' which is declared here on type 'AuditLogInput'

[96msrc/scalability/scalability.service.ts[0m:[93m396[0m:[93m49[0m - [91merror[0m[90m TS2322: [0mType 'string' is not assignable to type 'number'.

[7m396[0m     await this.audit.log({ entity: 'SlaConfig', entityId: id, action: 'UPDATE', userId: actorId, details: dto });
[7m   [0m [91m                                                ~~~~~~~~[0m

  [96msrc/common/services/audit.service.ts[0m:[93m9[0m:[93m3[0m
    [7m9[0m   entityId?:   number;
    [7m [0m [96m  ~~~~~~~~[0m
    The expected type comes from property 'entityId' which is declared here on type 'AuditLogInput'

[96msrc/scalability/scalability.service.ts[0m:[93m396[0m:[93m81[0m - [91merror[0m[90m TS2322: [0mType 'string' is not assignable to type 'number'.

[7m396[0m     await this.audit.log({ entity: 'SlaConfig', entityId: id, action: 'UPDATE', userId: actorId, details: dto });
[7m   [0m [91m                                                                                ~~~~~~[0m

  [96msrc/common/services/audit.service.ts[0m:[93m10[0m:[93m3[0m
    [7m10[0m   userId:      number;
    [7m  [0m [96m  ~~~~~~[0m
    The expected type comes from property 'userId' which is declared here on type 'AuditLogInput'

[96msrc/scalability/scalability.service.ts[0m:[93m423[0m:[93m100[0m - [91merror[0m[90m TS2322: [0mType 'string' is not assignable to type 'number'.

[7m423[0m     await this.audit.log({ entity: 'ContentDeliveryConfig', entityId: config.id, action: 'UPDATE', userId: actorId, details: dto });
[7m   [0m [91m                                                                                                   ~~~~~~[0m

  [96msrc/common/services/audit.service.ts[0m:[93m10[0m:[93m3[0m
    [7m10[0m   userId:      number;
    [7m  [0m [96m  ~~~~~~[0m
    The expected type comes from property 'userId' which is declared here on type 'AuditLogInput'

[96msrc/scalability/scalability.service.ts[0m:[93m672[0m:[93m7[0m - [91merror[0m[90m TS2322: [0mType 'string' is not assignable to type 'number'.

[7m672[0m       entityId: dto.tenantId,
[7m   [0m [91m      ~~~~~~~~[0m

  [96msrc/common/services/audit.service.ts[0m:[93m9[0m:[93m3[0m
    [7m9[0m   entityId?:   number;
    [7m [0m [96m  ~~~~~~~~[0m
    The expected type comes from property 'entityId' which is declared here on type 'AuditLogInput'

[96msrc/scalability/scalability.service.ts[0m:[93m674[0m:[93m7[0m - [91merror[0m[90m TS2322: [0mType 'string' is not assignable to type 'number'.

[7m674[0m       userId: actorId,
[7m   [0m [91m      ~~~~~~[0m

  [96msrc/common/services/audit.service.ts[0m:[93m10[0m:[93m3[0m
    [7m10[0m   userId:      number;
    [7m  [0m [96m  ~~~~~~[0m
    The expected type comes from property 'userId' which is declared here on type 'AuditLogInput'

[96msrc/scalability/scalability.service.ts[0m:[93m813[0m:[93m7[0m - [91merror[0m[90m TS2322: [0mType 'string' is not assignable to type 'number'.

[7m813[0m       entityId: dto.tenantId ?? 'global',
[7m   [0m [91m      ~~~~~~~~[0m

  [96msrc/common/services/audit.service.ts[0m:[93m9[0m:[93m3[0m
    [7m9[0m   entityId?:   number;
    [7m [0m [96m  ~~~~~~~~[0m
    The expected type comes from property 'entityId' which is declared here on type 'AuditLogInput'

[96msrc/scalability/scalability.service.ts[0m:[93m815[0m:[93m7[0m - [91merror[0m[90m TS2322: [0mType 'string' is not assignable to type 'number'.

[7m815[0m       userId: actorId,
[7m   [0m [91m      ~~~~~~[0m

  [96msrc/common/services/audit.service.ts[0m:[93m10[0m:[93m3[0m
    [7m10[0m   userId:      number;
    [7m  [0m [96m  ~~~~~~[0m
    The expected type comes from property 'userId' which is declared here on type 'AuditLogInput'

[96msrc/search/search.service.ts[0m:[93m198[0m:[93m71[0m - [91merror[0m[90m TS2353: [0mObject literal may only specify known properties, and 'thumbnailUrl' does not exist in type 'ContentAssetSelect<DefaultArgs>'.

[7m198[0m       select: { id: true, title: true, type: true, description: true, thumbnailUrl: true },
[7m   [0m [91m                                                                      ~~~~~~~~~~~~[0m

  [96mnode_modules/.prisma/client/index.d.ts[0m:[93m271915[0m:[93m5[0m
    [7m271915[0m     select?: ContentAssetSelect<ExtArgs> | null
    [7m      [0m [96m    ~~~~~~[0m
    The expected type comes from property 'select' which is declared here on type '{ select?: ContentAssetSelect<DefaultArgs>; omit?: ContentAssetOmit<DefaultArgs>; where?: ContentAssetWhereInput; ... 4 more ...; distinct?: ContentAssetScalarFieldEnum | ContentAssetScalarFieldEnum[]; }'

[96msrc/search/search.service.ts[0m:[93m204[0m:[93m25[0m - [91merror[0m[90m TS2339: [0mProperty 'thumbnailUrl' does not exist on type '{ type: string; description: string; title: string; id: number; active: boolean; createdAt: Date; url: string; version: number; }'.

[7m204[0m       { thumbnailUrl: c.thumbnailUrl, description: c.description },
[7m   [0m [91m                        ~~~~~~~~~~~~[0m

[96msrc/search/search.service.ts[0m:[93m231[0m:[93m39[0m - [91merror[0m[90m TS2353: [0mObject literal may only specify known properties, and 'type' does not exist in type 'CompetencySelect<DefaultArgs>'.

[7m231[0m       select: { id: true, name: true, type: true, description: true },
[7m   [0m [91m                                      ~~~~[0m

  [96mnode_modules/.prisma/client/index.d.ts[0m:[93m108741[0m:[93m5[0m
    [7m108741[0m     select?: CompetencySelect<ExtArgs> | null
    [7m      [0m [96m    ~~~~~~[0m
    The expected type comes from property 'select' which is declared here on type '{ select?: CompetencySelect<DefaultArgs>; omit?: CompetencyOmit<DefaultArgs>; include?: CompetencyInclude<DefaultArgs>; ... 5 more ...; distinct?: CompetencyScalarFieldEnum | CompetencyScalarFieldEnum[]; }'

[96msrc/search/search.service.ts[0m:[93m245[0m:[93m40[0m - [91merror[0m[90m TS2353: [0mObject literal may only specify known properties, and 'category' does not exist in type 'AvatarScenarioSelect<DefaultArgs>'.

[7m245[0m       select: { id: true, title: true, category: true, difficulty: true },
[7m   [0m [91m                                       ~~~~~~~~[0m

  [96mnode_modules/.prisma/client/index.d.ts[0m:[93m273020[0m:[93m5[0m
    [7m273020[0m     select?: AvatarScenarioSelect<ExtArgs> | null
    [7m      [0m [96m    ~~~~~~[0m
    The expected type comes from property 'select' which is declared here on type '{ select?: AvatarScenarioSelect<DefaultArgs>; omit?: AvatarScenarioOmit<DefaultArgs>; include?: AvatarScenarioInclude<DefaultArgs>; ... 5 more ...; distinct?: AvatarScenarioScalarFieldEnum | AvatarScenarioScalarFieldEnum[]; }'

[96msrc/search/search.service.ts[0m:[93m295[0m:[93m36[0m - [91merror[0m[90m TS2353: [0mObject literal may only specify known properties, and 'active' does not exist in type 'CourseWhereInput'.

[7m295[0m         where:  { title: iLike(q), active: true },
[7m   [0m [91m                                   ~~~~~~[0m

  [96mnode_modules/.prisma/client/index.d.ts[0m:[93m81668[0m:[93m5[0m
    [7m81668[0m     where?: CourseWhereInput
    [7m     [0m [96m    ~~~~~[0m
    The expected type comes from property 'where' which is declared here on type '{ select?: CourseSelect<DefaultArgs>; omit?: CourseOmit<DefaultArgs>; include?: CourseInclude<DefaultArgs>; ... 5 more ...; distinct?: CourseScalarFieldEnum | CourseScalarFieldEnum[]; }'

[96msrc/search/search.service.ts[0m:[93m349[0m:[93m17[0m - [91merror[0m[90m TS2353: [0mObject literal may only specify known properties, and 'active' does not exist in type 'CourseWhereInput'.

[7m349[0m       where:  { active: true, id: { notIn: enrolled } },
[7m   [0m [91m                ~~~~~~[0m

  [96mnode_modules/.prisma/client/index.d.ts[0m:[93m81668[0m:[93m5[0m
    [7m81668[0m     where?: CourseWhereInput
    [7m     [0m [96m    ~~~~~[0m
    The expected type comes from property 'where' which is declared here on type '{ select?: CourseSelect<DefaultArgs>; omit?: CourseOmit<DefaultArgs>; include?: CourseInclude<DefaultArgs>; ... 5 more ...; distinct?: CourseScalarFieldEnum | CourseScalarFieldEnum[]; }'

[96msrc/search/search.service.ts[0m:[93m358[0m:[93m18[0m - [91merror[0m[90m TS2353: [0mObject literal may only specify known properties, and 'viewCount' does not exist in type 'ContentAssetOrderByWithRelationInput | ContentAssetOrderByWithRelationInput[]'.

[7m358[0m       orderBy: { viewCount: 'desc' },
[7m   [0m [91m                 ~~~~~~~~~[0m

  [96mnode_modules/.prisma/client/index.d.ts[0m:[93m271929[0m:[93m5[0m
    [7m271929[0m     orderBy?: ContentAssetOrderByWithRelationInput | ContentAssetOrderByWithRelationInput[]
    [7m      [0m [96m    ~~~~~~~[0m
    The expected type comes from property 'orderBy' which is declared here on type '{ select?: ContentAssetSelect<DefaultArgs>; omit?: ContentAssetOmit<DefaultArgs>; where?: ContentAssetWhereInput; ... 4 more ...; distinct?: ContentAssetScalarFieldEnum | ContentAssetScalarFieldEnum[]; }'

[96msrc/succession/succession.service.ts[0m:[93m230[0m:[93m7[0m - [91merror[0m[90m TS2322: [0mType '{ criticalPositionId: number; candidateId: number; readinessLevel: ReadinessLevel; priority: SuccessorPriority; matchScore: number; geographicMobility: boolean; available: boolean; notes: string; readinessByDate: Date; }' is not assignable to type '(Without<SuccessionPlanCreateInput, SuccessionPlanUncheckedCreateInput> & SuccessionPlanUncheckedCreateInput) | (Without<...> & SuccessionPlanCreateInput)'.
  Type '{ criticalPositionId: number; candidateId: number; readinessLevel: ReadinessLevel; priority: SuccessorPriority; matchScore: number; geographicMobility: boolean; available: boolean; notes: string; readinessByDate: Date; }' is not assignable to type 'Without<SuccessionPlanUncheckedCreateInput, SuccessionPlanCreateInput> & SuccessionPlanCreateInput'.
    Type '{ criticalPositionId: number; candidateId: number; readinessLevel: ReadinessLevel; priority: SuccessorPriority; matchScore: number; geographicMobility: boolean; available: boolean; notes: string; readinessByDate: Date; }' is not assignable to type 'Without<SuccessionPlanUncheckedCreateInput, SuccessionPlanCreateInput>'.
      Types of property 'criticalPositionId' are incompatible.
        Type 'number' is not assignable to type 'never'.

[7m230[0m       data: {
[7m   [0m [91m      ~~~~[0m

  [96mnode_modules/.prisma/client/index.d.ts[0m:[93m68055[0m:[93m5[0m
    [7m68055[0m     data: XOR<SuccessionPlanCreateInput, SuccessionPlanUncheckedCreateInput>
    [7m     [0m [96m    ~~~~[0m
    The expected type comes from property 'data' which is declared here on type '{ select?: SuccessionPlanSelect<DefaultArgs>; omit?: SuccessionPlanOmit<DefaultArgs>; include?: SuccessionPlanInclude<DefaultArgs>; data: (Without<...> & SuccessionPlanUncheckedCreateInput) | (Without<...> & SuccessionPlanCreateInput); }'

[96msrc/succession/succession.service.ts[0m:[93m323[0m:[93m43[0m - [91merror[0m[90m TS2363: [0mThe right-hand side of an arithmetic operation must be of type 'any', 'number', 'bigint' or an enum type.

[7m323[0m         gap:           rc.requiredLevel - (userCompMap.get(rc.competencyId) ?? 0),
[7m   [0m [91m                                          ~~~~~~~~~~~~~~~~~~~~~~~~~~~~~~~~~~~~~~~[0m

[96msrc/succession/succession.service.ts[0m:[93m483[0m:[93m13[0m - [91merror[0m[90m TS2561: [0mObject literal may only specify known properties, but 'department' does not exist in type 'PositionSelect<DefaultArgs>'. Did you mean to write 'departmentId'?

[7m483[0m             department: { select: { id: true, name: true } },
[7m   [0m [91m            ~~~~~~~~~~[0m

[96msrc/succession/succession.service.ts[0m:[93m501[0m:[93m25[0m - [91merror[0m[90m TS2551: [0mProperty 'position' does not exist on type '{ positionId: number; id: number; createdAt: Date; updatedAt: Date; businessImpact: string; replacementTime: string; exitRisk: string; expectedExitDate: Date; criticalReason: string; keyPersonRisk: boolean; minSuccessorsRequired: number; requiresDocumentation: boolean; }'. Did you mean 'positionId'?

[7m501[0m       position:      cp.position,
[7m   [0m [91m                        ~~~~~~~~[0m

[96msrc/succession/succession.service.ts[0m:[93m506[0m:[93m49[0m - [91merror[0m[90m TS2339: [0mProperty '_count' does not exist on type '{ positionId: number; id: number; createdAt: Date; updatedAt: Date; businessImpact: string; replacementTime: string; exitRisk: string; expectedExitDate: Date; criticalReason: string; keyPersonRisk: boolean; minSuccessorsRequired: number; requiresDocumentation: boolean; }'.

[7m506[0m       coverageStatus:this.calcCoverageStatus(cp._count.successionPlans, cp.minSuccessorsRequired ?? 2),
[7m   [0m [91m                                                ~~~~~~[0m

[96msrc/succession/succession.service.ts[0m:[93m507[0m:[93m25[0m - [91merror[0m[90m TS2339: [0mProperty 'successionPlans' does not exist on type '{ positionId: number; id: number; createdAt: Date; updatedAt: Date; businessImpact: string; replacementTime: string; exitRisk: string; expectedExitDate: Date; criticalReason: string; keyPersonRisk: boolean; minSuccessorsRequired: number; requiresDocumentation: boolean; }'.

[7m507[0m       successors:    cp.successionPlans.map(sp => ({
[7m   [0m [91m                        ~~~~~~~~~~~~~~~[0m

[96msrc/talent-development/talent-development.service.ts[0m:[93m234[0m:[93m20[0m - [91merror[0m[90m TS2339: [0mProperty 'readiness' does not exist on type '{ position: { level: string; id: number; name: string; }; candidate: { department: { id: number; name: string; }; position: { id: number; name: string; }; fullName: string; id: number; avatarUrl: string; userCompetencies: { ...; }[]; nineBoxPlacements: { ...; }[]; }; } & { ...; }'.

[7m234[0m       readiness: p.readiness,
[7m   [0m [91m                   ~~~~~~~~~[0m

[96msrc/talent-development/talent-development.service.ts[0m:[93m662[0m:[93m11[0m - [91merror[0m[90m TS2353: [0mObject literal may only specify known properties, and 'actionId' does not exist in type '(Without<PdiEvidenceCreateInput, PdiEvidenceUncheckedCreateInput> & PdiEvidenceUncheckedCreateInput) | (Without<...> & PdiEvidenceCreateInput)'.

[7m662[0m           actionId,
[7m   [0m [91m          ~~~~~~~~[0m

  [96mnode_modules/.prisma/client/index.d.ts[0m:[93m75558[0m:[93m5[0m
    [7m75558[0m     data: XOR<PdiEvidenceCreateInput, PdiEvidenceUncheckedCreateInput>
    [7m     [0m [96m    ~~~~[0m
    The expected type comes from property 'data' which is declared here on type '{ select?: PdiEvidenceSelect<DefaultArgs>; omit?: PdiEvidenceOmit<DefaultArgs>; include?: PdiEvidenceInclude<DefaultArgs>; data: (Without<...> & PdiEvidenceUncheckedCreateInput) | (Without<...> & PdiEvidenceCreateInput); }'

[96msrc/talent-development/talent-development.service.ts[0m:[93m1264[0m:[93m18[0m - [91merror[0m[90m TS2353: [0mObject literal may only specify known properties, and '_count' does not exist in type 'CourseOrderByWithRelationInput | CourseOrderByWithRelationInput[]'.

[7m1264[0m       orderBy: { _count: { enrollments: 'desc' } },
[7m    [0m [91m                 ~~~~~~[0m

  [96mnode_modules/.prisma/client/index.d.ts[0m:[93m81674[0m:[93m5[0m
    [7m81674[0m     orderBy?: CourseOrderByWithRelationInput | CourseOrderByWithRelationInput[]
    [7m     [0m [96m    ~~~~~~~[0m
    The expected type comes from property 'orderBy' which is declared here on type '{ select?: CourseSelect<DefaultArgs>; omit?: CourseOmit<DefaultArgs>; include?: CourseInclude<DefaultArgs>; ... 5 more ...; distinct?: CourseScalarFieldEnum | CourseScalarFieldEnum[]; }'

[96msrc/trainings/trainings.service.ts[0m:[93m234[0m:[93m9[0m - [91merror[0m[90m TS2322: [0mType '{}' is not assignable to type 'string'.

[7m234[0m         metadata: {},
[7m   [0m [91m        ~~~~~~~~[0m

  [96mnode_modules/.prisma/client/index.d.ts[0m:[93m387079[0m:[93m5[0m
    [7m387079[0m     metadata?: string | null
    [7m      [0m [96m    ~~~~~~~~[0m
    The expected type comes from property 'metadata' which is declared here on type '(Without<NotificationLogCreateInput, NotificationLogUncheckedCreateInput> & NotificationLogUncheckedCreateInput) | (Without<...> & NotificationLogCreateInput)'

[96msrc/trainings/trainings.service.ts[0m:[93m266[0m:[93m11[0m - [91merror[0m[90m TS2322: [0mType '{}' is not assignable to type 'string'.

[7m266[0m           metadata: {},
[7m   [0m [91m          ~~~~~~~~[0m

  [96mnode_modules/.prisma/client/index.d.ts[0m:[93m387079[0m:[93m5[0m
    [7m387079[0m     metadata?: string | null
    [7m      [0m [96m    ~~~~~~~~[0m
    The expected type comes from property 'metadata' which is declared here on type '(Without<NotificationLogCreateInput, NotificationLogUncheckedCreateInput> & NotificationLogUncheckedCreateInput) | (Without<...> & NotificationLogCreateInput)'

[96msrc/trainings/trainings.service.ts[0m:[93m344[0m:[93m9[0m - [91merror[0m[90m TS2322: [0mType '{}' is not assignable to type 'string'.

[7m344[0m         metadata: {},
[7m   [0m [91m        ~~~~~~~~[0m

  [96mnode_modules/.prisma/client/index.d.ts[0m:[93m387079[0m:[93m5[0m
    [7m387079[0m     metadata?: string | null
    [7m      [0m [96m    ~~~~~~~~[0m
    The expected type comes from property 'metadata' which is declared here on type '(Without<NotificationLogCreateInput, NotificationLogUncheckedCreateInput> & NotificationLogUncheckedCreateInput) | (Without<...> & NotificationLogCreateInput)'

[96msrc/trainings/trainings.service.ts[0m:[93m369[0m:[93m9[0m - [91merror[0m[90m TS2322: [0mType '{}' is not assignable to type 'string'.

[7m369[0m         metadata: {},
[7m   [0m [91m        ~~~~~~~~[0m

  [96mnode_modules/.prisma/client/index.d.ts[0m:[93m387079[0m:[93m5[0m
    [7m387079[0m     metadata?: string | null
    [7m      [0m [96m    ~~~~~~~~[0m
    The expected type comes from property 'metadata' which is declared here on type '(Without<NotificationLogCreateInput, NotificationLogUncheckedCreateInput> & NotificationLogUncheckedCreateInput) | (Without<...> & NotificationLogCreateInput)'

[96msrc/work-declaration/work-declaration.controller.ts[0m:[93m34[0m:[93m3[0m - [91merror[0m[90m TS2724: [0m'"./work-declaration.dto"' has no exported member named 'CreateWorkDeclarationDto'. Did you mean 'CreateDeclarationDto'?

[7m34[0m   CreateWorkDeclarationDto,
[7m  [0m [91m  ~~~~~~~~~~~~~~~~~~~~~~~~[0m

  [96msrc/work-declaration/work-declaration.dto.ts[0m:[93m178[0m:[93m14[0m
    [7m178[0m export class CreateDeclarationDto {
    [7m   [0m [96m             ~~~~~~~~~~~~~~~~~~~~[0m
    'CreateDeclarationDto' is declared here.

[96msrc/work-declaration/work-declaration.controller.ts[0m:[93m35[0m:[93m3[0m - [91merror[0m[90m TS2724: [0m'"./work-declaration.dto"' has no exported member named 'UpdateWorkDeclarationDto'. Did you mean 'UpdateDeclarationDto'?

[7m35[0m   UpdateWorkDeclarationDto,
[7m  [0m [91m  ~~~~~~~~~~~~~~~~~~~~~~~~[0m

  [96msrc/work-declaration/work-declaration.dto.ts[0m:[93m213[0m:[93m14[0m
    [7m213[0m export class UpdateDeclarationDto {
    [7m   [0m [96m             ~~~~~~~~~~~~~~~~~~~~[0m
    'UpdateDeclarationDto' is declared here.

[96msrc/work-declaration/work-declaration.controller.ts[0m:[93m39[0m:[93m3[0m - [91merror[0m[90m TS2305: [0mModule '"./work-declaration.dto"' has no exported member 'CreateTemplateDto'.

[7m39[0m   CreateTemplateDto,
[7m  [0m [91m  ~~~~~~~~~~~~~~~~~[0m

[96msrc/work-declaration/work-declaration.controller.ts[0m:[93m40[0m:[93m3[0m - [91merror[0m[90m TS2305: [0mModule '"./work-declaration.dto"' has no exported member 'UpdateTemplateDto'.

[7m40[0m   UpdateTemplateDto,
[7m  [0m [91m  ~~~~~~~~~~~~~~~~~[0m

[96msrc/work-declaration/work-declaration.controller.ts[0m:[93m41[0m:[93m3[0m - [91merror[0m[90m TS2724: [0m'"./work-declaration.dto"' has no exported member named 'RevokeDeclarationDto'. Did you mean 'CreateDeclarationDto'?

[7m41[0m   RevokeDeclarationDto,
[7m  [0m [91m  ~~~~~~~~~~~~~~~~~~~~[0m

  [96msrc/work-declaration/work-declaration.dto.ts[0m:[93m178[0m:[93m14[0m
    [7m178[0m export class CreateDeclarationDto {
    [7m   [0m [96m             ~~~~~~~~~~~~~~~~~~~~[0m
    'CreateDeclarationDto' is declared here.

[96msrc/work-declaration/work-declaration.controller.ts[0m:[93m71[0m:[93m82[0m - [91merror[0m[90m TS2345: [0mArgument of type 'number' is not assignable to parameter of type 'string'.

[7m71[0m     return this.workDeclarationService.createDeclaration((user as any).tenantId, user.id, dto);
[7m  [0m [91m                                                                                 ~~~~~~~[0m

[96msrc/work-declaration/work-declaration.controller.ts[0m:[93m85[0m:[93m81[0m - [91merror[0m[90m TS2345: [0mArgument of type 'number' is not assignable to parameter of type 'string'.

[7m85[0m     return this.workDeclarationService.listDeclarations((user as any).tenantId, user.id, user.role, filters);
[7m  [0m [91m                                                                                ~~~~~~~[0m

[96msrc/work-declaration/work-declaration.controller.ts[0m:[93m85[0m:[93m95[0m - [91merror[0m[90m TS2339: [0mProperty 'role' does not exist on type 'IAuthUser'.

[7m85[0m     return this.workDeclarationService.listDeclarations((user as any).tenantId, user.id, user.role, filters);
[7m  [0m [91m                                                                                              ~~~~[0m

[96msrc/work-declaration/work-declaration.controller.ts[0m:[93m102[0m:[93m79[0m - [91merror[0m[90m TS2345: [0mArgument of type 'number' is not assignable to parameter of type 'string'.

[7m102[0m     return this.workDeclarationService.getDeclaration((user as any).tenantId, user.id, user.role, id);
[7m   [0m [91m                                                                              ~~~~~~~[0m

[96msrc/work-declaration/work-declaration.controller.ts[0m:[93m102[0m:[93m93[0m - [91merror[0m[90m TS2339: [0mProperty 'role' does not exist on type 'IAuthUser'.

[7m102[0m     return this.workDeclarationService.getDeclaration((user as any).tenantId, user.id, user.role, id);
[7m   [0m [91m                                                                                            ~~~~[0m

[96msrc/work-declaration/work-declaration.controller.ts[0m:[93m113[0m:[93m82[0m - [91merror[0m[90m TS2345: [0mArgument of type 'number' is not assignable to parameter of type 'string'.

[7m113[0m     return this.workDeclarationService.updateDeclaration((user as any).tenantId, user.id, id, dto);
[7m   [0m [91m                                                                                 ~~~~~~~[0m

[96msrc/work-declaration/work-declaration.controller.ts[0m:[93m124[0m:[93m77[0m - [91merror[0m[90m TS2345: [0mArgument of type 'number' is not assignable to parameter of type 'string'.

[7m124[0m     return this.workDeclarationService.changeStatus((user as any).tenantId, user.id, id, { status: 'REVOKED' } as any);
[7m   [0m [91m                                                                            ~~~~~~~[0m

[96msrc/work-declaration/work-declaration.controller.ts[0m:[93m139[0m:[93m83[0m - [91merror[0m[90m TS2345: [0mArgument of type 'number' is not assignable to parameter of type 'string'.

[7m139[0m     return this.workDeclarationService.requestDeclaration((user as any).tenantId, user.id, dto);
[7m   [0m [91m                                                                                  ~~~~~~~[0m

[96msrc/work-declaration/work-declaration.controller.ts[0m:[93m146[0m:[93m81[0m - [91merror[0m[90m TS2345: [0mArgument of type 'number' is not assignable to parameter of type 'string'.

[7m146[0m     return this.workDeclarationService.listDeclarations((user as any).tenantId, user.id, 'EMPLOYEE', {} as any);
[7m   [0m [91m                                                                                ~~~~~~~[0m

[96msrc/work-declaration/work-declaration.controller.ts[0m:[93m160[0m:[93m77[0m - [91merror[0m[90m TS2345: [0mArgument of type 'number' is not assignable to parameter of type 'string'.

[7m160[0m     return this.workDeclarationService.changeStatus((user as any).tenantId, user.id, id, { status: 'ISSUED' } as any);
[7m   [0m [91m                                                                            ~~~~~~~[0m

[96msrc/work-declaration/work-declaration.controller.ts[0m:[93m174[0m:[93m80[0m - [91merror[0m[90m TS2345: [0mArgument of type 'number' is not assignable to parameter of type 'string'.

[7m174[0m     return this.workDeclarationService.signDeclaration((user as any).tenantId, user.id, id, dto);
[7m   [0m [91m                                                                               ~~~~~~~[0m

[96msrc/work-declaration/work-declaration.controller.ts[0m:[93m185[0m:[93m77[0m - [91merror[0m[90m TS2345: [0mArgument of type 'number' is not assignable to parameter of type 'string'.

[7m185[0m     return this.workDeclarationService.changeStatus((user as any).tenantId, user.id, id, { status: 'REVOKED', ...dto } as any);
[7m   [0m [91m                                                                            ~~~~~~~[0m

[96msrc/work-declaration/work-declaration.controller.ts[0m:[93m200[0m:[93m96[0m - [91merror[0m[90m TS2345: [0mArgument of type 'number' is not assignable to parameter of type 'string'.

[7m200[0m     const result = await this.workDeclarationService.exportDeclaration((user as any).tenantId, user.id, id, { ...dto, format: 'PDF' } as any);
[7m   [0m [91m                                                                                               ~~~~~~~[0m

[96msrc/work-declaration/work-declaration.controller.ts[0m:[93m202[0m:[93m1[0m - [91merror[0m[90m TS2740: [0mType '{ url: any; }' is missing the following properties from type 'StreamableFile': options, stream, logger, handleError, and 7 more.

[7m202[0m return result;
[7m   [0m [91m~~~~~~[0m

[96msrc/work-declaration/work-declaration.controller.ts[0m:[93m212[0m:[93m96[0m - [91merror[0m[90m TS2345: [0mArgument of type 'number' is not assignable to parameter of type 'string'.

[7m212[0m     const result = await this.workDeclarationService.exportDeclaration((user as any).tenantId, user.id, id, { format: 'DOCX' } as any);
[7m   [0m [91m                                                                                               ~~~~~~~[0m

[96msrc/work-declaration/work-declaration.controller.ts[0m:[93m214[0m:[93m1[0m - [91merror[0m[90m TS2740: [0mType '{ url: any; }' is missing the following properties from type 'StreamableFile': options, stream, logger, handleError, and 7 more.

[7m214[0m return result;
[7m   [0m [91m~~~~~~[0m

[96msrc/work-declaration/work-declaration.controller.ts[0m:[93m226[0m:[93m80[0m - [91merror[0m[90m TS2345: [0mArgument of type 'number' is not assignable to parameter of type 'string'.

[7m226[0m     return this.workDeclarationService.sendDeclaration((user as any).tenantId, user.id, id, { recipientEmails: [recipientEmail], generateSecureLink: false } as any);
[7m   [0m [91m                                                                               ~~~~~~~[0m

[96msrc/work-declaration/work-declaration.controller.ts[0m:[93m246[0m:[93m58[0m - [91merror[0m[90m TS2345: [0mArgument of type 'string' is not assignable to parameter of type 'VerifyDeclarationDto'.

[7m246[0m     return this.workDeclarationService.verifyDeclaration(code);
[7m   [0m [91m                                                         ~~~~[0m

[96msrc/work-declaration/work-declaration.controller.ts[0m:[93m280[0m:[93m79[0m - [91merror[0m[90m TS2345: [0mArgument of type 'number' is not assignable to parameter of type 'string'.

[7m280[0m     return this.workDeclarationService.createTemplate((user as any).tenantId, user.id, dto);
[7m   [0m [91m                                                                              ~~~~~~~[0m

[96msrc/work-declaration/work-declaration.controller.ts[0m:[93m291[0m:[93m79[0m - [91merror[0m[90m TS2345: [0mArgument of type 'number' is not assignable to parameter of type 'string'.

[7m291[0m     return this.workDeclarationService.updateTemplate((user as any).tenantId, user.id, id, dto);
[7m   [0m [91m                                                                              ~~~~~~~[0m

[96msrc/work-declaration/work-declaration.service.ts[0m:[93m60[0m:[93m9[0m - [91merror[0m[90m TS2322: [0mType 'string' is not assignable to type 'number'.

[7m60[0m         createdById: userId,
[7m  [0m [91m        ~~~~~~~~~~~[0m

  [96mnode_modules/.prisma/client/index.d.ts[0m:[93m395374[0m:[93m5[0m
    [7m395374[0m     createdById: number
    [7m      [0m [96m    ~~~~~~~~~~~[0m
    The expected type comes from property 'createdById' which is declared here on type '(Without<DeclarationTemplateCreateInput, DeclarationTemplateUncheckedCreateInput> & DeclarationTemplateUncheckedCreateInput) | (Without<...> & DeclarationTemplateCreateInput)'

[96msrc/work-declaration/work-declaration.service.ts[0m:[93m75[0m:[93m73[0m - [91merror[0m[90m TS2322: [0mType 'string' is not assignable to type 'number | IntFilter<"DeclarationTemplate">'.

[7m75[0m         where: { tenantId, type: template.type, isDefault: true, NOT: { id: templateId } },
[7m  [0m [91m                                                                        ~~[0m

[96msrc/work-declaration/work-declaration.service.ts[0m:[93m81[0m:[93m16[0m - [91merror[0m[90m TS2322: [0mType 'string' is not assignable to type 'number'.

[7m81[0m       where: { id: templateId },
[7m  [0m [91m               ~~[0m

  [96mnode_modules/.prisma/client/index.d.ts[0m:[93m371387[0m:[93m5[0m
    [7m371387[0m     id?: number
    [7m      [0m [96m    ~~[0m
    The expected type comes from property 'id' which is declared here on type 'DeclarationTemplateWhereUniqueInput'

[96msrc/work-declaration/work-declaration.service.ts[0m:[93m82[0m:[93m23[0m - [91merror[0m[90m TS2322: [0mType 'string' is not assignable to type 'number | NullableIntFieldUpdateOperationsInput'.

[7m82[0m       data: { ...dto, updatedById: userId, version: { increment: 1 } },
[7m  [0m [91m                      ~~~~~~~~~~~[0m

  [96mnode_modules/.prisma/client/index.d.ts[0m:[93m395436[0m:[93m5[0m
    [7m395436[0m     updatedById?: NullableIntFieldUpdateOperationsInput | number | null
    [7m      [0m [96m    ~~~~~~~~~~~[0m
    The expected type comes from property 'updatedById' which is declared here on type '(Without<DeclarationTemplateUpdateInput, DeclarationTemplateUncheckedUpdateInput> & DeclarationTemplateUncheckedUpdateInput) | (Without<...> & DeclarationTemplateUpdateInput)'

[96msrc/work-declaration/work-declaration.service.ts[0m:[93m133[0m:[93m18[0m - [91merror[0m[90m TS2322: [0mType 'string' is not assignable to type 'number'.

[7m133[0m         where: { id: templateId },
[7m   [0m [91m                 ~~[0m

  [96mnode_modules/.prisma/client/index.d.ts[0m:[93m371387[0m:[93m5[0m
    [7m371387[0m     id?: number
    [7m      [0m [96m    ~~[0m
    The expected type comes from property 'id' which is declared here on type 'DeclarationTemplateWhereUniqueInput'

[96msrc/work-declaration/work-declaration.service.ts[0m:[93m137[0m:[93m62[0m - [91merror[0m[90m TS2322: [0mType 'string' is not assignable to type 'number'.

[7m137[0m     return this.prisma.declarationTemplate.delete({ where: { id: templateId } });
[7m   [0m [91m                                                             ~~[0m

  [96mnode_modules/.prisma/client/index.d.ts[0m:[93m371387[0m:[93m5[0m
    [7m371387[0m     id?: number
    [7m      [0m [96m    ~~[0m
    The expected type comes from property 'id' which is declared here on type 'DeclarationTemplateWhereUniqueInput'

[96msrc/work-declaration/work-declaration.service.ts[0m:[93m480[0m:[93m8[0m - [91merror[0m[90m TS2339: [0mProperty 'logger' does not exist on type 'WorkDeclarationService'.

[7m480[0m   this.logger?.log?.(`Declaração a enviar para ${email}`);
[7m   [0m [91m       ~~~~~~[0m

[96msrc/work-declaration/work-declaration.service.ts[0m:[93m614[0m:[93m16[0m - [91merror[0m[90m TS2322: [0mType 'string' is not assignable to type 'number | IntFilter<"DeclarationTemplate">'.

[7m614[0m       where: { id: templateId, tenantId },
[7m   [0m [91m               ~~[0m

  [96mnode_modules/.prisma/client/index.d.ts[0m:[93m371317[0m:[93m5[0m
    [7m371317[0m     id?: IntFilter<"DeclarationTemplate"> | number
    [7m      [0m [96m    ~~[0m
    The expected type comes from property 'id' which is declared here on type 'DeclarationTemplateWhereInput'

[96msrc/work-declaration/work-declaration.service.ts[0m:[93m673[0m:[93m14[0m - [91merror[0m[90m TS2322: [0mType 'string' is not assignable to type 'number | IntFilter<"User">'.

[7m673[0m     where: { id: employeeId },
[7m   [0m [91m             ~~[0m

  [96mnode_modules/.prisma/client/index.d.ts[0m:[93m349301[0m:[93m5[0m
    [7m349301[0m     id?: IntFilter<"User"> | number
    [7m      [0m [96m    ~~[0m
    The expected type comes from property 'id' which is declared here on type 'UserWhereInput'

[[90m00:06:38[0m] Found 313 errors. Watching for file changes.

